MPLINK 5.08, LINKER
Linker Map File - Created Tue Jan 19 14:49:37 2016

                                 Section Info
                  Section       Type    Address   Location Size(Bytes)
                ---------  ---------  ---------  ---------  ---------
                   .org_0       code   0x000000    program   0x0000fe
                   .cinit    romdata   0x00007f    program   0x000004
.config_2007_BUILD/DEFAULT/PRODUCTION/MAIN.O       code   0x002007    program   0x000002



                              Program Memory Usage 
                               Start         End      
                           ---------   ---------      
                            0x000000    0x000080      
                            0x002007    0x002007      
            130 out of 8454 program addresses used, program memory utilization is 1%



                              Symbols - Sorted by Name
                     Name    Address   Location    Storage File                     
                ---------  ---------  ---------  --------- ---------                
             _.org_0_007B   0x00007b    program     static C:\Users\OWNER\Desktop\PICprojects\main.asm
             _.org_0_007D   0x00007d    program     static C:\Users\OWNER\Desktop\PICprojects\main.asm
                    begin   0x000012    program     static C:\Users\OWNER\Desktop\PICprojects\main.asm
                    delay   0x000078    program     static C:\Users\OWNER\Desktop\PICprojects\main.asm



                              Symbols - Sorted by Address
                     Name    Address   Location    Storage File                     
                ---------  ---------  ---------  --------- ---------                
                    begin   0x000012    program     static C:\Users\OWNER\Desktop\PICprojects\main.asm
                    delay   0x000078    program     static C:\Users\OWNER\Desktop\PICprojects\main.asm
             _.org_0_007B   0x00007b    program     static C:\Users\OWNER\Desktop\PICprojects\main.asm
             _.org_0_007D   0x00007d    program     static C:\Users\OWNER\Desktop\PICprojects\main.asm


