MPLINK 5.08, LINKER
Linker Map File - Created Fri Mar 18 15:07:16 2016

                                 Section Info
                  Section       Type    Address   Location Size(Bytes)
                ---------  ---------  ---------  ---------  ---------
                   .org_0       code   0x000000    program   0x000040
                   .cinit    romdata   0x000020    program   0x000004
.config_2007_BUILD/DEFAULT/PRODUCTION/MAIN.O       code   0x002007    program   0x000002



                              Program Memory Usage 
                               Start         End      
                           ---------   ---------      
                            0x000000    0x000021      
                            0x002007    0x002007      
            35 out of 8454 program addresses used, program memory utilization is 0%



                              Symbols - Sorted by Name
                     Name    Address   Location    Storage File                     
                ---------  ---------  ---------  --------- ---------                
                Init_TMR0   0x000018    program     static C:\Users\OWNER\Desktop\PIC Assembly projects\ShaftIR\main.asm
              Poll_Timer1   0x000010    program     static C:\Users\OWNER\Desktop\PIC Assembly projects\ShaftIR\main.asm
                     STOP   0x000017    program     static C:\Users\OWNER\Desktop\PIC Assembly projects\ShaftIR\main.asm
                  Set_LED   0x000015    program     static C:\Users\OWNER\Desktop\PIC Assembly projects\ShaftIR\main.asm
                 init_PIN   0x000001    program     static C:\Users\OWNER\Desktop\PIC Assembly projects\ShaftIR\main.asm



                              Symbols - Sorted by Address
                     Name    Address   Location    Storage File                     
                ---------  ---------  ---------  --------- ---------                
                 init_PIN   0x000001    program     static C:\Users\OWNER\Desktop\PIC Assembly projects\ShaftIR\main.asm
              Poll_Timer1   0x000010    program     static C:\Users\OWNER\Desktop\PIC Assembly projects\ShaftIR\main.asm
                  Set_LED   0x000015    program     static C:\Users\OWNER\Desktop\PIC Assembly projects\ShaftIR\main.asm
                     STOP   0x000017    program     static C:\Users\OWNER\Desktop\PIC Assembly projects\ShaftIR\main.asm
                Init_TMR0   0x000018    program     static C:\Users\OWNER\Desktop\PIC Assembly projects\ShaftIR\main.asm


