MPLINK 5.08, LINKER
Linker Map File - Created Sun Feb 21 00:03:56 2016

                                 Section Info
                  Section       Type    Address   Location Size(Bytes)
                ---------  ---------  ---------  ---------  ---------
                    RESET       code   0x000000    program   0x000002
                   .cinit    romdata   0x000001    program   0x000004
                   .org_0       code   0x000100    program   0x0001ce
                    .code       code   0x0001e7    program   0x000290
                    dbgP0       code   0x001f00    program   0x000200
.config_2007_BUILD/DEFAULT/DEBUG/MAIN.O       code   0x002007    program   0x000002
                    dbgD0      udata   0x000070       data   0x000001
               .udata_shr      udata   0x000071       data   0x000008
                    dbgD1      udata   0x0000f0       data   0x000001
                    dbgD2      udata   0x000170       data   0x000001
                    dbgD3      udata   0x0001e5       data   0x00000b
                    dbgD4      udata   0x0001f0       data   0x000001



                              Program Memory Usage 
                               Start         End      
                           ---------   ---------      
                            0x000000    0x000002      
                            0x000100    0x00032e      
                            0x001f00    0x001fff      
                            0x002007    0x002007      
            819 out of 8454 program addresses used, program memory utilization is 9%



                              Symbols - Sorted by Name
                     Name    Address   Location    Storage File                     
                ---------  ---------  ---------  --------- ---------                
                   ClrLCD   0x000303    program     extern C:\Users\OWNER\Desktop\PIC Assembly projects\RTCmine\lcd.asm
                  InitLCD   0x0002e5    program     extern C:\Users\OWNER\Desktop\PIC Assembly projects\RTCmine\lcd.asm
                 LLD_LOOP   0x000328    program     static C:\Users\OWNER\Desktop\PIC Assembly projects\RTCmine\lcd.asm
                     OneS   0x0001d7    program     static C:\Users\OWNER\Desktop\PIC Assembly projects\RTCmine\main.asm
                   RD_END   0x00027d    program     static C:\Users\OWNER\Desktop\PIC Assembly projects\RTCmine\i2c_common.asm
                   RD_ERR   0x00027c    program     static C:\Users\OWNER\Desktop\PIC Assembly projects\RTCmine\i2c_common.asm
                    R_END   0x0002df    program     static C:\Users\OWNER\Desktop\PIC Assembly projects\RTCmine\i2c_common.asm
                  WR_DATA   0x000315    program     extern C:\Users\OWNER\Desktop\PIC Assembly projects\RTCmine\lcd.asm
                   WR_END   0x00022e    program     static C:\Users\OWNER\Desktop\PIC Assembly projects\RTCmine\i2c_common.asm
                   WR_ERR   0x00022d    program     static C:\Users\OWNER\Desktop\PIC Assembly projects\RTCmine\i2c_common.asm
                   WR_INS   0x000306    program     extern C:\Users\OWNER\Desktop\PIC Assembly projects\RTCmine\lcd.asm
                    W_END   0x0002b5    program     static C:\Users\OWNER\Desktop\PIC Assembly projects\RTCmine\i2c_common.asm
              _.code_0010   0x0001f7    program     static C:\Users\OWNER\Desktop\PIC Assembly projects\RTCmine\i2c_common.asm
              _.code_0016   0x0001fd    program     static C:\Users\OWNER\Desktop\PIC Assembly projects\RTCmine\i2c_common.asm
              _.code_001E   0x000205    program     static C:\Users\OWNER\Desktop\PIC Assembly projects\RTCmine\i2c_common.asm
              _.code_002E   0x000215    program     static C:\Users\OWNER\Desktop\PIC Assembly projects\RTCmine\i2c_common.asm
              _.code_003E   0x000225    program     static C:\Users\OWNER\Desktop\PIC Assembly projects\RTCmine\i2c_common.asm
              _.code_0046   0x00032b    program     static C:\Users\OWNER\Desktop\PIC Assembly projects\RTCmine\lcd.asm
              _.code_004B   0x000232    program     static C:\Users\OWNER\Desktop\PIC Assembly projects\RTCmine\i2c_common.asm
              _.code_0051   0x000238    program     static C:\Users\OWNER\Desktop\PIC Assembly projects\RTCmine\i2c_common.asm
              _.code_0059   0x000240    program     static C:\Users\OWNER\Desktop\PIC Assembly projects\RTCmine\i2c_common.asm
              _.code_0069   0x000250    program     static C:\Users\OWNER\Desktop\PIC Assembly projects\RTCmine\i2c_common.asm
              _.code_0074   0x00025b    program     static C:\Users\OWNER\Desktop\PIC Assembly projects\RTCmine\i2c_common.asm
              _.code_007C   0x000263    program     static C:\Users\OWNER\Desktop\PIC Assembly projects\RTCmine\i2c_common.asm
              _.code_0087   0x00026e    program     static C:\Users\OWNER\Desktop\PIC Assembly projects\RTCmine\i2c_common.asm
              _.code_0093   0x00027a    program     static C:\Users\OWNER\Desktop\PIC Assembly projects\RTCmine\i2c_common.asm
              _.code_009A   0x000281    program     static C:\Users\OWNER\Desktop\PIC Assembly projects\RTCmine\i2c_common.asm
              _.code_00AE   0x000295    program     static C:\Users\OWNER\Desktop\PIC Assembly projects\RTCmine\i2c_common.asm
              _.code_00B6   0x00029d    program     static C:\Users\OWNER\Desktop\PIC Assembly projects\RTCmine\i2c_common.asm
              _.code_00C6   0x0002ad    program     static C:\Users\OWNER\Desktop\PIC Assembly projects\RTCmine\i2c_common.asm
              _.code_00D2   0x0002b9    program     static C:\Users\OWNER\Desktop\PIC Assembly projects\RTCmine\i2c_common.asm
              _.code_00D8   0x0002bf    program     static C:\Users\OWNER\Desktop\PIC Assembly projects\RTCmine\i2c_common.asm
              _.code_00E0   0x0002c7    program     static C:\Users\OWNER\Desktop\PIC Assembly projects\RTCmine\i2c_common.asm
              _.code_00EB   0x0002d2    program     static C:\Users\OWNER\Desktop\PIC Assembly projects\RTCmine\i2c_common.asm
              _.code_00F7   0x0002de    program     static C:\Users\OWNER\Desktop\PIC Assembly projects\RTCmine\i2c_common.asm
              _.code_00FC   0x0002e3    program     static C:\Users\OWNER\Desktop\PIC Assembly projects\RTCmine\i2c_common.asm
             _.org_0_01DE   0x0001de    program     static C:\Users\OWNER\Desktop\PIC Assembly projects\RTCmine\main.asm
             _.org_0_01E0   0x0001e0    program     static C:\Users\OWNER\Desktop\PIC Assembly projects\RTCmine\main.asm
             _.org_0_01E3   0x0001e3    program     static C:\Users\OWNER\Desktop\PIC Assembly projects\RTCmine\main.asm
                 _0OneS_0   0x0001dd    program     static C:\Users\OWNER\Desktop\PIC Assembly projects\RTCmine\main.asm
         i2c_common_setup   0x0001e7    program     extern C:\Users\OWNER\Desktop\PIC Assembly projects\RTCmine\i2c_common.asm
                     init   0x000100    program     static C:\Users\OWNER\Desktop\PIC Assembly projects\RTCmine\main.asm
             lcdLongDelay   0x000326    program     static C:\Users\OWNER\Desktop\PIC Assembly projects\RTCmine\lcd.asm
                 p2p_read   0x0002bb    program     extern C:\Users\OWNER\Desktop\PIC Assembly projects\RTCmine\i2c_common.asm
                p2p_write   0x000291    program     extern C:\Users\OWNER\Desktop\PIC Assembly projects\RTCmine\i2c_common.asm
                 read_rtc   0x000234    program     extern C:\Users\OWNER\Desktop\PIC Assembly projects\RTCmine\i2c_common.asm
              rtc_convert   0x000283    program     extern C:\Users\OWNER\Desktop\PIC Assembly projects\RTCmine\i2c_common.asm
             set_rtc_time   0x00016f    program     static C:\Users\OWNER\Desktop\PIC Assembly projects\RTCmine\main.asm
                 show_RTC   0x00010f    program     static C:\Users\OWNER\Desktop\PIC Assembly projects\RTCmine\main.asm
                write_rtc   0x0001f9    program     extern C:\Users\OWNER\Desktop\PIC Assembly projects\RTCmine\i2c_common.asm
                   COUNTH   0x000076       data     static C:\Users\OWNER\Desktop\PIC Assembly projects\RTCmine\main.asm
                   COUNTL   0x000078       data     static C:\Users\OWNER\Desktop\PIC Assembly projects\RTCmine\main.asm
                   COUNTM   0x000077       data     static C:\Users\OWNER\Desktop\PIC Assembly projects\RTCmine\main.asm
                      com   0x000074       data     static C:\Users\OWNER\Desktop\PIC Assembly projects\RTCmine\lcd.asm
                      dat   0x000075       data     static C:\Users\OWNER\Desktop\PIC Assembly projects\RTCmine\lcd.asm
                   lcd_d1   0x000072       data     static C:\Users\OWNER\Desktop\PIC Assembly projects\RTCmine\lcd.asm
                   lcd_d2   0x000073       data     static C:\Users\OWNER\Desktop\PIC Assembly projects\RTCmine\lcd.asm
                  lcd_tmp   0x000071       data     static C:\Users\OWNER\Desktop\PIC Assembly projects\RTCmine\lcd.asm



                              Symbols - Sorted by Address
                     Name    Address   Location    Storage File                     
                ---------  ---------  ---------  --------- ---------                
                     init   0x000100    program     static C:\Users\OWNER\Desktop\PIC Assembly projects\RTCmine\main.asm
                 show_RTC   0x00010f    program     static C:\Users\OWNER\Desktop\PIC Assembly projects\RTCmine\main.asm
             set_rtc_time   0x00016f    program     static C:\Users\OWNER\Desktop\PIC Assembly projects\RTCmine\main.asm
                     OneS   0x0001d7    program     static C:\Users\OWNER\Desktop\PIC Assembly projects\RTCmine\main.asm
                 _0OneS_0   0x0001dd    program     static C:\Users\OWNER\Desktop\PIC Assembly projects\RTCmine\main.asm
             _.org_0_01DE   0x0001de    program     static C:\Users\OWNER\Desktop\PIC Assembly projects\RTCmine\main.asm
             _.org_0_01E0   0x0001e0    program     static C:\Users\OWNER\Desktop\PIC Assembly projects\RTCmine\main.asm
             _.org_0_01E3   0x0001e3    program     static C:\Users\OWNER\Desktop\PIC Assembly projects\RTCmine\main.asm
         i2c_common_setup   0x0001e7    program     extern C:\Users\OWNER\Desktop\PIC Assembly projects\RTCmine\i2c_common.asm
              _.code_0010   0x0001f7    program     static C:\Users\OWNER\Desktop\PIC Assembly projects\RTCmine\i2c_common.asm
                write_rtc   0x0001f9    program     extern C:\Users\OWNER\Desktop\PIC Assembly projects\RTCmine\i2c_common.asm
              _.code_0016   0x0001fd    program     static C:\Users\OWNER\Desktop\PIC Assembly projects\RTCmine\i2c_common.asm
              _.code_001E   0x000205    program     static C:\Users\OWNER\Desktop\PIC Assembly projects\RTCmine\i2c_common.asm
              _.code_002E   0x000215    program     static C:\Users\OWNER\Desktop\PIC Assembly projects\RTCmine\i2c_common.asm
              _.code_003E   0x000225    program     static C:\Users\OWNER\Desktop\PIC Assembly projects\RTCmine\i2c_common.asm
                   WR_ERR   0x00022d    program     static C:\Users\OWNER\Desktop\PIC Assembly projects\RTCmine\i2c_common.asm
                   WR_END   0x00022e    program     static C:\Users\OWNER\Desktop\PIC Assembly projects\RTCmine\i2c_common.asm
              _.code_004B   0x000232    program     static C:\Users\OWNER\Desktop\PIC Assembly projects\RTCmine\i2c_common.asm
                 read_rtc   0x000234    program     extern C:\Users\OWNER\Desktop\PIC Assembly projects\RTCmine\i2c_common.asm
              _.code_0051   0x000238    program     static C:\Users\OWNER\Desktop\PIC Assembly projects\RTCmine\i2c_common.asm
              _.code_0059   0x000240    program     static C:\Users\OWNER\Desktop\PIC Assembly projects\RTCmine\i2c_common.asm
              _.code_0069   0x000250    program     static C:\Users\OWNER\Desktop\PIC Assembly projects\RTCmine\i2c_common.asm
              _.code_0074   0x00025b    program     static C:\Users\OWNER\Desktop\PIC Assembly projects\RTCmine\i2c_common.asm
              _.code_007C   0x000263    program     static C:\Users\OWNER\Desktop\PIC Assembly projects\RTCmine\i2c_common.asm
              _.code_0087   0x00026e    program     static C:\Users\OWNER\Desktop\PIC Assembly projects\RTCmine\i2c_common.asm
              _.code_0093   0x00027a    program     static C:\Users\OWNER\Desktop\PIC Assembly projects\RTCmine\i2c_common.asm
                   RD_ERR   0x00027c    program     static C:\Users\OWNER\Desktop\PIC Assembly projects\RTCmine\i2c_common.asm
                   RD_END   0x00027d    program     static C:\Users\OWNER\Desktop\PIC Assembly projects\RTCmine\i2c_common.asm
              _.code_009A   0x000281    program     static C:\Users\OWNER\Desktop\PIC Assembly projects\RTCmine\i2c_common.asm
              rtc_convert   0x000283    program     extern C:\Users\OWNER\Desktop\PIC Assembly projects\RTCmine\i2c_common.asm
                p2p_write   0x000291    program     extern C:\Users\OWNER\Desktop\PIC Assembly projects\RTCmine\i2c_common.asm
              _.code_00AE   0x000295    program     static C:\Users\OWNER\Desktop\PIC Assembly projects\RTCmine\i2c_common.asm
              _.code_00B6   0x00029d    program     static C:\Users\OWNER\Desktop\PIC Assembly projects\RTCmine\i2c_common.asm
              _.code_00C6   0x0002ad    program     static C:\Users\OWNER\Desktop\PIC Assembly projects\RTCmine\i2c_common.asm
                    W_END   0x0002b5    program     static C:\Users\OWNER\Desktop\PIC Assembly projects\RTCmine\i2c_common.asm
              _.code_00D2   0x0002b9    program     static C:\Users\OWNER\Desktop\PIC Assembly projects\RTCmine\i2c_common.asm
                 p2p_read   0x0002bb    program     extern C:\Users\OWNER\Desktop\PIC Assembly projects\RTCmine\i2c_common.asm
              _.code_00D8   0x0002bf    program     static C:\Users\OWNER\Desktop\PIC Assembly projects\RTCmine\i2c_common.asm
              _.code_00E0   0x0002c7    program     static C:\Users\OWNER\Desktop\PIC Assembly projects\RTCmine\i2c_common.asm
              _.code_00EB   0x0002d2    program     static C:\Users\OWNER\Desktop\PIC Assembly projects\RTCmine\i2c_common.asm
              _.code_00F7   0x0002de    program     static C:\Users\OWNER\Desktop\PIC Assembly projects\RTCmine\i2c_common.asm
                    R_END   0x0002df    program     static C:\Users\OWNER\Desktop\PIC Assembly projects\RTCmine\i2c_common.asm
              _.code_00FC   0x0002e3    program     static C:\Users\OWNER\Desktop\PIC Assembly projects\RTCmine\i2c_common.asm
                  InitLCD   0x0002e5    program     extern C:\Users\OWNER\Desktop\PIC Assembly projects\RTCmine\lcd.asm
                   ClrLCD   0x000303    program     extern C:\Users\OWNER\Desktop\PIC Assembly projects\RTCmine\lcd.asm
                   WR_INS   0x000306    program     extern C:\Users\OWNER\Desktop\PIC Assembly projects\RTCmine\lcd.asm
                  WR_DATA   0x000315    program     extern C:\Users\OWNER\Desktop\PIC Assembly projects\RTCmine\lcd.asm
             lcdLongDelay   0x000326    program     static C:\Users\OWNER\Desktop\PIC Assembly projects\RTCmine\lcd.asm
                 LLD_LOOP   0x000328    program     static C:\Users\OWNER\Desktop\PIC Assembly projects\RTCmine\lcd.asm
              _.code_0046   0x00032b    program     static C:\Users\OWNER\Desktop\PIC Assembly projects\RTCmine\lcd.asm
                  lcd_tmp   0x000071       data     static C:\Users\OWNER\Desktop\PIC Assembly projects\RTCmine\lcd.asm
                   lcd_d1   0x000072       data     static C:\Users\OWNER\Desktop\PIC Assembly projects\RTCmine\lcd.asm
                   lcd_d2   0x000073       data     static C:\Users\OWNER\Desktop\PIC Assembly projects\RTCmine\lcd.asm
                      com   0x000074       data     static C:\Users\OWNER\Desktop\PIC Assembly projects\RTCmine\lcd.asm
                      dat   0x000075       data     static C:\Users\OWNER\Desktop\PIC Assembly projects\RTCmine\lcd.asm
                   COUNTH   0x000076       data     static C:\Users\OWNER\Desktop\PIC Assembly projects\RTCmine\main.asm
                   COUNTM   0x000077       data     static C:\Users\OWNER\Desktop\PIC Assembly projects\RTCmine\main.asm
                   COUNTL   0x000078       data     static C:\Users\OWNER\Desktop\PIC Assembly projects\RTCmine\main.asm


