MPLINK 5.08, LINKER
Linker Map File - Created Sat Mar 05 21:35:43 2016

                                 Section Info
                  Section       Type    Address   Location Size(Bytes)
                ---------  ---------  ---------  ---------  ---------
                   .org_0       code   0x000000    program   0x000242
                   .cinit    romdata   0x000121    program   0x000004
.config_2007_BUILD/DEFAULT/PRODUCTION/MAIN.O       code   0x002007    program   0x000002



                              Program Memory Usage 
                               Start         End      
                           ---------   ---------      
                            0x000000    0x000122      
                            0x002007    0x002007      
            292 out of 8454 program addresses used, program memory utilization is 3%



                              Symbols - Sorted by Name
                     Name    Address   Location    Storage File                     
                ---------  ---------  ---------  --------- ---------                
                 Alphabet   0x000091    program     static C:\Users\OWNER\Desktop\PIC Assembly projects\LCDwithUS\main.asm
            Clear_Display   0x0000c4    program     static C:\Users\OWNER\Desktop\PIC Assembly projects\LCDwithUS\main.asm
                   ClrLCD   0x0000f5    program     static C:\Users\OWNER\Desktop\PIC Assembly projects\LCDwithUS\main.asm
                   DELAY1   0x000001    program     static C:\Users\OWNER\Desktop\PIC Assembly projects\LCDwithUS\main.asm
                DectoChar   0x0000ad    program     static C:\Users\OWNER\Desktop\PIC Assembly projects\LCDwithUS\main.asm
         DectoCharEntries   0x0000b6    program     static C:\Users\OWNER\Desktop\PIC Assembly projects\LCDwithUS\main.asm
            Delay10usLoop   0x00000d    program     static C:\Users\OWNER\Desktop\PIC Assembly projects\LCDwithUS\main.asm
                  Delay_0   0x000005    program     static C:\Users\OWNER\Desktop\PIC Assembly projects\LCDwithUS\main.asm
                    HalfS   0x0000c7    program     static C:\Users\OWNER\Desktop\PIC Assembly projects\LCDwithUS\main.asm
                  InitLCD   0x0000d7    program     static C:\Users\OWNER\Desktop\PIC Assembly projects\LCDwithUS\main.asm
                 LLD_LOOP   0x00011a    program     static C:\Users\OWNER\Desktop\PIC Assembly projects\LCDwithUS\main.asm
                      Lb1   0x000071    program     static C:\Users\OWNER\Desktop\PIC Assembly projects\LCDwithUS\main.asm
                      Lb2   0x000075    program     static C:\Users\OWNER\Desktop\PIC Assembly projects\LCDwithUS\main.asm
                      Lb3   0x000079    program     static C:\Users\OWNER\Desktop\PIC Assembly projects\LCDwithUS\main.asm
                      Lb4   0x00007d    program     static C:\Users\OWNER\Desktop\PIC Assembly projects\LCDwithUS\main.asm
                     Main   0x00001e    program     static C:\Users\OWNER\Desktop\PIC Assembly projects\LCDwithUS\main.asm
                    Main2   0x000028    program     static C:\Users\OWNER\Desktop\PIC Assembly projects\LCDwithUS\main.asm
                 Read_US1   0x000042    program     static C:\Users\OWNER\Desktop\PIC Assembly projects\LCDwithUS\main.asm
             Switch_Lines   0x0000c1    program     static C:\Users\OWNER\Desktop\PIC Assembly projects\LCDwithUS\main.asm
                  WR_DATA   0x000107    program     static C:\Users\OWNER\Desktop\PIC Assembly projects\LCDwithUS\main.asm
                   WR_INS   0x0000f8    program     static C:\Users\OWNER\Desktop\PIC Assembly projects\LCDwithUS\main.asm
              Welcome_Msg   0x000083    program     static C:\Users\OWNER\Desktop\PIC Assembly projects\LCDwithUS\main.asm
             _.org_0_0006   0x000006    program     static C:\Users\OWNER\Desktop\PIC Assembly projects\LCDwithUS\main.asm
             _.org_0_0009   0x000009    program     static C:\Users\OWNER\Desktop\PIC Assembly projects\LCDwithUS\main.asm
             _.org_0_0041   0x000041    program     static C:\Users\OWNER\Desktop\PIC Assembly projects\LCDwithUS\main.asm
             _.org_0_004A   0x00004a    program     static C:\Users\OWNER\Desktop\PIC Assembly projects\LCDwithUS\main.asm
             _.org_0_004D   0x00004d    program     static C:\Users\OWNER\Desktop\PIC Assembly projects\LCDwithUS\main.asm
             _.org_0_00CE   0x0000ce    program     static C:\Users\OWNER\Desktop\PIC Assembly projects\LCDwithUS\main.asm
             _.org_0_00D0   0x0000d0    program     static C:\Users\OWNER\Desktop\PIC Assembly projects\LCDwithUS\main.asm
             _.org_0_00D3   0x0000d3    program     static C:\Users\OWNER\Desktop\PIC Assembly projects\LCDwithUS\main.asm
             _.org_0_011D   0x00011d    program     static C:\Users\OWNER\Desktop\PIC Assembly projects\LCDwithUS\main.asm
                _0HalfS_0   0x0000cd    program     static C:\Users\OWNER\Desktop\PIC Assembly projects\LCDwithUS\main.asm
                   _1end_   0x000028    program     static C:\Users\OWNER\Desktop\PIC Assembly projects\LCDwithUS\main.asm
                  _1loop_   0x000020    program     static C:\Users\OWNER\Desktop\PIC Assembly projects\LCDwithUS\main.asm
                bin16_BCD   0x000050    program     static C:\Users\OWNER\Desktop\PIC Assembly projects\LCDwithUS\main.asm
                delay10us   0x00000b    program     static C:\Users\OWNER\Desktop\PIC Assembly projects\LCDwithUS\main.asm
                     init   0x000010    program     static C:\Users\OWNER\Desktop\PIC Assembly projects\LCDwithUS\main.asm
             lcdLongDelay   0x000118    program     static C:\Users\OWNER\Desktop\PIC Assembly projects\LCDwithUS\main.asm



                              Symbols - Sorted by Address
                     Name    Address   Location    Storage File                     
                ---------  ---------  ---------  --------- ---------                
                   DELAY1   0x000001    program     static C:\Users\OWNER\Desktop\PIC Assembly projects\LCDwithUS\main.asm
                  Delay_0   0x000005    program     static C:\Users\OWNER\Desktop\PIC Assembly projects\LCDwithUS\main.asm
             _.org_0_0006   0x000006    program     static C:\Users\OWNER\Desktop\PIC Assembly projects\LCDwithUS\main.asm
             _.org_0_0009   0x000009    program     static C:\Users\OWNER\Desktop\PIC Assembly projects\LCDwithUS\main.asm
                delay10us   0x00000b    program     static C:\Users\OWNER\Desktop\PIC Assembly projects\LCDwithUS\main.asm
            Delay10usLoop   0x00000d    program     static C:\Users\OWNER\Desktop\PIC Assembly projects\LCDwithUS\main.asm
                     init   0x000010    program     static C:\Users\OWNER\Desktop\PIC Assembly projects\LCDwithUS\main.asm
                     Main   0x00001e    program     static C:\Users\OWNER\Desktop\PIC Assembly projects\LCDwithUS\main.asm
                  _1loop_   0x000020    program     static C:\Users\OWNER\Desktop\PIC Assembly projects\LCDwithUS\main.asm
                   _1end_   0x000028    program     static C:\Users\OWNER\Desktop\PIC Assembly projects\LCDwithUS\main.asm
                    Main2   0x000028    program     static C:\Users\OWNER\Desktop\PIC Assembly projects\LCDwithUS\main.asm
             _.org_0_0041   0x000041    program     static C:\Users\OWNER\Desktop\PIC Assembly projects\LCDwithUS\main.asm
                 Read_US1   0x000042    program     static C:\Users\OWNER\Desktop\PIC Assembly projects\LCDwithUS\main.asm
             _.org_0_004A   0x00004a    program     static C:\Users\OWNER\Desktop\PIC Assembly projects\LCDwithUS\main.asm
             _.org_0_004D   0x00004d    program     static C:\Users\OWNER\Desktop\PIC Assembly projects\LCDwithUS\main.asm
                bin16_BCD   0x000050    program     static C:\Users\OWNER\Desktop\PIC Assembly projects\LCDwithUS\main.asm
                      Lb1   0x000071    program     static C:\Users\OWNER\Desktop\PIC Assembly projects\LCDwithUS\main.asm
                      Lb2   0x000075    program     static C:\Users\OWNER\Desktop\PIC Assembly projects\LCDwithUS\main.asm
                      Lb3   0x000079    program     static C:\Users\OWNER\Desktop\PIC Assembly projects\LCDwithUS\main.asm
                      Lb4   0x00007d    program     static C:\Users\OWNER\Desktop\PIC Assembly projects\LCDwithUS\main.asm
              Welcome_Msg   0x000083    program     static C:\Users\OWNER\Desktop\PIC Assembly projects\LCDwithUS\main.asm
                 Alphabet   0x000091    program     static C:\Users\OWNER\Desktop\PIC Assembly projects\LCDwithUS\main.asm
                DectoChar   0x0000ad    program     static C:\Users\OWNER\Desktop\PIC Assembly projects\LCDwithUS\main.asm
         DectoCharEntries   0x0000b6    program     static C:\Users\OWNER\Desktop\PIC Assembly projects\LCDwithUS\main.asm
             Switch_Lines   0x0000c1    program     static C:\Users\OWNER\Desktop\PIC Assembly projects\LCDwithUS\main.asm
            Clear_Display   0x0000c4    program     static C:\Users\OWNER\Desktop\PIC Assembly projects\LCDwithUS\main.asm
                    HalfS   0x0000c7    program     static C:\Users\OWNER\Desktop\PIC Assembly projects\LCDwithUS\main.asm
                _0HalfS_0   0x0000cd    program     static C:\Users\OWNER\Desktop\PIC Assembly projects\LCDwithUS\main.asm
             _.org_0_00CE   0x0000ce    program     static C:\Users\OWNER\Desktop\PIC Assembly projects\LCDwithUS\main.asm
             _.org_0_00D0   0x0000d0    program     static C:\Users\OWNER\Desktop\PIC Assembly projects\LCDwithUS\main.asm
             _.org_0_00D3   0x0000d3    program     static C:\Users\OWNER\Desktop\PIC Assembly projects\LCDwithUS\main.asm
                  InitLCD   0x0000d7    program     static C:\Users\OWNER\Desktop\PIC Assembly projects\LCDwithUS\main.asm
                   ClrLCD   0x0000f5    program     static C:\Users\OWNER\Desktop\PIC Assembly projects\LCDwithUS\main.asm
                   WR_INS   0x0000f8    program     static C:\Users\OWNER\Desktop\PIC Assembly projects\LCDwithUS\main.asm
                  WR_DATA   0x000107    program     static C:\Users\OWNER\Desktop\PIC Assembly projects\LCDwithUS\main.asm
             lcdLongDelay   0x000118    program     static C:\Users\OWNER\Desktop\PIC Assembly projects\LCDwithUS\main.asm
                 LLD_LOOP   0x00011a    program     static C:\Users\OWNER\Desktop\PIC Assembly projects\LCDwithUS\main.asm
             _.org_0_011D   0x00011d    program     static C:\Users\OWNER\Desktop\PIC Assembly projects\LCDwithUS\main.asm


