MPLINK 5.08, LINKER
Linker Map File - Created Mon Mar 21 16:13:09 2016

                                 Section Info
                  Section       Type    Address   Location Size(Bytes)
                ---------  ---------  ---------  ---------  ---------
                   .org_0       code   0x000000    program   0x000256
                   .cinit    romdata   0x00012b    program   0x000004
.config_2007_BUILD/DEFAULT/PRODUCTION/MAIN.O       code   0x002007    program   0x000002



                              Program Memory Usage 
                               Start         End      
                           ---------   ---------      
                            0x000000    0x00012c      
                            0x002007    0x002007      
            302 out of 8454 program addresses used, program memory utilization is 3%



                              Symbols - Sorted by Name
                     Name    Address   Location    Storage File                     
                ---------  ---------  ---------  --------- ---------                
                 Alphabet   0x00009b    program     static C:\Users\OWNER\Desktop\PIC Assembly projects\LCDwithUS\main.asm
            Clear_Display   0x0000ce    program     static C:\Users\OWNER\Desktop\PIC Assembly projects\LCDwithUS\main.asm
                   ClrLCD   0x0000ff    program     static C:\Users\OWNER\Desktop\PIC Assembly projects\LCDwithUS\main.asm
                   DELAY1   0x000001    program     static C:\Users\OWNER\Desktop\PIC Assembly projects\LCDwithUS\main.asm
                DectoChar   0x0000b7    program     static C:\Users\OWNER\Desktop\PIC Assembly projects\LCDwithUS\main.asm
         DectoCharEntries   0x0000c0    program     static C:\Users\OWNER\Desktop\PIC Assembly projects\LCDwithUS\main.asm
            Delay10usLoop   0x00000d    program     static C:\Users\OWNER\Desktop\PIC Assembly projects\LCDwithUS\main.asm
                  Delay_0   0x000005    program     static C:\Users\OWNER\Desktop\PIC Assembly projects\LCDwithUS\main.asm
                    HalfS   0x0000d1    program     static C:\Users\OWNER\Desktop\PIC Assembly projects\LCDwithUS\main.asm
                  InitLCD   0x0000e1    program     static C:\Users\OWNER\Desktop\PIC Assembly projects\LCDwithUS\main.asm
                 LLD_LOOP   0x000124    program     static C:\Users\OWNER\Desktop\PIC Assembly projects\LCDwithUS\main.asm
                      Lb1   0x00007b    program     static C:\Users\OWNER\Desktop\PIC Assembly projects\LCDwithUS\main.asm
                      Lb2   0x00007f    program     static C:\Users\OWNER\Desktop\PIC Assembly projects\LCDwithUS\main.asm
                      Lb3   0x000083    program     static C:\Users\OWNER\Desktop\PIC Assembly projects\LCDwithUS\main.asm
                      Lb4   0x000087    program     static C:\Users\OWNER\Desktop\PIC Assembly projects\LCDwithUS\main.asm
                     Main   0x00001e    program     static C:\Users\OWNER\Desktop\PIC Assembly projects\LCDwithUS\main.asm
                    Main2   0x000028    program     static C:\Users\OWNER\Desktop\PIC Assembly projects\LCDwithUS\main.asm
                 Read_US1   0x00004c    program     static C:\Users\OWNER\Desktop\PIC Assembly projects\LCDwithUS\main.asm
             Switch_Lines   0x0000cb    program     static C:\Users\OWNER\Desktop\PIC Assembly projects\LCDwithUS\main.asm
                  WR_DATA   0x000111    program     static C:\Users\OWNER\Desktop\PIC Assembly projects\LCDwithUS\main.asm
                   WR_INS   0x000102    program     static C:\Users\OWNER\Desktop\PIC Assembly projects\LCDwithUS\main.asm
              Welcome_Msg   0x00008d    program     static C:\Users\OWNER\Desktop\PIC Assembly projects\LCDwithUS\main.asm
             _.org_0_0006   0x000006    program     static C:\Users\OWNER\Desktop\PIC Assembly projects\LCDwithUS\main.asm
             _.org_0_0009   0x000009    program     static C:\Users\OWNER\Desktop\PIC Assembly projects\LCDwithUS\main.asm
             _.org_0_004B   0x00004b    program     static C:\Users\OWNER\Desktop\PIC Assembly projects\LCDwithUS\main.asm
             _.org_0_0054   0x000054    program     static C:\Users\OWNER\Desktop\PIC Assembly projects\LCDwithUS\main.asm
             _.org_0_0057   0x000057    program     static C:\Users\OWNER\Desktop\PIC Assembly projects\LCDwithUS\main.asm
             _.org_0_00D8   0x0000d8    program     static C:\Users\OWNER\Desktop\PIC Assembly projects\LCDwithUS\main.asm
             _.org_0_00DA   0x0000da    program     static C:\Users\OWNER\Desktop\PIC Assembly projects\LCDwithUS\main.asm
             _.org_0_00DD   0x0000dd    program     static C:\Users\OWNER\Desktop\PIC Assembly projects\LCDwithUS\main.asm
             _.org_0_0127   0x000127    program     static C:\Users\OWNER\Desktop\PIC Assembly projects\LCDwithUS\main.asm
                _0HalfS_0   0x0000d7    program     static C:\Users\OWNER\Desktop\PIC Assembly projects\LCDwithUS\main.asm
                   _1end_   0x000028    program     static C:\Users\OWNER\Desktop\PIC Assembly projects\LCDwithUS\main.asm
                  _1loop_   0x000020    program     static C:\Users\OWNER\Desktop\PIC Assembly projects\LCDwithUS\main.asm
                   _2end_   0x000032    program     static C:\Users\OWNER\Desktop\PIC Assembly projects\LCDwithUS\main.asm
                  _2loop_   0x00002a    program     static C:\Users\OWNER\Desktop\PIC Assembly projects\LCDwithUS\main.asm
                bin16_BCD   0x00005a    program     static C:\Users\OWNER\Desktop\PIC Assembly projects\LCDwithUS\main.asm
                delay10us   0x00000b    program     static C:\Users\OWNER\Desktop\PIC Assembly projects\LCDwithUS\main.asm
                     init   0x000010    program     static C:\Users\OWNER\Desktop\PIC Assembly projects\LCDwithUS\main.asm
             lcdLongDelay   0x000122    program     static C:\Users\OWNER\Desktop\PIC Assembly projects\LCDwithUS\main.asm



                              Symbols - Sorted by Address
                     Name    Address   Location    Storage File                     
                ---------  ---------  ---------  --------- ---------                
                   DELAY1   0x000001    program     static C:\Users\OWNER\Desktop\PIC Assembly projects\LCDwithUS\main.asm
                  Delay_0   0x000005    program     static C:\Users\OWNER\Desktop\PIC Assembly projects\LCDwithUS\main.asm
             _.org_0_0006   0x000006    program     static C:\Users\OWNER\Desktop\PIC Assembly projects\LCDwithUS\main.asm
             _.org_0_0009   0x000009    program     static C:\Users\OWNER\Desktop\PIC Assembly projects\LCDwithUS\main.asm
                delay10us   0x00000b    program     static C:\Users\OWNER\Desktop\PIC Assembly projects\LCDwithUS\main.asm
            Delay10usLoop   0x00000d    program     static C:\Users\OWNER\Desktop\PIC Assembly projects\LCDwithUS\main.asm
                     init   0x000010    program     static C:\Users\OWNER\Desktop\PIC Assembly projects\LCDwithUS\main.asm
                     Main   0x00001e    program     static C:\Users\OWNER\Desktop\PIC Assembly projects\LCDwithUS\main.asm
                  _1loop_   0x000020    program     static C:\Users\OWNER\Desktop\PIC Assembly projects\LCDwithUS\main.asm
                   _1end_   0x000028    program     static C:\Users\OWNER\Desktop\PIC Assembly projects\LCDwithUS\main.asm
                    Main2   0x000028    program     static C:\Users\OWNER\Desktop\PIC Assembly projects\LCDwithUS\main.asm
                  _2loop_   0x00002a    program     static C:\Users\OWNER\Desktop\PIC Assembly projects\LCDwithUS\main.asm
                   _2end_   0x000032    program     static C:\Users\OWNER\Desktop\PIC Assembly projects\LCDwithUS\main.asm
             _.org_0_004B   0x00004b    program     static C:\Users\OWNER\Desktop\PIC Assembly projects\LCDwithUS\main.asm
                 Read_US1   0x00004c    program     static C:\Users\OWNER\Desktop\PIC Assembly projects\LCDwithUS\main.asm
             _.org_0_0054   0x000054    program     static C:\Users\OWNER\Desktop\PIC Assembly projects\LCDwithUS\main.asm
             _.org_0_0057   0x000057    program     static C:\Users\OWNER\Desktop\PIC Assembly projects\LCDwithUS\main.asm
                bin16_BCD   0x00005a    program     static C:\Users\OWNER\Desktop\PIC Assembly projects\LCDwithUS\main.asm
                      Lb1   0x00007b    program     static C:\Users\OWNER\Desktop\PIC Assembly projects\LCDwithUS\main.asm
                      Lb2   0x00007f    program     static C:\Users\OWNER\Desktop\PIC Assembly projects\LCDwithUS\main.asm
                      Lb3   0x000083    program     static C:\Users\OWNER\Desktop\PIC Assembly projects\LCDwithUS\main.asm
                      Lb4   0x000087    program     static C:\Users\OWNER\Desktop\PIC Assembly projects\LCDwithUS\main.asm
              Welcome_Msg   0x00008d    program     static C:\Users\OWNER\Desktop\PIC Assembly projects\LCDwithUS\main.asm
                 Alphabet   0x00009b    program     static C:\Users\OWNER\Desktop\PIC Assembly projects\LCDwithUS\main.asm
                DectoChar   0x0000b7    program     static C:\Users\OWNER\Desktop\PIC Assembly projects\LCDwithUS\main.asm
         DectoCharEntries   0x0000c0    program     static C:\Users\OWNER\Desktop\PIC Assembly projects\LCDwithUS\main.asm
             Switch_Lines   0x0000cb    program     static C:\Users\OWNER\Desktop\PIC Assembly projects\LCDwithUS\main.asm
            Clear_Display   0x0000ce    program     static C:\Users\OWNER\Desktop\PIC Assembly projects\LCDwithUS\main.asm
                    HalfS   0x0000d1    program     static C:\Users\OWNER\Desktop\PIC Assembly projects\LCDwithUS\main.asm
                _0HalfS_0   0x0000d7    program     static C:\Users\OWNER\Desktop\PIC Assembly projects\LCDwithUS\main.asm
             _.org_0_00D8   0x0000d8    program     static C:\Users\OWNER\Desktop\PIC Assembly projects\LCDwithUS\main.asm
             _.org_0_00DA   0x0000da    program     static C:\Users\OWNER\Desktop\PIC Assembly projects\LCDwithUS\main.asm
             _.org_0_00DD   0x0000dd    program     static C:\Users\OWNER\Desktop\PIC Assembly projects\LCDwithUS\main.asm
                  InitLCD   0x0000e1    program     static C:\Users\OWNER\Desktop\PIC Assembly projects\LCDwithUS\main.asm
                   ClrLCD   0x0000ff    program     static C:\Users\OWNER\Desktop\PIC Assembly projects\LCDwithUS\main.asm
                   WR_INS   0x000102    program     static C:\Users\OWNER\Desktop\PIC Assembly projects\LCDwithUS\main.asm
                  WR_DATA   0x000111    program     static C:\Users\OWNER\Desktop\PIC Assembly projects\LCDwithUS\main.asm
             lcdLongDelay   0x000122    program     static C:\Users\OWNER\Desktop\PIC Assembly projects\LCDwithUS\main.asm
                 LLD_LOOP   0x000124    program     static C:\Users\OWNER\Desktop\PIC Assembly projects\LCDwithUS\main.asm
             _.org_0_0127   0x000127    program     static C:\Users\OWNER\Desktop\PIC Assembly projects\LCDwithUS\main.asm


