MPLINK 5.08, LINKER
Linker Map File - Created Sun Feb 21 17:57:04 2016

                                 Section Info
                  Section       Type    Address   Location Size(Bytes)
                ---------  ---------  ---------  ---------  ---------
                    RESET       code   0x000000    program   0x000002
                   .cinit    romdata   0x000001    program   0x000004
                   .org_0       code   0x000100    program   0x00020e
                    .code       code   0x000207    program   0x000290
.config_2007_BUILD/DEFAULT/PRODUCTION/RTC.O       code   0x002007    program   0x000002
               .udata_shr      udata   0x000070       data   0x000008



                              Program Memory Usage 
                               Start         End      
                           ---------   ---------      
                            0x000000    0x000002      
                            0x000100    0x00034e      
                            0x002007    0x002007      
            595 out of 8454 program addresses used, program memory utilization is 7%



                              Symbols - Sorted by Name
                     Name    Address   Location    Storage File                     
                ---------  ---------  ---------  --------- ---------                
                   ClrLCD   0x000323    program     extern C:\Users\OWNER\Desktop\PIC Assembly projects\RTCmine\lcd.asm
                  InitLCD   0x000305    program     extern C:\Users\OWNER\Desktop\PIC Assembly projects\RTCmine\lcd.asm
                 LLD_LOOP   0x000348    program     static C:\Users\OWNER\Desktop\PIC Assembly projects\RTCmine\lcd.asm
                     OneS   0x0001f7    program     static C:\Users\OWNER\Desktop\PIC Assembly projects\RTCmine\RTC.asm
                   RD_END   0x00029d    program     static C:\Users\OWNER\Desktop\PIC Assembly projects\RTCmine\i2c_common.asm
                   RD_ERR   0x00029c    program     static C:\Users\OWNER\Desktop\PIC Assembly projects\RTCmine\i2c_common.asm
                    R_END   0x0002ff    program     static C:\Users\OWNER\Desktop\PIC Assembly projects\RTCmine\i2c_common.asm
                  WR_DATA   0x000335    program     extern C:\Users\OWNER\Desktop\PIC Assembly projects\RTCmine\lcd.asm
                   WR_END   0x00024e    program     static C:\Users\OWNER\Desktop\PIC Assembly projects\RTCmine\i2c_common.asm
                   WR_ERR   0x00024d    program     static C:\Users\OWNER\Desktop\PIC Assembly projects\RTCmine\i2c_common.asm
                   WR_INS   0x000326    program     extern C:\Users\OWNER\Desktop\PIC Assembly projects\RTCmine\lcd.asm
                    W_END   0x0002d5    program     static C:\Users\OWNER\Desktop\PIC Assembly projects\RTCmine\i2c_common.asm
              _.code_0010   0x000217    program     static C:\Users\OWNER\Desktop\PIC Assembly projects\RTCmine\i2c_common.asm
              _.code_0016   0x00021d    program     static C:\Users\OWNER\Desktop\PIC Assembly projects\RTCmine\i2c_common.asm
              _.code_001E   0x000225    program     static C:\Users\OWNER\Desktop\PIC Assembly projects\RTCmine\i2c_common.asm
              _.code_002E   0x000235    program     static C:\Users\OWNER\Desktop\PIC Assembly projects\RTCmine\i2c_common.asm
              _.code_003E   0x000245    program     static C:\Users\OWNER\Desktop\PIC Assembly projects\RTCmine\i2c_common.asm
              _.code_0046   0x00034b    program     static C:\Users\OWNER\Desktop\PIC Assembly projects\RTCmine\lcd.asm
              _.code_004B   0x000252    program     static C:\Users\OWNER\Desktop\PIC Assembly projects\RTCmine\i2c_common.asm
              _.code_0051   0x000258    program     static C:\Users\OWNER\Desktop\PIC Assembly projects\RTCmine\i2c_common.asm
              _.code_0059   0x000260    program     static C:\Users\OWNER\Desktop\PIC Assembly projects\RTCmine\i2c_common.asm
              _.code_0069   0x000270    program     static C:\Users\OWNER\Desktop\PIC Assembly projects\RTCmine\i2c_common.asm
              _.code_0074   0x00027b    program     static C:\Users\OWNER\Desktop\PIC Assembly projects\RTCmine\i2c_common.asm
              _.code_007C   0x000283    program     static C:\Users\OWNER\Desktop\PIC Assembly projects\RTCmine\i2c_common.asm
              _.code_0087   0x00028e    program     static C:\Users\OWNER\Desktop\PIC Assembly projects\RTCmine\i2c_common.asm
              _.code_0093   0x00029a    program     static C:\Users\OWNER\Desktop\PIC Assembly projects\RTCmine\i2c_common.asm
              _.code_009A   0x0002a1    program     static C:\Users\OWNER\Desktop\PIC Assembly projects\RTCmine\i2c_common.asm
              _.code_00AE   0x0002b5    program     static C:\Users\OWNER\Desktop\PIC Assembly projects\RTCmine\i2c_common.asm
              _.code_00B6   0x0002bd    program     static C:\Users\OWNER\Desktop\PIC Assembly projects\RTCmine\i2c_common.asm
              _.code_00C6   0x0002cd    program     static C:\Users\OWNER\Desktop\PIC Assembly projects\RTCmine\i2c_common.asm
              _.code_00D2   0x0002d9    program     static C:\Users\OWNER\Desktop\PIC Assembly projects\RTCmine\i2c_common.asm
              _.code_00D8   0x0002df    program     static C:\Users\OWNER\Desktop\PIC Assembly projects\RTCmine\i2c_common.asm
              _.code_00E0   0x0002e7    program     static C:\Users\OWNER\Desktop\PIC Assembly projects\RTCmine\i2c_common.asm
              _.code_00EB   0x0002f2    program     static C:\Users\OWNER\Desktop\PIC Assembly projects\RTCmine\i2c_common.asm
              _.code_00F7   0x0002fe    program     static C:\Users\OWNER\Desktop\PIC Assembly projects\RTCmine\i2c_common.asm
              _.code_00FC   0x000303    program     static C:\Users\OWNER\Desktop\PIC Assembly projects\RTCmine\i2c_common.asm
             _.org_0_01FE   0x0001fe    program     static C:\Users\OWNER\Desktop\PIC Assembly projects\RTCmine\RTC.asm
             _.org_0_0200   0x000200    program     static C:\Users\OWNER\Desktop\PIC Assembly projects\RTCmine\RTC.asm
             _.org_0_0203   0x000203    program     static C:\Users\OWNER\Desktop\PIC Assembly projects\RTCmine\RTC.asm
                 _0OneS_0   0x0001fd    program     static C:\Users\OWNER\Desktop\PIC Assembly projects\RTCmine\RTC.asm
         i2c_common_setup   0x000207    program     extern C:\Users\OWNER\Desktop\PIC Assembly projects\RTCmine\i2c_common.asm
                     init   0x000100    program     static C:\Users\OWNER\Desktop\PIC Assembly projects\RTCmine\RTC.asm
             lcdLongDelay   0x000346    program     static C:\Users\OWNER\Desktop\PIC Assembly projects\RTCmine\lcd.asm
                 p2p_read   0x0002db    program     extern C:\Users\OWNER\Desktop\PIC Assembly projects\RTCmine\i2c_common.asm
                p2p_write   0x0002b1    program     extern C:\Users\OWNER\Desktop\PIC Assembly projects\RTCmine\i2c_common.asm
                 read_rtc   0x000254    program     extern C:\Users\OWNER\Desktop\PIC Assembly projects\RTCmine\i2c_common.asm
              rtc_convert   0x0002a3    program     extern C:\Users\OWNER\Desktop\PIC Assembly projects\RTCmine\i2c_common.asm
             set_rtc_time   0x00018f    program     static C:\Users\OWNER\Desktop\PIC Assembly projects\RTCmine\RTC.asm
                 show_RTC   0x00012f    program     static C:\Users\OWNER\Desktop\PIC Assembly projects\RTCmine\RTC.asm
                write_rtc   0x000219    program     extern C:\Users\OWNER\Desktop\PIC Assembly projects\RTCmine\i2c_common.asm
                   COUNTH   0x000070       data     static C:\Users\OWNER\Desktop\PIC Assembly projects\RTCmine\RTC.asm
                   COUNTL   0x000072       data     static C:\Users\OWNER\Desktop\PIC Assembly projects\RTCmine\RTC.asm
                   COUNTM   0x000071       data     static C:\Users\OWNER\Desktop\PIC Assembly projects\RTCmine\RTC.asm
                      com   0x000076       data     static C:\Users\OWNER\Desktop\PIC Assembly projects\RTCmine\lcd.asm
                      dat   0x000077       data     static C:\Users\OWNER\Desktop\PIC Assembly projects\RTCmine\lcd.asm
                   lcd_d1   0x000074       data     static C:\Users\OWNER\Desktop\PIC Assembly projects\RTCmine\lcd.asm
                   lcd_d2   0x000075       data     static C:\Users\OWNER\Desktop\PIC Assembly projects\RTCmine\lcd.asm
                  lcd_tmp   0x000073       data     static C:\Users\OWNER\Desktop\PIC Assembly projects\RTCmine\lcd.asm



                              Symbols - Sorted by Address
                     Name    Address   Location    Storage File                     
                ---------  ---------  ---------  --------- ---------                
                     init   0x000100    program     static C:\Users\OWNER\Desktop\PIC Assembly projects\RTCmine\RTC.asm
                 show_RTC   0x00012f    program     static C:\Users\OWNER\Desktop\PIC Assembly projects\RTCmine\RTC.asm
             set_rtc_time   0x00018f    program     static C:\Users\OWNER\Desktop\PIC Assembly projects\RTCmine\RTC.asm
                     OneS   0x0001f7    program     static C:\Users\OWNER\Desktop\PIC Assembly projects\RTCmine\RTC.asm
                 _0OneS_0   0x0001fd    program     static C:\Users\OWNER\Desktop\PIC Assembly projects\RTCmine\RTC.asm
             _.org_0_01FE   0x0001fe    program     static C:\Users\OWNER\Desktop\PIC Assembly projects\RTCmine\RTC.asm
             _.org_0_0200   0x000200    program     static C:\Users\OWNER\Desktop\PIC Assembly projects\RTCmine\RTC.asm
             _.org_0_0203   0x000203    program     static C:\Users\OWNER\Desktop\PIC Assembly projects\RTCmine\RTC.asm
         i2c_common_setup   0x000207    program     extern C:\Users\OWNER\Desktop\PIC Assembly projects\RTCmine\i2c_common.asm
              _.code_0010   0x000217    program     static C:\Users\OWNER\Desktop\PIC Assembly projects\RTCmine\i2c_common.asm
                write_rtc   0x000219    program     extern C:\Users\OWNER\Desktop\PIC Assembly projects\RTCmine\i2c_common.asm
              _.code_0016   0x00021d    program     static C:\Users\OWNER\Desktop\PIC Assembly projects\RTCmine\i2c_common.asm
              _.code_001E   0x000225    program     static C:\Users\OWNER\Desktop\PIC Assembly projects\RTCmine\i2c_common.asm
              _.code_002E   0x000235    program     static C:\Users\OWNER\Desktop\PIC Assembly projects\RTCmine\i2c_common.asm
              _.code_003E   0x000245    program     static C:\Users\OWNER\Desktop\PIC Assembly projects\RTCmine\i2c_common.asm
                   WR_ERR   0x00024d    program     static C:\Users\OWNER\Desktop\PIC Assembly projects\RTCmine\i2c_common.asm
                   WR_END   0x00024e    program     static C:\Users\OWNER\Desktop\PIC Assembly projects\RTCmine\i2c_common.asm
              _.code_004B   0x000252    program     static C:\Users\OWNER\Desktop\PIC Assembly projects\RTCmine\i2c_common.asm
                 read_rtc   0x000254    program     extern C:\Users\OWNER\Desktop\PIC Assembly projects\RTCmine\i2c_common.asm
              _.code_0051   0x000258    program     static C:\Users\OWNER\Desktop\PIC Assembly projects\RTCmine\i2c_common.asm
              _.code_0059   0x000260    program     static C:\Users\OWNER\Desktop\PIC Assembly projects\RTCmine\i2c_common.asm
              _.code_0069   0x000270    program     static C:\Users\OWNER\Desktop\PIC Assembly projects\RTCmine\i2c_common.asm
              _.code_0074   0x00027b    program     static C:\Users\OWNER\Desktop\PIC Assembly projects\RTCmine\i2c_common.asm
              _.code_007C   0x000283    program     static C:\Users\OWNER\Desktop\PIC Assembly projects\RTCmine\i2c_common.asm
              _.code_0087   0x00028e    program     static C:\Users\OWNER\Desktop\PIC Assembly projects\RTCmine\i2c_common.asm
              _.code_0093   0x00029a    program     static C:\Users\OWNER\Desktop\PIC Assembly projects\RTCmine\i2c_common.asm
                   RD_ERR   0x00029c    program     static C:\Users\OWNER\Desktop\PIC Assembly projects\RTCmine\i2c_common.asm
                   RD_END   0x00029d    program     static C:\Users\OWNER\Desktop\PIC Assembly projects\RTCmine\i2c_common.asm
              _.code_009A   0x0002a1    program     static C:\Users\OWNER\Desktop\PIC Assembly projects\RTCmine\i2c_common.asm
              rtc_convert   0x0002a3    program     extern C:\Users\OWNER\Desktop\PIC Assembly projects\RTCmine\i2c_common.asm
                p2p_write   0x0002b1    program     extern C:\Users\OWNER\Desktop\PIC Assembly projects\RTCmine\i2c_common.asm
              _.code_00AE   0x0002b5    program     static C:\Users\OWNER\Desktop\PIC Assembly projects\RTCmine\i2c_common.asm
              _.code_00B6   0x0002bd    program     static C:\Users\OWNER\Desktop\PIC Assembly projects\RTCmine\i2c_common.asm
              _.code_00C6   0x0002cd    program     static C:\Users\OWNER\Desktop\PIC Assembly projects\RTCmine\i2c_common.asm
                    W_END   0x0002d5    program     static C:\Users\OWNER\Desktop\PIC Assembly projects\RTCmine\i2c_common.asm
              _.code_00D2   0x0002d9    program     static C:\Users\OWNER\Desktop\PIC Assembly projects\RTCmine\i2c_common.asm
                 p2p_read   0x0002db    program     extern C:\Users\OWNER\Desktop\PIC Assembly projects\RTCmine\i2c_common.asm
              _.code_00D8   0x0002df    program     static C:\Users\OWNER\Desktop\PIC Assembly projects\RTCmine\i2c_common.asm
              _.code_00E0   0x0002e7    program     static C:\Users\OWNER\Desktop\PIC Assembly projects\RTCmine\i2c_common.asm
              _.code_00EB   0x0002f2    program     static C:\Users\OWNER\Desktop\PIC Assembly projects\RTCmine\i2c_common.asm
              _.code_00F7   0x0002fe    program     static C:\Users\OWNER\Desktop\PIC Assembly projects\RTCmine\i2c_common.asm
                    R_END   0x0002ff    program     static C:\Users\OWNER\Desktop\PIC Assembly projects\RTCmine\i2c_common.asm
              _.code_00FC   0x000303    program     static C:\Users\OWNER\Desktop\PIC Assembly projects\RTCmine\i2c_common.asm
                  InitLCD   0x000305    program     extern C:\Users\OWNER\Desktop\PIC Assembly projects\RTCmine\lcd.asm
                   ClrLCD   0x000323    program     extern C:\Users\OWNER\Desktop\PIC Assembly projects\RTCmine\lcd.asm
                   WR_INS   0x000326    program     extern C:\Users\OWNER\Desktop\PIC Assembly projects\RTCmine\lcd.asm
                  WR_DATA   0x000335    program     extern C:\Users\OWNER\Desktop\PIC Assembly projects\RTCmine\lcd.asm
             lcdLongDelay   0x000346    program     static C:\Users\OWNER\Desktop\PIC Assembly projects\RTCmine\lcd.asm
                 LLD_LOOP   0x000348    program     static C:\Users\OWNER\Desktop\PIC Assembly projects\RTCmine\lcd.asm
              _.code_0046   0x00034b    program     static C:\Users\OWNER\Desktop\PIC Assembly projects\RTCmine\lcd.asm
                   COUNTH   0x000070       data     static C:\Users\OWNER\Desktop\PIC Assembly projects\RTCmine\RTC.asm
                   COUNTM   0x000071       data     static C:\Users\OWNER\Desktop\PIC Assembly projects\RTCmine\RTC.asm
                   COUNTL   0x000072       data     static C:\Users\OWNER\Desktop\PIC Assembly projects\RTCmine\RTC.asm
                  lcd_tmp   0x000073       data     static C:\Users\OWNER\Desktop\PIC Assembly projects\RTCmine\lcd.asm
                   lcd_d1   0x000074       data     static C:\Users\OWNER\Desktop\PIC Assembly projects\RTCmine\lcd.asm
                   lcd_d2   0x000075       data     static C:\Users\OWNER\Desktop\PIC Assembly projects\RTCmine\lcd.asm
                      com   0x000076       data     static C:\Users\OWNER\Desktop\PIC Assembly projects\RTCmine\lcd.asm
                      dat   0x000077       data     static C:\Users\OWNER\Desktop\PIC Assembly projects\RTCmine\lcd.asm


