MPLINK 5.08, LINKER
Linker Map File - Created Mon Feb 01 17:24:05 2016

                                 Section Info
                  Section       Type    Address   Location Size(Bytes)
                ---------  ---------  ---------  ---------  ---------
                   .org_0       code   0x000000    program   0x000146
                   .cinit    romdata   0x0000a3    program   0x000004
.config_2007_BUILD/DEFAULT/PRODUCTION/MAIN.O       code   0x002007    program   0x000002



                              Program Memory Usage 
                               Start         End      
                           ---------   ---------      
                            0x000000    0x0000a4      
                            0x002007    0x002007      
            166 out of 8454 program addresses used, program memory utilization is 1%



                              Symbols - Sorted by Name
                     Name    Address   Location    Storage File                     
                ---------  ---------  ---------  --------- ---------                
                 Alphabet   0x000027    program     static C:\Users\OWNER\Desktop\PIC Assembly projects\kiv\main.asm
            Clear_Display   0x000046    program     static C:\Users\OWNER\Desktop\PIC Assembly projects\kiv\main.asm
                   ClrLCD   0x000077    program     static C:\Users\OWNER\Desktop\PIC Assembly projects\kiv\main.asm
                    HalfS   0x000049    program     static C:\Users\OWNER\Desktop\PIC Assembly projects\kiv\main.asm
                  InitLCD   0x000059    program     static C:\Users\OWNER\Desktop\PIC Assembly projects\kiv\main.asm
                 LLD_LOOP   0x00009c    program     static C:\Users\OWNER\Desktop\PIC Assembly projects\kiv\main.asm
                     Main   0x00000e    program     static C:\Users\OWNER\Desktop\PIC Assembly projects\kiv\main.asm
             Switch_Lines   0x000043    program     static C:\Users\OWNER\Desktop\PIC Assembly projects\kiv\main.asm
                  WR_DATA   0x000089    program     static C:\Users\OWNER\Desktop\PIC Assembly projects\kiv\main.asm
                   WR_INS   0x00007a    program     static C:\Users\OWNER\Desktop\PIC Assembly projects\kiv\main.asm
              Welcome_Msg   0x000019    program     static C:\Users\OWNER\Desktop\PIC Assembly projects\kiv\main.asm
             _.org_0_0018   0x000018    program     static C:\Users\OWNER\Desktop\PIC Assembly projects\kiv\main.asm
             _.org_0_0050   0x000050    program     static C:\Users\OWNER\Desktop\PIC Assembly projects\kiv\main.asm
             _.org_0_0052   0x000052    program     static C:\Users\OWNER\Desktop\PIC Assembly projects\kiv\main.asm
             _.org_0_0055   0x000055    program     static C:\Users\OWNER\Desktop\PIC Assembly projects\kiv\main.asm
             _.org_0_009F   0x00009f    program     static C:\Users\OWNER\Desktop\PIC Assembly projects\kiv\main.asm
                _0HalfS_0   0x00004f    program     static C:\Users\OWNER\Desktop\PIC Assembly projects\kiv\main.asm
                   _1end_   0x000018    program     static C:\Users\OWNER\Desktop\PIC Assembly projects\kiv\main.asm
                  _1loop_   0x000010    program     static C:\Users\OWNER\Desktop\PIC Assembly projects\kiv\main.asm
                     init   0x000001    program     static C:\Users\OWNER\Desktop\PIC Assembly projects\kiv\main.asm
             lcdLongDelay   0x00009a    program     static C:\Users\OWNER\Desktop\PIC Assembly projects\kiv\main.asm



                              Symbols - Sorted by Address
                     Name    Address   Location    Storage File                     
                ---------  ---------  ---------  --------- ---------                
                     init   0x000001    program     static C:\Users\OWNER\Desktop\PIC Assembly projects\kiv\main.asm
                     Main   0x00000e    program     static C:\Users\OWNER\Desktop\PIC Assembly projects\kiv\main.asm
                  _1loop_   0x000010    program     static C:\Users\OWNER\Desktop\PIC Assembly projects\kiv\main.asm
                   _1end_   0x000018    program     static C:\Users\OWNER\Desktop\PIC Assembly projects\kiv\main.asm
             _.org_0_0018   0x000018    program     static C:\Users\OWNER\Desktop\PIC Assembly projects\kiv\main.asm
              Welcome_Msg   0x000019    program     static C:\Users\OWNER\Desktop\PIC Assembly projects\kiv\main.asm
                 Alphabet   0x000027    program     static C:\Users\OWNER\Desktop\PIC Assembly projects\kiv\main.asm
             Switch_Lines   0x000043    program     static C:\Users\OWNER\Desktop\PIC Assembly projects\kiv\main.asm
            Clear_Display   0x000046    program     static C:\Users\OWNER\Desktop\PIC Assembly projects\kiv\main.asm
                    HalfS   0x000049    program     static C:\Users\OWNER\Desktop\PIC Assembly projects\kiv\main.asm
                _0HalfS_0   0x00004f    program     static C:\Users\OWNER\Desktop\PIC Assembly projects\kiv\main.asm
             _.org_0_0050   0x000050    program     static C:\Users\OWNER\Desktop\PIC Assembly projects\kiv\main.asm
             _.org_0_0052   0x000052    program     static C:\Users\OWNER\Desktop\PIC Assembly projects\kiv\main.asm
             _.org_0_0055   0x000055    program     static C:\Users\OWNER\Desktop\PIC Assembly projects\kiv\main.asm
                  InitLCD   0x000059    program     static C:\Users\OWNER\Desktop\PIC Assembly projects\kiv\main.asm
                   ClrLCD   0x000077    program     static C:\Users\OWNER\Desktop\PIC Assembly projects\kiv\main.asm
                   WR_INS   0x00007a    program     static C:\Users\OWNER\Desktop\PIC Assembly projects\kiv\main.asm
                  WR_DATA   0x000089    program     static C:\Users\OWNER\Desktop\PIC Assembly projects\kiv\main.asm
             lcdLongDelay   0x00009a    program     static C:\Users\OWNER\Desktop\PIC Assembly projects\kiv\main.asm
                 LLD_LOOP   0x00009c    program     static C:\Users\OWNER\Desktop\PIC Assembly projects\kiv\main.asm
             _.org_0_009F   0x00009f    program     static C:\Users\OWNER\Desktop\PIC Assembly projects\kiv\main.asm


