MPLINK 5.08, LINKER
Linker Map File - Created Tue Feb 23 13:44:09 2016

                                 Section Info
                  Section       Type    Address   Location Size(Bytes)
                ---------  ---------  ---------  ---------  ---------
                   .org_0       code   0x000000    program   0x0008c6
                   .cinit    romdata   0x000463    program   0x000004
                    .code       code   0x000465    program   0x000290
.config_2007_BUILD/DEFAULT/PRODUCTION/MAIN.O       code   0x002007    program   0x000002
               .udata_shr      udata   0x000070       data   0x000005



                              Program Memory Usage 
                               Start         End      
                           ---------   ---------      
                            0x000000    0x0005ac      
                            0x002007    0x002007      
            1454 out of 8454 program addresses used, program memory utilization is 17%



                              Symbols - Sorted by Name
                     Name    Address   Location    Storage File                     
                ---------  ---------  ---------  --------- ---------                
                   AddBin   0x0001b1    program     static C:\Users\OWNER\Desktop\PIC Assembly projects\ShivTest\main.asm
             BinLocations   0x0003d8    program     static C:\Users\OWNER\Desktop\PIC Assembly projects\ShivTest\main.asm
      BinLocationsDisplay   0x00018b    program     static C:\Users\OWNER\Desktop\PIC Assembly projects\ShivTest\main.asm
      BinLocationsEntries   0x0003e1    program     static C:\Users\OWNER\Desktop\PIC Assembly projects\ShivTest\main.asm
                     Bins   0x0003ad    program     static C:\Users\OWNER\Desktop\PIC Assembly projects\ShivTest\main.asm
              BinsDisplay   0x00017f    program     static C:\Users\OWNER\Desktop\PIC Assembly projects\ShivTest\main.asm
              BinsEntries   0x0003b6    program     static C:\Users\OWNER\Desktop\PIC Assembly projects\ShivTest\main.asm
                ChooseIR1   0x0000dc    program     static C:\Users\OWNER\Desktop\PIC Assembly projects\ShivTest\main.asm
                ChooseIR2   0x0000e0    program     static C:\Users\OWNER\Desktop\PIC Assembly projects\ShivTest\main.asm
            Clear_Display   0x0001e3    program     static C:\Users\OWNER\Desktop\PIC Assembly projects\ShivTest\main.asm
                   ClrLCD   0x000581    program     extern C:\Users\OWNER\Desktop\PIC Assembly projects\ShivTest\lcd.asm
             ColumnValues   0x000457    program     static C:\Users\OWNER\Desktop\PIC Assembly projects\ShivTest\main.asm
      ColumnValuesEntries   0x000460    program     static C:\Users\OWNER\Desktop\PIC Assembly projects\ShivTest\main.asm
                DectoChar   0x000437    program     static C:\Users\OWNER\Desktop\PIC Assembly projects\ShivTest\main.asm
         DectoCharEntries   0x000440    program     static C:\Users\OWNER\Desktop\PIC Assembly projects\ShivTest\main.asm
        DisplayBlackWhite   0x0001d0    program     static C:\Users\OWNER\Desktop\PIC Assembly projects\ShivTest\main.asm
                 Finalize   0x000151    program     static C:\Users\OWNER\Desktop\PIC Assembly projects\ShivTest\main.asm
                FrontLoop   0x0001c3    program     static C:\Users\OWNER\Desktop\PIC Assembly projects\ShivTest\main.asm
                    HalfS   0x0001e6    program     static C:\Users\OWNER\Desktop\PIC Assembly projects\ShivTest\main.asm
                  InitLCD   0x000563    program     extern C:\Users\OWNER\Desktop\PIC Assembly projects\ShivTest\lcd.asm
             KeypadandLCD   0x00007b    program     static C:\Users\OWNER\Desktop\PIC Assembly projects\ShivTest\main.asm
            LCDConversion   0x0000b1    program     static C:\Users\OWNER\Desktop\PIC Assembly projects\ShivTest\main.asm
                 LLD_LOOP   0x0005a6    program     static C:\Users\OWNER\Desktop\PIC Assembly projects\ShivTest\lcd.asm
                      Lb1   0x000022    program     static C:\Users\OWNER\Desktop\PIC Assembly projects\ShivTest\main.asm
                      Lb2   0x000026    program     static C:\Users\OWNER\Desktop\PIC Assembly projects\ShivTest\main.asm
                      Lb3   0x00002a    program     static C:\Users\OWNER\Desktop\PIC Assembly projects\ShivTest\main.asm
                      Lb4   0x00002e    program     static C:\Users\OWNER\Desktop\PIC Assembly projects\ShivTest\main.asm
              ListDisplay   0x000168    program     static C:\Users\OWNER\Desktop\PIC Assembly projects\ShivTest\main.asm
                     Main   0x000058    program     static C:\Users\OWNER\Desktop\PIC Assembly projects\ShivTest\main.asm
            MoveBackwards   0x000078    program     static C:\Users\OWNER\Desktop\PIC Assembly projects\ShivTest\main.asm
                     OneS   0x0002be    program     static C:\Users\OWNER\Desktop\PIC Assembly projects\ShivTest\main.asm
                Operation   0x0002f6    program     static C:\Users\OWNER\Desktop\PIC Assembly projects\ShivTest\main.asm
         OperationEntries   0x0002ff    program     static C:\Users\OWNER\Desktop\PIC Assembly projects\ShivTest\main.asm
            OperationTime   0x0003f0    program     static C:\Users\OWNER\Desktop\PIC Assembly projects\ShivTest\main.asm
     OperationTimeDisplay   0x000197    program     static C:\Users\OWNER\Desktop\PIC Assembly projects\ShivTest\main.asm
     OperationTimeEntries   0x0003f9    program     static C:\Users\OWNER\Desktop\PIC Assembly projects\ShivTest\main.asm
        PrintBlackSticker   0x0002ce    program     static C:\Users\OWNER\Desktop\PIC Assembly projects\ShivTest\main.asm
        PrintWhiteSticker   0x0002d2    program     static C:\Users\OWNER\Desktop\PIC Assembly projects\ShivTest\main.asm
                   RD_END   0x0004fb    program     static C:\Users\OWNER\Desktop\PIC Assembly projects\ShivTest\i2c_common.asm
                   RD_ERR   0x0004fa    program     static C:\Users\OWNER\Desktop\PIC Assembly projects\ShivTest\i2c_common.asm
               RTCDisplay   0x0001a7    program     static C:\Users\OWNER\Desktop\PIC Assembly projects\ShivTest\main.asm
                    R_END   0x00055d    program     static C:\Users\OWNER\Desktop\PIC Assembly projects\ShivTest\i2c_common.asm
                   ReadBW   0x00010f    program     static C:\Users\OWNER\Desktop\PIC Assembly projects\ShivTest\main.asm
               ReadColumn   0x000130    program     static C:\Users\OWNER\Desktop\PIC Assembly projects\ShivTest\main.asm
             ReadStickers   0x0000e4    program     static C:\Users\OWNER\Desktop\PIC Assembly projects\ShivTest\main.asm
            ReceivedInput   0x000404    program     static C:\Users\OWNER\Desktop\PIC Assembly projects\ShivTest\main.asm
     ReceivedInputEntries   0x00040d    program     static C:\Users\OWNER\Desktop\PIC Assembly projects\ShivTest\main.asm
                 Results1   0x000352    program     static C:\Users\OWNER\Desktop\PIC Assembly projects\ShivTest\main.asm
          Results1Entries   0x00035b    program     static C:\Users\OWNER\Desktop\PIC Assembly projects\ShivTest\main.asm
                 Results2   0x000380    program     static C:\Users\OWNER\Desktop\PIC Assembly projects\ShivTest\main.asm
          Results2Entries   0x000389    program     static C:\Users\OWNER\Desktop\PIC Assembly projects\ShivTest\main.asm
                ShiftLeft   0x0001a3    program     static C:\Users\OWNER\Desktop\PIC Assembly projects\ShivTest\main.asm
          SmallValueInput   0x000422    program     static C:\Users\OWNER\Desktop\PIC Assembly projects\ShivTest\main.asm
   SmallValueInputEntries   0x00042b    program     static C:\Users\OWNER\Desktop\PIC Assembly projects\ShivTest\main.asm
                    Start   0x00005c    program     static C:\Users\OWNER\Desktop\PIC Assembly projects\ShivTest\main.asm
           StickerColours   0x00044b    program     static C:\Users\OWNER\Desktop\PIC Assembly projects\ShivTest\main.asm
    StickerColoursEntries   0x000454    program     static C:\Users\OWNER\Desktop\PIC Assembly projects\ShivTest\main.asm
           StickerDisplay   0x0001b7    program     static C:\Users\OWNER\Desktop\PIC Assembly projects\ShivTest\main.asm
            StickerStatus   0x0003c6    program     static C:\Users\OWNER\Desktop\PIC Assembly projects\ShivTest\main.asm
     StickerStatusEntries   0x0003cf    program     static C:\Users\OWNER\Desktop\PIC Assembly projects\ShivTest\main.asm
             Switch_Lines   0x0001e0    program     static C:\Users\OWNER\Desktop\PIC Assembly projects\ShivTest\main.asm
                  WR_DATA   0x000593    program     extern C:\Users\OWNER\Desktop\PIC Assembly projects\ShivTest\lcd.asm
                   WR_END   0x0004ac    program     static C:\Users\OWNER\Desktop\PIC Assembly projects\ShivTest\i2c_common.asm
                   WR_ERR   0x0004ab    program     static C:\Users\OWNER\Desktop\PIC Assembly projects\ShivTest\i2c_common.asm
                   WR_INS   0x000584    program     extern C:\Users\OWNER\Desktop\PIC Assembly projects\ShivTest\lcd.asm
                    W_END   0x000533    program     static C:\Users\OWNER\Desktop\PIC Assembly projects\ShivTest\i2c_common.asm
              WantResults   0x00030c    program     static C:\Users\OWNER\Desktop\PIC Assembly projects\ShivTest\main.asm
       WantResultsEntries   0x000315    program     static C:\Users\OWNER\Desktop\PIC Assembly projects\ShivTest\main.asm
               WantRotate   0x000330    program     static C:\Users\OWNER\Desktop\PIC Assembly projects\ShivTest\main.asm
        WantRotateEntries   0x000339    program     static C:\Users\OWNER\Desktop\PIC Assembly projects\ShivTest\main.asm
              Welcome_Msg   0x0002d6    program     static C:\Users\OWNER\Desktop\PIC Assembly projects\ShivTest\main.asm
       Welcome_MsgEntries   0x0002df    program     static C:\Users\OWNER\Desktop\PIC Assembly projects\ShivTest\main.asm
              _.code_0010   0x000475    program     static C:\Users\OWNER\Desktop\PIC Assembly projects\ShivTest\i2c_common.asm
              _.code_0016   0x00047b    program     static C:\Users\OWNER\Desktop\PIC Assembly projects\ShivTest\i2c_common.asm
              _.code_001E   0x000483    program     static C:\Users\OWNER\Desktop\PIC Assembly projects\ShivTest\i2c_common.asm
              _.code_002E   0x000493    program     static C:\Users\OWNER\Desktop\PIC Assembly projects\ShivTest\i2c_common.asm
              _.code_003E   0x0004a3    program     static C:\Users\OWNER\Desktop\PIC Assembly projects\ShivTest\i2c_common.asm
              _.code_0046   0x0005a9    program     static C:\Users\OWNER\Desktop\PIC Assembly projects\ShivTest\lcd.asm
              _.code_004B   0x0004b0    program     static C:\Users\OWNER\Desktop\PIC Assembly projects\ShivTest\i2c_common.asm
              _.code_0051   0x0004b6    program     static C:\Users\OWNER\Desktop\PIC Assembly projects\ShivTest\i2c_common.asm
              _.code_0059   0x0004be    program     static C:\Users\OWNER\Desktop\PIC Assembly projects\ShivTest\i2c_common.asm
              _.code_0069   0x0004ce    program     static C:\Users\OWNER\Desktop\PIC Assembly projects\ShivTest\i2c_common.asm
              _.code_0074   0x0004d9    program     static C:\Users\OWNER\Desktop\PIC Assembly projects\ShivTest\i2c_common.asm
              _.code_007C   0x0004e1    program     static C:\Users\OWNER\Desktop\PIC Assembly projects\ShivTest\i2c_common.asm
              _.code_0087   0x0004ec    program     static C:\Users\OWNER\Desktop\PIC Assembly projects\ShivTest\i2c_common.asm
              _.code_0093   0x0004f8    program     static C:\Users\OWNER\Desktop\PIC Assembly projects\ShivTest\i2c_common.asm
              _.code_009A   0x0004ff    program     static C:\Users\OWNER\Desktop\PIC Assembly projects\ShivTest\i2c_common.asm
              _.code_00AE   0x000513    program     static C:\Users\OWNER\Desktop\PIC Assembly projects\ShivTest\i2c_common.asm
              _.code_00B6   0x00051b    program     static C:\Users\OWNER\Desktop\PIC Assembly projects\ShivTest\i2c_common.asm
              _.code_00C6   0x00052b    program     static C:\Users\OWNER\Desktop\PIC Assembly projects\ShivTest\i2c_common.asm
              _.code_00D2   0x000537    program     static C:\Users\OWNER\Desktop\PIC Assembly projects\ShivTest\i2c_common.asm
              _.code_00D8   0x00053d    program     static C:\Users\OWNER\Desktop\PIC Assembly projects\ShivTest\i2c_common.asm
              _.code_00E0   0x000545    program     static C:\Users\OWNER\Desktop\PIC Assembly projects\ShivTest\i2c_common.asm
              _.code_00EB   0x000550    program     static C:\Users\OWNER\Desktop\PIC Assembly projects\ShivTest\i2c_common.asm
              _.code_00F7   0x00055c    program     static C:\Users\OWNER\Desktop\PIC Assembly projects\ShivTest\i2c_common.asm
              _.code_00FC   0x000561    program     static C:\Users\OWNER\Desktop\PIC Assembly projects\ShivTest\i2c_common.asm
             _.org_0_007C   0x00007c    program     static C:\Users\OWNER\Desktop\PIC Assembly projects\ShivTest\main.asm
             _.org_0_00AE   0x0000ae    program     static C:\Users\OWNER\Desktop\PIC Assembly projects\ShivTest\main.asm
             _.org_0_00B4   0x0000b4    program     static C:\Users\OWNER\Desktop\PIC Assembly projects\ShivTest\main.asm
             _.org_0_00C0   0x0000c0    program     static C:\Users\OWNER\Desktop\PIC Assembly projects\ShivTest\main.asm
             _.org_0_00EA   0x0000ea    program     static C:\Users\OWNER\Desktop\PIC Assembly projects\ShivTest\main.asm
             _.org_0_00F6   0x0000f6    program     static C:\Users\OWNER\Desktop\PIC Assembly projects\ShivTest\main.asm
             _.org_0_0112   0x000112    program     static C:\Users\OWNER\Desktop\PIC Assembly projects\ShivTest\main.asm
             _.org_0_0133   0x000133    program     static C:\Users\OWNER\Desktop\PIC Assembly projects\ShivTest\main.asm
             _.org_0_01ED   0x0001ed    program     static C:\Users\OWNER\Desktop\PIC Assembly projects\ShivTest\main.asm
             _.org_0_01EF   0x0001ef    program     static C:\Users\OWNER\Desktop\PIC Assembly projects\ShivTest\main.asm
             _.org_0_01F2   0x0001f2    program     static C:\Users\OWNER\Desktop\PIC Assembly projects\ShivTest\main.asm
             _.org_0_02C5   0x0002c5    program     static C:\Users\OWNER\Desktop\PIC Assembly projects\ShivTest\main.asm
             _.org_0_02C7   0x0002c7    program     static C:\Users\OWNER\Desktop\PIC Assembly projects\ShivTest\main.asm
             _.org_0_02CA   0x0002ca    program     static C:\Users\OWNER\Desktop\PIC Assembly projects\ShivTest\main.asm
                _0HalfS_0   0x0001ec    program     static C:\Users\OWNER\Desktop\PIC Assembly projects\ShivTest\main.asm
                 _0OneS_0   0x0002c4    program     static C:\Users\OWNER\Desktop\PIC Assembly projects\ShivTest\main.asm
                   _1end_   0x000058    program     static C:\Users\OWNER\Desktop\PIC Assembly projects\ShivTest\main.asm
                  _1loop_   0x000050    program     static C:\Users\OWNER\Desktop\PIC Assembly projects\ShivTest\main.asm
                   _2end_   0x000073    program     static C:\Users\OWNER\Desktop\PIC Assembly projects\ShivTest\main.asm
                  _2loop_   0x00006b    program     static C:\Users\OWNER\Desktop\PIC Assembly projects\ShivTest\main.asm
                  _32end_   0x00015c    program     static C:\Users\OWNER\Desktop\PIC Assembly projects\ShivTest\main.asm
                 _32loop_   0x000154    program     static C:\Users\OWNER\Desktop\PIC Assembly projects\ShivTest\main.asm
                  _33end_   0x000167    program     static C:\Users\OWNER\Desktop\PIC Assembly projects\ShivTest\main.asm
                 _33loop_   0x00015f    program     static C:\Users\OWNER\Desktop\PIC Assembly projects\ShivTest\main.asm
                  _34end_   0x000173    program     static C:\Users\OWNER\Desktop\PIC Assembly projects\ShivTest\main.asm
                 _34loop_   0x00016b    program     static C:\Users\OWNER\Desktop\PIC Assembly projects\ShivTest\main.asm
                  _35end_   0x00017e    program     static C:\Users\OWNER\Desktop\PIC Assembly projects\ShivTest\main.asm
                 _35loop_   0x000176    program     static C:\Users\OWNER\Desktop\PIC Assembly projects\ShivTest\main.asm
                  _36end_   0x00018a    program     static C:\Users\OWNER\Desktop\PIC Assembly projects\ShivTest\main.asm
                 _36loop_   0x000182    program     static C:\Users\OWNER\Desktop\PIC Assembly projects\ShivTest\main.asm
                  _37end_   0x000196    program     static C:\Users\OWNER\Desktop\PIC Assembly projects\ShivTest\main.asm
                 _37loop_   0x00018e    program     static C:\Users\OWNER\Desktop\PIC Assembly projects\ShivTest\main.asm
                  _38end_   0x0001a2    program     static C:\Users\OWNER\Desktop\PIC Assembly projects\ShivTest\main.asm
                 _38loop_   0x00019a    program     static C:\Users\OWNER\Desktop\PIC Assembly projects\ShivTest\main.asm
                bin16_BCD   0x000001    program     static C:\Users\OWNER\Desktop\PIC Assembly projects\ShivTest\main.asm
                   goback   0x0000b0    program     static C:\Users\OWNER\Desktop\PIC Assembly projects\ShivTest\main.asm
         i2c_common_setup   0x000465    program     extern C:\Users\OWNER\Desktop\PIC Assembly projects\ShivTest\i2c_common.asm
                     init   0x000034    program     static C:\Users\OWNER\Desktop\PIC Assembly projects\ShivTest\main.asm
             lcdLongDelay   0x0005a4    program     static C:\Users\OWNER\Desktop\PIC Assembly projects\ShivTest\lcd.asm
                 p2p_read   0x000539    program     extern C:\Users\OWNER\Desktop\PIC Assembly projects\ShivTest\i2c_common.asm
                p2p_write   0x00050f    program     extern C:\Users\OWNER\Desktop\PIC Assembly projects\ShivTest\i2c_common.asm
         pollColumnSensor   0x0001d8    program     static C:\Users\OWNER\Desktop\PIC Assembly projects\ShivTest\main.asm
                 read_rtc   0x0004b2    program     extern C:\Users\OWNER\Desktop\PIC Assembly projects\ShivTest\i2c_common.asm
              rtc_convert   0x000501    program     extern C:\Users\OWNER\Desktop\PIC Assembly projects\ShivTest\i2c_common.asm
             set_rtc_time   0x000256    program     static C:\Users\OWNER\Desktop\PIC Assembly projects\ShivTest\main.asm
                 show_RTC   0x0001f6    program     static C:\Users\OWNER\Desktop\PIC Assembly projects\ShivTest\main.asm
                write_rtc   0x000477    program     extern C:\Users\OWNER\Desktop\PIC Assembly projects\ShivTest\i2c_common.asm
                      com   0x000073       data     static C:\Users\OWNER\Desktop\PIC Assembly projects\ShivTest\lcd.asm
                      dat   0x000074       data     static C:\Users\OWNER\Desktop\PIC Assembly projects\ShivTest\lcd.asm
                   lcd_d1   0x000071       data     static C:\Users\OWNER\Desktop\PIC Assembly projects\ShivTest\lcd.asm
                   lcd_d2   0x000072       data     static C:\Users\OWNER\Desktop\PIC Assembly projects\ShivTest\lcd.asm
                  lcd_tmp   0x000070       data     static C:\Users\OWNER\Desktop\PIC Assembly projects\ShivTest\lcd.asm



                              Symbols - Sorted by Address
                     Name    Address   Location    Storage File                     
                ---------  ---------  ---------  --------- ---------                
                bin16_BCD   0x000001    program     static C:\Users\OWNER\Desktop\PIC Assembly projects\ShivTest\main.asm
                      Lb1   0x000022    program     static C:\Users\OWNER\Desktop\PIC Assembly projects\ShivTest\main.asm
                      Lb2   0x000026    program     static C:\Users\OWNER\Desktop\PIC Assembly projects\ShivTest\main.asm
                      Lb3   0x00002a    program     static C:\Users\OWNER\Desktop\PIC Assembly projects\ShivTest\main.asm
                      Lb4   0x00002e    program     static C:\Users\OWNER\Desktop\PIC Assembly projects\ShivTest\main.asm
                     init   0x000034    program     static C:\Users\OWNER\Desktop\PIC Assembly projects\ShivTest\main.asm
                  _1loop_   0x000050    program     static C:\Users\OWNER\Desktop\PIC Assembly projects\ShivTest\main.asm
                   _1end_   0x000058    program     static C:\Users\OWNER\Desktop\PIC Assembly projects\ShivTest\main.asm
                     Main   0x000058    program     static C:\Users\OWNER\Desktop\PIC Assembly projects\ShivTest\main.asm
                    Start   0x00005c    program     static C:\Users\OWNER\Desktop\PIC Assembly projects\ShivTest\main.asm
                  _2loop_   0x00006b    program     static C:\Users\OWNER\Desktop\PIC Assembly projects\ShivTest\main.asm
                   _2end_   0x000073    program     static C:\Users\OWNER\Desktop\PIC Assembly projects\ShivTest\main.asm
            MoveBackwards   0x000078    program     static C:\Users\OWNER\Desktop\PIC Assembly projects\ShivTest\main.asm
             KeypadandLCD   0x00007b    program     static C:\Users\OWNER\Desktop\PIC Assembly projects\ShivTest\main.asm
             _.org_0_007C   0x00007c    program     static C:\Users\OWNER\Desktop\PIC Assembly projects\ShivTest\main.asm
             _.org_0_00AE   0x0000ae    program     static C:\Users\OWNER\Desktop\PIC Assembly projects\ShivTest\main.asm
                   goback   0x0000b0    program     static C:\Users\OWNER\Desktop\PIC Assembly projects\ShivTest\main.asm
            LCDConversion   0x0000b1    program     static C:\Users\OWNER\Desktop\PIC Assembly projects\ShivTest\main.asm
             _.org_0_00B4   0x0000b4    program     static C:\Users\OWNER\Desktop\PIC Assembly projects\ShivTest\main.asm
             _.org_0_00C0   0x0000c0    program     static C:\Users\OWNER\Desktop\PIC Assembly projects\ShivTest\main.asm
                ChooseIR1   0x0000dc    program     static C:\Users\OWNER\Desktop\PIC Assembly projects\ShivTest\main.asm
                ChooseIR2   0x0000e0    program     static C:\Users\OWNER\Desktop\PIC Assembly projects\ShivTest\main.asm
             ReadStickers   0x0000e4    program     static C:\Users\OWNER\Desktop\PIC Assembly projects\ShivTest\main.asm
             _.org_0_00EA   0x0000ea    program     static C:\Users\OWNER\Desktop\PIC Assembly projects\ShivTest\main.asm
             _.org_0_00F6   0x0000f6    program     static C:\Users\OWNER\Desktop\PIC Assembly projects\ShivTest\main.asm
                   ReadBW   0x00010f    program     static C:\Users\OWNER\Desktop\PIC Assembly projects\ShivTest\main.asm
             _.org_0_0112   0x000112    program     static C:\Users\OWNER\Desktop\PIC Assembly projects\ShivTest\main.asm
               ReadColumn   0x000130    program     static C:\Users\OWNER\Desktop\PIC Assembly projects\ShivTest\main.asm
             _.org_0_0133   0x000133    program     static C:\Users\OWNER\Desktop\PIC Assembly projects\ShivTest\main.asm
                 Finalize   0x000151    program     static C:\Users\OWNER\Desktop\PIC Assembly projects\ShivTest\main.asm
                 _32loop_   0x000154    program     static C:\Users\OWNER\Desktop\PIC Assembly projects\ShivTest\main.asm
                  _32end_   0x00015c    program     static C:\Users\OWNER\Desktop\PIC Assembly projects\ShivTest\main.asm
                 _33loop_   0x00015f    program     static C:\Users\OWNER\Desktop\PIC Assembly projects\ShivTest\main.asm
                  _33end_   0x000167    program     static C:\Users\OWNER\Desktop\PIC Assembly projects\ShivTest\main.asm
              ListDisplay   0x000168    program     static C:\Users\OWNER\Desktop\PIC Assembly projects\ShivTest\main.asm
                 _34loop_   0x00016b    program     static C:\Users\OWNER\Desktop\PIC Assembly projects\ShivTest\main.asm
                  _34end_   0x000173    program     static C:\Users\OWNER\Desktop\PIC Assembly projects\ShivTest\main.asm
                 _35loop_   0x000176    program     static C:\Users\OWNER\Desktop\PIC Assembly projects\ShivTest\main.asm
                  _35end_   0x00017e    program     static C:\Users\OWNER\Desktop\PIC Assembly projects\ShivTest\main.asm
              BinsDisplay   0x00017f    program     static C:\Users\OWNER\Desktop\PIC Assembly projects\ShivTest\main.asm
                 _36loop_   0x000182    program     static C:\Users\OWNER\Desktop\PIC Assembly projects\ShivTest\main.asm
                  _36end_   0x00018a    program     static C:\Users\OWNER\Desktop\PIC Assembly projects\ShivTest\main.asm
      BinLocationsDisplay   0x00018b    program     static C:\Users\OWNER\Desktop\PIC Assembly projects\ShivTest\main.asm
                 _37loop_   0x00018e    program     static C:\Users\OWNER\Desktop\PIC Assembly projects\ShivTest\main.asm
                  _37end_   0x000196    program     static C:\Users\OWNER\Desktop\PIC Assembly projects\ShivTest\main.asm
     OperationTimeDisplay   0x000197    program     static C:\Users\OWNER\Desktop\PIC Assembly projects\ShivTest\main.asm
                 _38loop_   0x00019a    program     static C:\Users\OWNER\Desktop\PIC Assembly projects\ShivTest\main.asm
                  _38end_   0x0001a2    program     static C:\Users\OWNER\Desktop\PIC Assembly projects\ShivTest\main.asm
                ShiftLeft   0x0001a3    program     static C:\Users\OWNER\Desktop\PIC Assembly projects\ShivTest\main.asm
               RTCDisplay   0x0001a7    program     static C:\Users\OWNER\Desktop\PIC Assembly projects\ShivTest\main.asm
                   AddBin   0x0001b1    program     static C:\Users\OWNER\Desktop\PIC Assembly projects\ShivTest\main.asm
           StickerDisplay   0x0001b7    program     static C:\Users\OWNER\Desktop\PIC Assembly projects\ShivTest\main.asm
                FrontLoop   0x0001c3    program     static C:\Users\OWNER\Desktop\PIC Assembly projects\ShivTest\main.asm
        DisplayBlackWhite   0x0001d0    program     static C:\Users\OWNER\Desktop\PIC Assembly projects\ShivTest\main.asm
         pollColumnSensor   0x0001d8    program     static C:\Users\OWNER\Desktop\PIC Assembly projects\ShivTest\main.asm
             Switch_Lines   0x0001e0    program     static C:\Users\OWNER\Desktop\PIC Assembly projects\ShivTest\main.asm
            Clear_Display   0x0001e3    program     static C:\Users\OWNER\Desktop\PIC Assembly projects\ShivTest\main.asm
                    HalfS   0x0001e6    program     static C:\Users\OWNER\Desktop\PIC Assembly projects\ShivTest\main.asm
                _0HalfS_0   0x0001ec    program     static C:\Users\OWNER\Desktop\PIC Assembly projects\ShivTest\main.asm
             _.org_0_01ED   0x0001ed    program     static C:\Users\OWNER\Desktop\PIC Assembly projects\ShivTest\main.asm
             _.org_0_01EF   0x0001ef    program     static C:\Users\OWNER\Desktop\PIC Assembly projects\ShivTest\main.asm
             _.org_0_01F2   0x0001f2    program     static C:\Users\OWNER\Desktop\PIC Assembly projects\ShivTest\main.asm
                 show_RTC   0x0001f6    program     static C:\Users\OWNER\Desktop\PIC Assembly projects\ShivTest\main.asm
             set_rtc_time   0x000256    program     static C:\Users\OWNER\Desktop\PIC Assembly projects\ShivTest\main.asm
                     OneS   0x0002be    program     static C:\Users\OWNER\Desktop\PIC Assembly projects\ShivTest\main.asm
                 _0OneS_0   0x0002c4    program     static C:\Users\OWNER\Desktop\PIC Assembly projects\ShivTest\main.asm
             _.org_0_02C5   0x0002c5    program     static C:\Users\OWNER\Desktop\PIC Assembly projects\ShivTest\main.asm
             _.org_0_02C7   0x0002c7    program     static C:\Users\OWNER\Desktop\PIC Assembly projects\ShivTest\main.asm
             _.org_0_02CA   0x0002ca    program     static C:\Users\OWNER\Desktop\PIC Assembly projects\ShivTest\main.asm
        PrintBlackSticker   0x0002ce    program     static C:\Users\OWNER\Desktop\PIC Assembly projects\ShivTest\main.asm
        PrintWhiteSticker   0x0002d2    program     static C:\Users\OWNER\Desktop\PIC Assembly projects\ShivTest\main.asm
              Welcome_Msg   0x0002d6    program     static C:\Users\OWNER\Desktop\PIC Assembly projects\ShivTest\main.asm
       Welcome_MsgEntries   0x0002df    program     static C:\Users\OWNER\Desktop\PIC Assembly projects\ShivTest\main.asm
                Operation   0x0002f6    program     static C:\Users\OWNER\Desktop\PIC Assembly projects\ShivTest\main.asm
         OperationEntries   0x0002ff    program     static C:\Users\OWNER\Desktop\PIC Assembly projects\ShivTest\main.asm
              WantResults   0x00030c    program     static C:\Users\OWNER\Desktop\PIC Assembly projects\ShivTest\main.asm
       WantResultsEntries   0x000315    program     static C:\Users\OWNER\Desktop\PIC Assembly projects\ShivTest\main.asm
               WantRotate   0x000330    program     static C:\Users\OWNER\Desktop\PIC Assembly projects\ShivTest\main.asm
        WantRotateEntries   0x000339    program     static C:\Users\OWNER\Desktop\PIC Assembly projects\ShivTest\main.asm
                 Results1   0x000352    program     static C:\Users\OWNER\Desktop\PIC Assembly projects\ShivTest\main.asm
          Results1Entries   0x00035b    program     static C:\Users\OWNER\Desktop\PIC Assembly projects\ShivTest\main.asm
                 Results2   0x000380    program     static C:\Users\OWNER\Desktop\PIC Assembly projects\ShivTest\main.asm
          Results2Entries   0x000389    program     static C:\Users\OWNER\Desktop\PIC Assembly projects\ShivTest\main.asm
                     Bins   0x0003ad    program     static C:\Users\OWNER\Desktop\PIC Assembly projects\ShivTest\main.asm
              BinsEntries   0x0003b6    program     static C:\Users\OWNER\Desktop\PIC Assembly projects\ShivTest\main.asm
            StickerStatus   0x0003c6    program     static C:\Users\OWNER\Desktop\PIC Assembly projects\ShivTest\main.asm
     StickerStatusEntries   0x0003cf    program     static C:\Users\OWNER\Desktop\PIC Assembly projects\ShivTest\main.asm
             BinLocations   0x0003d8    program     static C:\Users\OWNER\Desktop\PIC Assembly projects\ShivTest\main.asm
      BinLocationsEntries   0x0003e1    program     static C:\Users\OWNER\Desktop\PIC Assembly projects\ShivTest\main.asm
            OperationTime   0x0003f0    program     static C:\Users\OWNER\Desktop\PIC Assembly projects\ShivTest\main.asm
     OperationTimeEntries   0x0003f9    program     static C:\Users\OWNER\Desktop\PIC Assembly projects\ShivTest\main.asm
            ReceivedInput   0x000404    program     static C:\Users\OWNER\Desktop\PIC Assembly projects\ShivTest\main.asm
     ReceivedInputEntries   0x00040d    program     static C:\Users\OWNER\Desktop\PIC Assembly projects\ShivTest\main.asm
          SmallValueInput   0x000422    program     static C:\Users\OWNER\Desktop\PIC Assembly projects\ShivTest\main.asm
   SmallValueInputEntries   0x00042b    program     static C:\Users\OWNER\Desktop\PIC Assembly projects\ShivTest\main.asm
                DectoChar   0x000437    program     static C:\Users\OWNER\Desktop\PIC Assembly projects\ShivTest\main.asm
         DectoCharEntries   0x000440    program     static C:\Users\OWNER\Desktop\PIC Assembly projects\ShivTest\main.asm
           StickerColours   0x00044b    program     static C:\Users\OWNER\Desktop\PIC Assembly projects\ShivTest\main.asm
    StickerColoursEntries   0x000454    program     static C:\Users\OWNER\Desktop\PIC Assembly projects\ShivTest\main.asm
             ColumnValues   0x000457    program     static C:\Users\OWNER\Desktop\PIC Assembly projects\ShivTest\main.asm
      ColumnValuesEntries   0x000460    program     static C:\Users\OWNER\Desktop\PIC Assembly projects\ShivTest\main.asm
         i2c_common_setup   0x000465    program     extern C:\Users\OWNER\Desktop\PIC Assembly projects\ShivTest\i2c_common.asm
              _.code_0010   0x000475    program     static C:\Users\OWNER\Desktop\PIC Assembly projects\ShivTest\i2c_common.asm
                write_rtc   0x000477    program     extern C:\Users\OWNER\Desktop\PIC Assembly projects\ShivTest\i2c_common.asm
              _.code_0016   0x00047b    program     static C:\Users\OWNER\Desktop\PIC Assembly projects\ShivTest\i2c_common.asm
              _.code_001E   0x000483    program     static C:\Users\OWNER\Desktop\PIC Assembly projects\ShivTest\i2c_common.asm
              _.code_002E   0x000493    program     static C:\Users\OWNER\Desktop\PIC Assembly projects\ShivTest\i2c_common.asm
              _.code_003E   0x0004a3    program     static C:\Users\OWNER\Desktop\PIC Assembly projects\ShivTest\i2c_common.asm
                   WR_ERR   0x0004ab    program     static C:\Users\OWNER\Desktop\PIC Assembly projects\ShivTest\i2c_common.asm
                   WR_END   0x0004ac    program     static C:\Users\OWNER\Desktop\PIC Assembly projects\ShivTest\i2c_common.asm
              _.code_004B   0x0004b0    program     static C:\Users\OWNER\Desktop\PIC Assembly projects\ShivTest\i2c_common.asm
                 read_rtc   0x0004b2    program     extern C:\Users\OWNER\Desktop\PIC Assembly projects\ShivTest\i2c_common.asm
              _.code_0051   0x0004b6    program     static C:\Users\OWNER\Desktop\PIC Assembly projects\ShivTest\i2c_common.asm
              _.code_0059   0x0004be    program     static C:\Users\OWNER\Desktop\PIC Assembly projects\ShivTest\i2c_common.asm
              _.code_0069   0x0004ce    program     static C:\Users\OWNER\Desktop\PIC Assembly projects\ShivTest\i2c_common.asm
              _.code_0074   0x0004d9    program     static C:\Users\OWNER\Desktop\PIC Assembly projects\ShivTest\i2c_common.asm
              _.code_007C   0x0004e1    program     static C:\Users\OWNER\Desktop\PIC Assembly projects\ShivTest\i2c_common.asm
              _.code_0087   0x0004ec    program     static C:\Users\OWNER\Desktop\PIC Assembly projects\ShivTest\i2c_common.asm
              _.code_0093   0x0004f8    program     static C:\Users\OWNER\Desktop\PIC Assembly projects\ShivTest\i2c_common.asm
                   RD_ERR   0x0004fa    program     static C:\Users\OWNER\Desktop\PIC Assembly projects\ShivTest\i2c_common.asm
                   RD_END   0x0004fb    program     static C:\Users\OWNER\Desktop\PIC Assembly projects\ShivTest\i2c_common.asm
              _.code_009A   0x0004ff    program     static C:\Users\OWNER\Desktop\PIC Assembly projects\ShivTest\i2c_common.asm
              rtc_convert   0x000501    program     extern C:\Users\OWNER\Desktop\PIC Assembly projects\ShivTest\i2c_common.asm
                p2p_write   0x00050f    program     extern C:\Users\OWNER\Desktop\PIC Assembly projects\ShivTest\i2c_common.asm
              _.code_00AE   0x000513    program     static C:\Users\OWNER\Desktop\PIC Assembly projects\ShivTest\i2c_common.asm
              _.code_00B6   0x00051b    program     static C:\Users\OWNER\Desktop\PIC Assembly projects\ShivTest\i2c_common.asm
              _.code_00C6   0x00052b    program     static C:\Users\OWNER\Desktop\PIC Assembly projects\ShivTest\i2c_common.asm
                    W_END   0x000533    program     static C:\Users\OWNER\Desktop\PIC Assembly projects\ShivTest\i2c_common.asm
              _.code_00D2   0x000537    program     static C:\Users\OWNER\Desktop\PIC Assembly projects\ShivTest\i2c_common.asm
                 p2p_read   0x000539    program     extern C:\Users\OWNER\Desktop\PIC Assembly projects\ShivTest\i2c_common.asm
              _.code_00D8   0x00053d    program     static C:\Users\OWNER\Desktop\PIC Assembly projects\ShivTest\i2c_common.asm
              _.code_00E0   0x000545    program     static C:\Users\OWNER\Desktop\PIC Assembly projects\ShivTest\i2c_common.asm
              _.code_00EB   0x000550    program     static C:\Users\OWNER\Desktop\PIC Assembly projects\ShivTest\i2c_common.asm
              _.code_00F7   0x00055c    program     static C:\Users\OWNER\Desktop\PIC Assembly projects\ShivTest\i2c_common.asm
                    R_END   0x00055d    program     static C:\Users\OWNER\Desktop\PIC Assembly projects\ShivTest\i2c_common.asm
              _.code_00FC   0x000561    program     static C:\Users\OWNER\Desktop\PIC Assembly projects\ShivTest\i2c_common.asm
                  InitLCD   0x000563    program     extern C:\Users\OWNER\Desktop\PIC Assembly projects\ShivTest\lcd.asm
                   ClrLCD   0x000581    program     extern C:\Users\OWNER\Desktop\PIC Assembly projects\ShivTest\lcd.asm
                   WR_INS   0x000584    program     extern C:\Users\OWNER\Desktop\PIC Assembly projects\ShivTest\lcd.asm
                  WR_DATA   0x000593    program     extern C:\Users\OWNER\Desktop\PIC Assembly projects\ShivTest\lcd.asm
             lcdLongDelay   0x0005a4    program     static C:\Users\OWNER\Desktop\PIC Assembly projects\ShivTest\lcd.asm
                 LLD_LOOP   0x0005a6    program     static C:\Users\OWNER\Desktop\PIC Assembly projects\ShivTest\lcd.asm
              _.code_0046   0x0005a9    program     static C:\Users\OWNER\Desktop\PIC Assembly projects\ShivTest\lcd.asm
                  lcd_tmp   0x000070       data     static C:\Users\OWNER\Desktop\PIC Assembly projects\ShivTest\lcd.asm
                   lcd_d1   0x000071       data     static C:\Users\OWNER\Desktop\PIC Assembly projects\ShivTest\lcd.asm
                   lcd_d2   0x000072       data     static C:\Users\OWNER\Desktop\PIC Assembly projects\ShivTest\lcd.asm
                      com   0x000073       data     static C:\Users\OWNER\Desktop\PIC Assembly projects\ShivTest\lcd.asm
                      dat   0x000074       data     static C:\Users\OWNER\Desktop\PIC Assembly projects\ShivTest\lcd.asm


