MPLINK 5.08, LINKER
Linker Map File - Created Wed Feb 17 16:54:41 2016

                                 Section Info
                  Section       Type    Address   Location Size(Bytes)
                ---------  ---------  ---------  ---------  ---------
                   .org_0       code   0x000000    program   0x000052
                   .cinit    romdata   0x000029    program   0x000004
.config_2007_BUILD/DEFAULT/PRODUCTION/MAIN.O       code   0x002007    program   0x000002



                              Program Memory Usage 
                               Start         End      
                           ---------   ---------      
                            0x000000    0x00002a      
                            0x002007    0x002007      
            44 out of 8454 program addresses used, program memory utilization is 0%



                              Symbols - Sorted by Name
                     Name    Address   Location    Storage File                     
                ---------  ---------  ---------  --------- ---------                
                 ADC_INIT   0x00000b    program     static C:\Users\OWNER\Desktop\PIC Assembly projects\AtoD\main.asm
                 ADC_READ   0x000012    program     static C:\Users\OWNER\Desktop\PIC Assembly projects\AtoD\main.asm
                  AGAIN_0   0x000018    program     static C:\Users\OWNER\Desktop\PIC Assembly projects\AtoD\main.asm
                  AGAIN_1   0x000021    program     static C:\Users\OWNER\Desktop\PIC Assembly projects\AtoD\main.asm
                     INIT   0x000000    program     static C:\Users\OWNER\Desktop\PIC Assembly projects\AtoD\main.asm
                     MAIN   0x000006    program     static C:\Users\OWNER\Desktop\PIC Assembly projects\AtoD\main.asm
                     WAIT   0x000014    program     static C:\Users\OWNER\Desktop\PIC Assembly projects\AtoD\main.asm



                              Symbols - Sorted by Address
                     Name    Address   Location    Storage File                     
                ---------  ---------  ---------  --------- ---------                
                     INIT   0x000000    program     static C:\Users\OWNER\Desktop\PIC Assembly projects\AtoD\main.asm
                     MAIN   0x000006    program     static C:\Users\OWNER\Desktop\PIC Assembly projects\AtoD\main.asm
                 ADC_INIT   0x00000b    program     static C:\Users\OWNER\Desktop\PIC Assembly projects\AtoD\main.asm
                 ADC_READ   0x000012    program     static C:\Users\OWNER\Desktop\PIC Assembly projects\AtoD\main.asm
                     WAIT   0x000014    program     static C:\Users\OWNER\Desktop\PIC Assembly projects\AtoD\main.asm
                  AGAIN_0   0x000018    program     static C:\Users\OWNER\Desktop\PIC Assembly projects\AtoD\main.asm
                  AGAIN_1   0x000021    program     static C:\Users\OWNER\Desktop\PIC Assembly projects\AtoD\main.asm


