MPLINK 5.08, LINKER
Linker Map File - Created Tue Feb 23 15:44:18 2016

                                 Section Info
                  Section       Type    Address   Location Size(Bytes)
                ---------  ---------  ---------  ---------  ---------
                   .org_0       code   0x000000    program   0x0007ca
                   .cinit    romdata   0x0003e5    program   0x000004
                    .code       code   0x0003e7    program   0x000290
.config_2007_BUILD/DEFAULT/PRODUCTION/MAIN.O       code   0x002007    program   0x000002
               .udata_shr      udata   0x000070       data   0x000005



                              Program Memory Usage 
                               Start         End      
                           ---------   ---------      
                            0x000000    0x00052e      
                            0x002007    0x002007      
            1328 out of 8454 program addresses used, program memory utilization is 15%



                              Symbols - Sorted by Name
                     Name    Address   Location    Storage File                     
                ---------  ---------  ---------  --------- ---------                
             BinLocations   0x000261    program     static C:\Users\OWNER\Desktop\PIC Assembly projects\Interface2\main.asm
      BinLocationsDisplay   0x000139    program     static C:\Users\OWNER\Desktop\PIC Assembly projects\Interface2\main.asm
      BinLocationsEntries   0x00026a    program     static C:\Users\OWNER\Desktop\PIC Assembly projects\Interface2\main.asm
                     Bins   0x000236    program     static C:\Users\OWNER\Desktop\PIC Assembly projects\Interface2\main.asm
              BinsDisplay   0x000104    program     static C:\Users\OWNER\Desktop\PIC Assembly projects\Interface2\main.asm
              BinsEntries   0x00023f    program     static C:\Users\OWNER\Desktop\PIC Assembly projects\Interface2\main.asm
                ChooseIR1   0x0000b0    program     static C:\Users\OWNER\Desktop\PIC Assembly projects\Interface2\main.asm
                ChooseIR2   0x0000b4    program     static C:\Users\OWNER\Desktop\PIC Assembly projects\Interface2\main.asm
            Clear_Display   0x0002f2    program     static C:\Users\OWNER\Desktop\PIC Assembly projects\Interface2\main.asm
                   ClrLCD   0x000503    program     extern C:\Users\OWNER\Desktop\PIC Assembly projects\Interface2\lcd.asm
                DectoChar   0x0002cf    program     static C:\Users\OWNER\Desktop\PIC Assembly projects\Interface2\main.asm
         DectoCharEntries   0x0002d8    program     static C:\Users\OWNER\Desktop\PIC Assembly projects\Interface2\main.asm
                    HalfS   0x0002f5    program     static C:\Users\OWNER\Desktop\PIC Assembly projects\Interface2\main.asm
                  InitLCD   0x0004e5    program     extern C:\Users\OWNER\Desktop\PIC Assembly projects\Interface2\lcd.asm
             KeypadandLCD   0x000062    program     static C:\Users\OWNER\Desktop\PIC Assembly projects\Interface2\main.asm
            LCDConversion   0x000093    program     static C:\Users\OWNER\Desktop\PIC Assembly projects\Interface2\main.asm
                 LLD_LOOP   0x000528    program     static C:\Users\OWNER\Desktop\PIC Assembly projects\Interface2\lcd.asm
                      Lb1   0x000022    program     static C:\Users\OWNER\Desktop\PIC Assembly projects\Interface2\main.asm
                      Lb2   0x000026    program     static C:\Users\OWNER\Desktop\PIC Assembly projects\Interface2\main.asm
                      Lb3   0x00002a    program     static C:\Users\OWNER\Desktop\PIC Assembly projects\Interface2\main.asm
                      Lb4   0x00002e    program     static C:\Users\OWNER\Desktop\PIC Assembly projects\Interface2\main.asm
              ListDisplay   0x0000ed    program     static C:\Users\OWNER\Desktop\PIC Assembly projects\Interface2\main.asm
                     Main   0x00005d    program     static C:\Users\OWNER\Desktop\PIC Assembly projects\Interface2\main.asm
                     OneS   0x0003cd    program     static C:\Users\OWNER\Desktop\PIC Assembly projects\Interface2\main.asm
                Operation   0x00017f    program     static C:\Users\OWNER\Desktop\PIC Assembly projects\Interface2\main.asm
         OperationDisplay   0x0000cd    program     static C:\Users\OWNER\Desktop\PIC Assembly projects\Interface2\main.asm
         OperationEntries   0x000188    program     static C:\Users\OWNER\Desktop\PIC Assembly projects\Interface2\main.asm
            OperationTime   0x000281    program     static C:\Users\OWNER\Desktop\PIC Assembly projects\Interface2\main.asm
     OperationTimeDisplay   0x000145    program     static C:\Users\OWNER\Desktop\PIC Assembly projects\Interface2\main.asm
     OperationTimeEntries   0x00028a    program     static C:\Users\OWNER\Desktop\PIC Assembly projects\Interface2\main.asm
        PrintBlackSticker   0x0003dd    program     static C:\Users\OWNER\Desktop\PIC Assembly projects\Interface2\main.asm
        PrintWhiteSticker   0x0003e1    program     static C:\Users\OWNER\Desktop\PIC Assembly projects\Interface2\main.asm
                   RD_END   0x00047d    program     static C:\Users\OWNER\Desktop\PIC Assembly projects\Interface2\i2c_common.asm
                   RD_ERR   0x00047c    program     static C:\Users\OWNER\Desktop\PIC Assembly projects\Interface2\i2c_common.asm
               RTCDisplay   0x000155    program     static C:\Users\OWNER\Desktop\PIC Assembly projects\Interface2\main.asm
                    R_END   0x0004df    program     static C:\Users\OWNER\Desktop\PIC Assembly projects\Interface2\i2c_common.asm
            ReceivedInput   0x00029c    program     static C:\Users\OWNER\Desktop\PIC Assembly projects\Interface2\main.asm
     ReceivedInputEntries   0x0002a5    program     static C:\Users\OWNER\Desktop\PIC Assembly projects\Interface2\main.asm
                 Results1   0x0001db    program     static C:\Users\OWNER\Desktop\PIC Assembly projects\Interface2\main.asm
          Results1Entries   0x0001e4    program     static C:\Users\OWNER\Desktop\PIC Assembly projects\Interface2\main.asm
                 Results2   0x000209    program     static C:\Users\OWNER\Desktop\PIC Assembly projects\Interface2\main.asm
          Results2Entries   0x000212    program     static C:\Users\OWNER\Desktop\PIC Assembly projects\Interface2\main.asm
        ScanBackContainer   0x0000c2    program     static C:\Users\OWNER\Desktop\PIC Assembly projects\Interface2\main.asm
       ScanFrontContainer   0x0000b8    program     static C:\Users\OWNER\Desktop\PIC Assembly projects\Interface2\main.asm
                ShiftLeft   0x000151    program     static C:\Users\OWNER\Desktop\PIC Assembly projects\Interface2\main.asm
          SmallValueInput   0x0002ba    program     static C:\Users\OWNER\Desktop\PIC Assembly projects\Interface2\main.asm
   SmallValueInputEntries   0x0002c3    program     static C:\Users\OWNER\Desktop\PIC Assembly projects\Interface2\main.asm
           StickerColours   0x0002e3    program     static C:\Users\OWNER\Desktop\PIC Assembly projects\Interface2\main.asm
    StickerColoursEntries   0x0002ec    program     static C:\Users\OWNER\Desktop\PIC Assembly projects\Interface2\main.asm
           StickerDisplay   0x000110    program     static C:\Users\OWNER\Desktop\PIC Assembly projects\Interface2\main.asm
            StickerStatus   0x00024f    program     static C:\Users\OWNER\Desktop\PIC Assembly projects\Interface2\main.asm
     StickerStatusEntries   0x000258    program     static C:\Users\OWNER\Desktop\PIC Assembly projects\Interface2\main.asm
             Switch_Lines   0x0002ef    program     static C:\Users\OWNER\Desktop\PIC Assembly projects\Interface2\main.asm
                  WR_DATA   0x000515    program     extern C:\Users\OWNER\Desktop\PIC Assembly projects\Interface2\lcd.asm
                   WR_END   0x00042e    program     static C:\Users\OWNER\Desktop\PIC Assembly projects\Interface2\i2c_common.asm
                   WR_ERR   0x00042d    program     static C:\Users\OWNER\Desktop\PIC Assembly projects\Interface2\i2c_common.asm
                   WR_INS   0x000506    program     extern C:\Users\OWNER\Desktop\PIC Assembly projects\Interface2\lcd.asm
                    W_END   0x0004b5    program     static C:\Users\OWNER\Desktop\PIC Assembly projects\Interface2\i2c_common.asm
              WantResults   0x000195    program     static C:\Users\OWNER\Desktop\PIC Assembly projects\Interface2\main.asm
       WantResultsEntries   0x00019e    program     static C:\Users\OWNER\Desktop\PIC Assembly projects\Interface2\main.asm
               WantRotate   0x0001b9    program     static C:\Users\OWNER\Desktop\PIC Assembly projects\Interface2\main.asm
        WantRotateEntries   0x0001c2    program     static C:\Users\OWNER\Desktop\PIC Assembly projects\Interface2\main.asm
              Welcome_Msg   0x00015f    program     static C:\Users\OWNER\Desktop\PIC Assembly projects\Interface2\main.asm
       Welcome_MsgEntries   0x000168    program     static C:\Users\OWNER\Desktop\PIC Assembly projects\Interface2\main.asm
              _.code_0010   0x0003f7    program     static C:\Users\OWNER\Desktop\PIC Assembly projects\Interface2\i2c_common.asm
              _.code_0016   0x0003fd    program     static C:\Users\OWNER\Desktop\PIC Assembly projects\Interface2\i2c_common.asm
              _.code_001E   0x000405    program     static C:\Users\OWNER\Desktop\PIC Assembly projects\Interface2\i2c_common.asm
              _.code_002E   0x000415    program     static C:\Users\OWNER\Desktop\PIC Assembly projects\Interface2\i2c_common.asm
              _.code_003E   0x000425    program     static C:\Users\OWNER\Desktop\PIC Assembly projects\Interface2\i2c_common.asm
              _.code_0046   0x00052b    program     static C:\Users\OWNER\Desktop\PIC Assembly projects\Interface2\lcd.asm
              _.code_004B   0x000432    program     static C:\Users\OWNER\Desktop\PIC Assembly projects\Interface2\i2c_common.asm
              _.code_0051   0x000438    program     static C:\Users\OWNER\Desktop\PIC Assembly projects\Interface2\i2c_common.asm
              _.code_0059   0x000440    program     static C:\Users\OWNER\Desktop\PIC Assembly projects\Interface2\i2c_common.asm
              _.code_0069   0x000450    program     static C:\Users\OWNER\Desktop\PIC Assembly projects\Interface2\i2c_common.asm
              _.code_0074   0x00045b    program     static C:\Users\OWNER\Desktop\PIC Assembly projects\Interface2\i2c_common.asm
              _.code_007C   0x000463    program     static C:\Users\OWNER\Desktop\PIC Assembly projects\Interface2\i2c_common.asm
              _.code_0087   0x00046e    program     static C:\Users\OWNER\Desktop\PIC Assembly projects\Interface2\i2c_common.asm
              _.code_0093   0x00047a    program     static C:\Users\OWNER\Desktop\PIC Assembly projects\Interface2\i2c_common.asm
              _.code_009A   0x000481    program     static C:\Users\OWNER\Desktop\PIC Assembly projects\Interface2\i2c_common.asm
              _.code_00AE   0x000495    program     static C:\Users\OWNER\Desktop\PIC Assembly projects\Interface2\i2c_common.asm
              _.code_00B6   0x00049d    program     static C:\Users\OWNER\Desktop\PIC Assembly projects\Interface2\i2c_common.asm
              _.code_00C6   0x0004ad    program     static C:\Users\OWNER\Desktop\PIC Assembly projects\Interface2\i2c_common.asm
              _.code_00D2   0x0004b9    program     static C:\Users\OWNER\Desktop\PIC Assembly projects\Interface2\i2c_common.asm
              _.code_00D8   0x0004bf    program     static C:\Users\OWNER\Desktop\PIC Assembly projects\Interface2\i2c_common.asm
              _.code_00E0   0x0004c7    program     static C:\Users\OWNER\Desktop\PIC Assembly projects\Interface2\i2c_common.asm
              _.code_00EB   0x0004d2    program     static C:\Users\OWNER\Desktop\PIC Assembly projects\Interface2\i2c_common.asm
              _.code_00F7   0x0004de    program     static C:\Users\OWNER\Desktop\PIC Assembly projects\Interface2\i2c_common.asm
              _.code_00FC   0x0004e3    program     static C:\Users\OWNER\Desktop\PIC Assembly projects\Interface2\i2c_common.asm
             _.org_0_0063   0x000063    program     static C:\Users\OWNER\Desktop\PIC Assembly projects\Interface2\main.asm
             _.org_0_0090   0x000090    program     static C:\Users\OWNER\Desktop\PIC Assembly projects\Interface2\main.asm
             _.org_0_0096   0x000096    program     static C:\Users\OWNER\Desktop\PIC Assembly projects\Interface2\main.asm
             _.org_0_00BA   0x0000ba    program     static C:\Users\OWNER\Desktop\PIC Assembly projects\Interface2\main.asm
             _.org_0_00C4   0x0000c4    program     static C:\Users\OWNER\Desktop\PIC Assembly projects\Interface2\main.asm
             _.org_0_02FC   0x0002fc    program     static C:\Users\OWNER\Desktop\PIC Assembly projects\Interface2\main.asm
             _.org_0_02FE   0x0002fe    program     static C:\Users\OWNER\Desktop\PIC Assembly projects\Interface2\main.asm
             _.org_0_0301   0x000301    program     static C:\Users\OWNER\Desktop\PIC Assembly projects\Interface2\main.asm
             _.org_0_03D4   0x0003d4    program     static C:\Users\OWNER\Desktop\PIC Assembly projects\Interface2\main.asm
             _.org_0_03D6   0x0003d6    program     static C:\Users\OWNER\Desktop\PIC Assembly projects\Interface2\main.asm
             _.org_0_03D9   0x0003d9    program     static C:\Users\OWNER\Desktop\PIC Assembly projects\Interface2\main.asm
                _0HalfS_0   0x0002fb    program     static C:\Users\OWNER\Desktop\PIC Assembly projects\Interface2\main.asm
                 _0OneS_0   0x0003d3    program     static C:\Users\OWNER\Desktop\PIC Assembly projects\Interface2\main.asm
                  _15end_   0x0000e1    program     static C:\Users\OWNER\Desktop\PIC Assembly projects\Interface2\main.asm
                 _15loop_   0x0000d9    program     static C:\Users\OWNER\Desktop\PIC Assembly projects\Interface2\main.asm
                  _16end_   0x0000ec    program     static C:\Users\OWNER\Desktop\PIC Assembly projects\Interface2\main.asm
                 _16loop_   0x0000e4    program     static C:\Users\OWNER\Desktop\PIC Assembly projects\Interface2\main.asm
                  _17end_   0x0000f8    program     static C:\Users\OWNER\Desktop\PIC Assembly projects\Interface2\main.asm
                 _17loop_   0x0000f0    program     static C:\Users\OWNER\Desktop\PIC Assembly projects\Interface2\main.asm
                  _18end_   0x000103    program     static C:\Users\OWNER\Desktop\PIC Assembly projects\Interface2\main.asm
                 _18loop_   0x0000fb    program     static C:\Users\OWNER\Desktop\PIC Assembly projects\Interface2\main.asm
                  _19end_   0x00010f    program     static C:\Users\OWNER\Desktop\PIC Assembly projects\Interface2\main.asm
                 _19loop_   0x000107    program     static C:\Users\OWNER\Desktop\PIC Assembly projects\Interface2\main.asm
                   _1end_   0x000059    program     static C:\Users\OWNER\Desktop\PIC Assembly projects\Interface2\main.asm
                  _1loop_   0x000051    program     static C:\Users\OWNER\Desktop\PIC Assembly projects\Interface2\main.asm
                  _20end_   0x000144    program     static C:\Users\OWNER\Desktop\PIC Assembly projects\Interface2\main.asm
                 _20loop_   0x00013c    program     static C:\Users\OWNER\Desktop\PIC Assembly projects\Interface2\main.asm
                  _21end_   0x000150    program     static C:\Users\OWNER\Desktop\PIC Assembly projects\Interface2\main.asm
                 _21loop_   0x000148    program     static C:\Users\OWNER\Desktop\PIC Assembly projects\Interface2\main.asm
                bin16_BCD   0x000001    program     static C:\Users\OWNER\Desktop\PIC Assembly projects\Interface2\main.asm
                   goback   0x000092    program     static C:\Users\OWNER\Desktop\PIC Assembly projects\Interface2\main.asm
         i2c_common_setup   0x0003e7    program     extern C:\Users\OWNER\Desktop\PIC Assembly projects\Interface2\i2c_common.asm
                     init   0x000034    program     static C:\Users\OWNER\Desktop\PIC Assembly projects\Interface2\main.asm
             lcdLongDelay   0x000526    program     static C:\Users\OWNER\Desktop\PIC Assembly projects\Interface2\lcd.asm
                 p2p_read   0x0004bb    program     extern C:\Users\OWNER\Desktop\PIC Assembly projects\Interface2\i2c_common.asm
                p2p_write   0x000491    program     extern C:\Users\OWNER\Desktop\PIC Assembly projects\Interface2\i2c_common.asm
                 read_rtc   0x000434    program     extern C:\Users\OWNER\Desktop\PIC Assembly projects\Interface2\i2c_common.asm
              rtc_convert   0x000483    program     extern C:\Users\OWNER\Desktop\PIC Assembly projects\Interface2\i2c_common.asm
             set_rtc_time   0x000365    program     static C:\Users\OWNER\Desktop\PIC Assembly projects\Interface2\main.asm
                 show_RTC   0x000305    program     static C:\Users\OWNER\Desktop\PIC Assembly projects\Interface2\main.asm
                write_rtc   0x0003f9    program     extern C:\Users\OWNER\Desktop\PIC Assembly projects\Interface2\i2c_common.asm
                      com   0x000073       data     static C:\Users\OWNER\Desktop\PIC Assembly projects\Interface2\lcd.asm
                      dat   0x000074       data     static C:\Users\OWNER\Desktop\PIC Assembly projects\Interface2\lcd.asm
                   lcd_d1   0x000071       data     static C:\Users\OWNER\Desktop\PIC Assembly projects\Interface2\lcd.asm
                   lcd_d2   0x000072       data     static C:\Users\OWNER\Desktop\PIC Assembly projects\Interface2\lcd.asm
                  lcd_tmp   0x000070       data     static C:\Users\OWNER\Desktop\PIC Assembly projects\Interface2\lcd.asm



                              Symbols - Sorted by Address
                     Name    Address   Location    Storage File                     
                ---------  ---------  ---------  --------- ---------                
                bin16_BCD   0x000001    program     static C:\Users\OWNER\Desktop\PIC Assembly projects\Interface2\main.asm
                      Lb1   0x000022    program     static C:\Users\OWNER\Desktop\PIC Assembly projects\Interface2\main.asm
                      Lb2   0x000026    program     static C:\Users\OWNER\Desktop\PIC Assembly projects\Interface2\main.asm
                      Lb3   0x00002a    program     static C:\Users\OWNER\Desktop\PIC Assembly projects\Interface2\main.asm
                      Lb4   0x00002e    program     static C:\Users\OWNER\Desktop\PIC Assembly projects\Interface2\main.asm
                     init   0x000034    program     static C:\Users\OWNER\Desktop\PIC Assembly projects\Interface2\main.asm
                  _1loop_   0x000051    program     static C:\Users\OWNER\Desktop\PIC Assembly projects\Interface2\main.asm
                   _1end_   0x000059    program     static C:\Users\OWNER\Desktop\PIC Assembly projects\Interface2\main.asm
                     Main   0x00005d    program     static C:\Users\OWNER\Desktop\PIC Assembly projects\Interface2\main.asm
             KeypadandLCD   0x000062    program     static C:\Users\OWNER\Desktop\PIC Assembly projects\Interface2\main.asm
             _.org_0_0063   0x000063    program     static C:\Users\OWNER\Desktop\PIC Assembly projects\Interface2\main.asm
             _.org_0_0090   0x000090    program     static C:\Users\OWNER\Desktop\PIC Assembly projects\Interface2\main.asm
                   goback   0x000092    program     static C:\Users\OWNER\Desktop\PIC Assembly projects\Interface2\main.asm
            LCDConversion   0x000093    program     static C:\Users\OWNER\Desktop\PIC Assembly projects\Interface2\main.asm
             _.org_0_0096   0x000096    program     static C:\Users\OWNER\Desktop\PIC Assembly projects\Interface2\main.asm
                ChooseIR1   0x0000b0    program     static C:\Users\OWNER\Desktop\PIC Assembly projects\Interface2\main.asm
                ChooseIR2   0x0000b4    program     static C:\Users\OWNER\Desktop\PIC Assembly projects\Interface2\main.asm
       ScanFrontContainer   0x0000b8    program     static C:\Users\OWNER\Desktop\PIC Assembly projects\Interface2\main.asm
             _.org_0_00BA   0x0000ba    program     static C:\Users\OWNER\Desktop\PIC Assembly projects\Interface2\main.asm
        ScanBackContainer   0x0000c2    program     static C:\Users\OWNER\Desktop\PIC Assembly projects\Interface2\main.asm
             _.org_0_00C4   0x0000c4    program     static C:\Users\OWNER\Desktop\PIC Assembly projects\Interface2\main.asm
         OperationDisplay   0x0000cd    program     static C:\Users\OWNER\Desktop\PIC Assembly projects\Interface2\main.asm
                 _15loop_   0x0000d9    program     static C:\Users\OWNER\Desktop\PIC Assembly projects\Interface2\main.asm
                  _15end_   0x0000e1    program     static C:\Users\OWNER\Desktop\PIC Assembly projects\Interface2\main.asm
                 _16loop_   0x0000e4    program     static C:\Users\OWNER\Desktop\PIC Assembly projects\Interface2\main.asm
                  _16end_   0x0000ec    program     static C:\Users\OWNER\Desktop\PIC Assembly projects\Interface2\main.asm
              ListDisplay   0x0000ed    program     static C:\Users\OWNER\Desktop\PIC Assembly projects\Interface2\main.asm
                 _17loop_   0x0000f0    program     static C:\Users\OWNER\Desktop\PIC Assembly projects\Interface2\main.asm
                  _17end_   0x0000f8    program     static C:\Users\OWNER\Desktop\PIC Assembly projects\Interface2\main.asm
                 _18loop_   0x0000fb    program     static C:\Users\OWNER\Desktop\PIC Assembly projects\Interface2\main.asm
                  _18end_   0x000103    program     static C:\Users\OWNER\Desktop\PIC Assembly projects\Interface2\main.asm
              BinsDisplay   0x000104    program     static C:\Users\OWNER\Desktop\PIC Assembly projects\Interface2\main.asm
                 _19loop_   0x000107    program     static C:\Users\OWNER\Desktop\PIC Assembly projects\Interface2\main.asm
                  _19end_   0x00010f    program     static C:\Users\OWNER\Desktop\PIC Assembly projects\Interface2\main.asm
           StickerDisplay   0x000110    program     static C:\Users\OWNER\Desktop\PIC Assembly projects\Interface2\main.asm
      BinLocationsDisplay   0x000139    program     static C:\Users\OWNER\Desktop\PIC Assembly projects\Interface2\main.asm
                 _20loop_   0x00013c    program     static C:\Users\OWNER\Desktop\PIC Assembly projects\Interface2\main.asm
                  _20end_   0x000144    program     static C:\Users\OWNER\Desktop\PIC Assembly projects\Interface2\main.asm
     OperationTimeDisplay   0x000145    program     static C:\Users\OWNER\Desktop\PIC Assembly projects\Interface2\main.asm
                 _21loop_   0x000148    program     static C:\Users\OWNER\Desktop\PIC Assembly projects\Interface2\main.asm
                  _21end_   0x000150    program     static C:\Users\OWNER\Desktop\PIC Assembly projects\Interface2\main.asm
                ShiftLeft   0x000151    program     static C:\Users\OWNER\Desktop\PIC Assembly projects\Interface2\main.asm
               RTCDisplay   0x000155    program     static C:\Users\OWNER\Desktop\PIC Assembly projects\Interface2\main.asm
              Welcome_Msg   0x00015f    program     static C:\Users\OWNER\Desktop\PIC Assembly projects\Interface2\main.asm
       Welcome_MsgEntries   0x000168    program     static C:\Users\OWNER\Desktop\PIC Assembly projects\Interface2\main.asm
                Operation   0x00017f    program     static C:\Users\OWNER\Desktop\PIC Assembly projects\Interface2\main.asm
         OperationEntries   0x000188    program     static C:\Users\OWNER\Desktop\PIC Assembly projects\Interface2\main.asm
              WantResults   0x000195    program     static C:\Users\OWNER\Desktop\PIC Assembly projects\Interface2\main.asm
       WantResultsEntries   0x00019e    program     static C:\Users\OWNER\Desktop\PIC Assembly projects\Interface2\main.asm
               WantRotate   0x0001b9    program     static C:\Users\OWNER\Desktop\PIC Assembly projects\Interface2\main.asm
        WantRotateEntries   0x0001c2    program     static C:\Users\OWNER\Desktop\PIC Assembly projects\Interface2\main.asm
                 Results1   0x0001db    program     static C:\Users\OWNER\Desktop\PIC Assembly projects\Interface2\main.asm
          Results1Entries   0x0001e4    program     static C:\Users\OWNER\Desktop\PIC Assembly projects\Interface2\main.asm
                 Results2   0x000209    program     static C:\Users\OWNER\Desktop\PIC Assembly projects\Interface2\main.asm
          Results2Entries   0x000212    program     static C:\Users\OWNER\Desktop\PIC Assembly projects\Interface2\main.asm
                     Bins   0x000236    program     static C:\Users\OWNER\Desktop\PIC Assembly projects\Interface2\main.asm
              BinsEntries   0x00023f    program     static C:\Users\OWNER\Desktop\PIC Assembly projects\Interface2\main.asm
            StickerStatus   0x00024f    program     static C:\Users\OWNER\Desktop\PIC Assembly projects\Interface2\main.asm
     StickerStatusEntries   0x000258    program     static C:\Users\OWNER\Desktop\PIC Assembly projects\Interface2\main.asm
             BinLocations   0x000261    program     static C:\Users\OWNER\Desktop\PIC Assembly projects\Interface2\main.asm
      BinLocationsEntries   0x00026a    program     static C:\Users\OWNER\Desktop\PIC Assembly projects\Interface2\main.asm
            OperationTime   0x000281    program     static C:\Users\OWNER\Desktop\PIC Assembly projects\Interface2\main.asm
     OperationTimeEntries   0x00028a    program     static C:\Users\OWNER\Desktop\PIC Assembly projects\Interface2\main.asm
            ReceivedInput   0x00029c    program     static C:\Users\OWNER\Desktop\PIC Assembly projects\Interface2\main.asm
     ReceivedInputEntries   0x0002a5    program     static C:\Users\OWNER\Desktop\PIC Assembly projects\Interface2\main.asm
          SmallValueInput   0x0002ba    program     static C:\Users\OWNER\Desktop\PIC Assembly projects\Interface2\main.asm
   SmallValueInputEntries   0x0002c3    program     static C:\Users\OWNER\Desktop\PIC Assembly projects\Interface2\main.asm
                DectoChar   0x0002cf    program     static C:\Users\OWNER\Desktop\PIC Assembly projects\Interface2\main.asm
         DectoCharEntries   0x0002d8    program     static C:\Users\OWNER\Desktop\PIC Assembly projects\Interface2\main.asm
           StickerColours   0x0002e3    program     static C:\Users\OWNER\Desktop\PIC Assembly projects\Interface2\main.asm
    StickerColoursEntries   0x0002ec    program     static C:\Users\OWNER\Desktop\PIC Assembly projects\Interface2\main.asm
             Switch_Lines   0x0002ef    program     static C:\Users\OWNER\Desktop\PIC Assembly projects\Interface2\main.asm
            Clear_Display   0x0002f2    program     static C:\Users\OWNER\Desktop\PIC Assembly projects\Interface2\main.asm
                    HalfS   0x0002f5    program     static C:\Users\OWNER\Desktop\PIC Assembly projects\Interface2\main.asm
                _0HalfS_0   0x0002fb    program     static C:\Users\OWNER\Desktop\PIC Assembly projects\Interface2\main.asm
             _.org_0_02FC   0x0002fc    program     static C:\Users\OWNER\Desktop\PIC Assembly projects\Interface2\main.asm
             _.org_0_02FE   0x0002fe    program     static C:\Users\OWNER\Desktop\PIC Assembly projects\Interface2\main.asm
             _.org_0_0301   0x000301    program     static C:\Users\OWNER\Desktop\PIC Assembly projects\Interface2\main.asm
                 show_RTC   0x000305    program     static C:\Users\OWNER\Desktop\PIC Assembly projects\Interface2\main.asm
             set_rtc_time   0x000365    program     static C:\Users\OWNER\Desktop\PIC Assembly projects\Interface2\main.asm
                     OneS   0x0003cd    program     static C:\Users\OWNER\Desktop\PIC Assembly projects\Interface2\main.asm
                 _0OneS_0   0x0003d3    program     static C:\Users\OWNER\Desktop\PIC Assembly projects\Interface2\main.asm
             _.org_0_03D4   0x0003d4    program     static C:\Users\OWNER\Desktop\PIC Assembly projects\Interface2\main.asm
             _.org_0_03D6   0x0003d6    program     static C:\Users\OWNER\Desktop\PIC Assembly projects\Interface2\main.asm
             _.org_0_03D9   0x0003d9    program     static C:\Users\OWNER\Desktop\PIC Assembly projects\Interface2\main.asm
        PrintBlackSticker   0x0003dd    program     static C:\Users\OWNER\Desktop\PIC Assembly projects\Interface2\main.asm
        PrintWhiteSticker   0x0003e1    program     static C:\Users\OWNER\Desktop\PIC Assembly projects\Interface2\main.asm
         i2c_common_setup   0x0003e7    program     extern C:\Users\OWNER\Desktop\PIC Assembly projects\Interface2\i2c_common.asm
              _.code_0010   0x0003f7    program     static C:\Users\OWNER\Desktop\PIC Assembly projects\Interface2\i2c_common.asm
                write_rtc   0x0003f9    program     extern C:\Users\OWNER\Desktop\PIC Assembly projects\Interface2\i2c_common.asm
              _.code_0016   0x0003fd    program     static C:\Users\OWNER\Desktop\PIC Assembly projects\Interface2\i2c_common.asm
              _.code_001E   0x000405    program     static C:\Users\OWNER\Desktop\PIC Assembly projects\Interface2\i2c_common.asm
              _.code_002E   0x000415    program     static C:\Users\OWNER\Desktop\PIC Assembly projects\Interface2\i2c_common.asm
              _.code_003E   0x000425    program     static C:\Users\OWNER\Desktop\PIC Assembly projects\Interface2\i2c_common.asm
                   WR_ERR   0x00042d    program     static C:\Users\OWNER\Desktop\PIC Assembly projects\Interface2\i2c_common.asm
                   WR_END   0x00042e    program     static C:\Users\OWNER\Desktop\PIC Assembly projects\Interface2\i2c_common.asm
              _.code_004B   0x000432    program     static C:\Users\OWNER\Desktop\PIC Assembly projects\Interface2\i2c_common.asm
                 read_rtc   0x000434    program     extern C:\Users\OWNER\Desktop\PIC Assembly projects\Interface2\i2c_common.asm
              _.code_0051   0x000438    program     static C:\Users\OWNER\Desktop\PIC Assembly projects\Interface2\i2c_common.asm
              _.code_0059   0x000440    program     static C:\Users\OWNER\Desktop\PIC Assembly projects\Interface2\i2c_common.asm
              _.code_0069   0x000450    program     static C:\Users\OWNER\Desktop\PIC Assembly projects\Interface2\i2c_common.asm
              _.code_0074   0x00045b    program     static C:\Users\OWNER\Desktop\PIC Assembly projects\Interface2\i2c_common.asm
              _.code_007C   0x000463    program     static C:\Users\OWNER\Desktop\PIC Assembly projects\Interface2\i2c_common.asm
              _.code_0087   0x00046e    program     static C:\Users\OWNER\Desktop\PIC Assembly projects\Interface2\i2c_common.asm
              _.code_0093   0x00047a    program     static C:\Users\OWNER\Desktop\PIC Assembly projects\Interface2\i2c_common.asm
                   RD_ERR   0x00047c    program     static C:\Users\OWNER\Desktop\PIC Assembly projects\Interface2\i2c_common.asm
                   RD_END   0x00047d    program     static C:\Users\OWNER\Desktop\PIC Assembly projects\Interface2\i2c_common.asm
              _.code_009A   0x000481    program     static C:\Users\OWNER\Desktop\PIC Assembly projects\Interface2\i2c_common.asm
              rtc_convert   0x000483    program     extern C:\Users\OWNER\Desktop\PIC Assembly projects\Interface2\i2c_common.asm
                p2p_write   0x000491    program     extern C:\Users\OWNER\Desktop\PIC Assembly projects\Interface2\i2c_common.asm
              _.code_00AE   0x000495    program     static C:\Users\OWNER\Desktop\PIC Assembly projects\Interface2\i2c_common.asm
              _.code_00B6   0x00049d    program     static C:\Users\OWNER\Desktop\PIC Assembly projects\Interface2\i2c_common.asm
              _.code_00C6   0x0004ad    program     static C:\Users\OWNER\Desktop\PIC Assembly projects\Interface2\i2c_common.asm
                    W_END   0x0004b5    program     static C:\Users\OWNER\Desktop\PIC Assembly projects\Interface2\i2c_common.asm
              _.code_00D2   0x0004b9    program     static C:\Users\OWNER\Desktop\PIC Assembly projects\Interface2\i2c_common.asm
                 p2p_read   0x0004bb    program     extern C:\Users\OWNER\Desktop\PIC Assembly projects\Interface2\i2c_common.asm
              _.code_00D8   0x0004bf    program     static C:\Users\OWNER\Desktop\PIC Assembly projects\Interface2\i2c_common.asm
              _.code_00E0   0x0004c7    program     static C:\Users\OWNER\Desktop\PIC Assembly projects\Interface2\i2c_common.asm
              _.code_00EB   0x0004d2    program     static C:\Users\OWNER\Desktop\PIC Assembly projects\Interface2\i2c_common.asm
              _.code_00F7   0x0004de    program     static C:\Users\OWNER\Desktop\PIC Assembly projects\Interface2\i2c_common.asm
                    R_END   0x0004df    program     static C:\Users\OWNER\Desktop\PIC Assembly projects\Interface2\i2c_common.asm
              _.code_00FC   0x0004e3    program     static C:\Users\OWNER\Desktop\PIC Assembly projects\Interface2\i2c_common.asm
                  InitLCD   0x0004e5    program     extern C:\Users\OWNER\Desktop\PIC Assembly projects\Interface2\lcd.asm
                   ClrLCD   0x000503    program     extern C:\Users\OWNER\Desktop\PIC Assembly projects\Interface2\lcd.asm
                   WR_INS   0x000506    program     extern C:\Users\OWNER\Desktop\PIC Assembly projects\Interface2\lcd.asm
                  WR_DATA   0x000515    program     extern C:\Users\OWNER\Desktop\PIC Assembly projects\Interface2\lcd.asm
             lcdLongDelay   0x000526    program     static C:\Users\OWNER\Desktop\PIC Assembly projects\Interface2\lcd.asm
                 LLD_LOOP   0x000528    program     static C:\Users\OWNER\Desktop\PIC Assembly projects\Interface2\lcd.asm
              _.code_0046   0x00052b    program     static C:\Users\OWNER\Desktop\PIC Assembly projects\Interface2\lcd.asm
                  lcd_tmp   0x000070       data     static C:\Users\OWNER\Desktop\PIC Assembly projects\Interface2\lcd.asm
                   lcd_d1   0x000071       data     static C:\Users\OWNER\Desktop\PIC Assembly projects\Interface2\lcd.asm
                   lcd_d2   0x000072       data     static C:\Users\OWNER\Desktop\PIC Assembly projects\Interface2\lcd.asm
                      com   0x000073       data     static C:\Users\OWNER\Desktop\PIC Assembly projects\Interface2\lcd.asm
                      dat   0x000074       data     static C:\Users\OWNER\Desktop\PIC Assembly projects\Interface2\lcd.asm


