MPLINK 5.08, LINKER
Linker Map File - Created Mon Apr 04 00:10:03 2016

                                 Section Info
                  Section       Type    Address   Location Size(Bytes)
                ---------  ---------  ---------  ---------  ---------
                   .org_0       code   0x000000    program   0x000aa8
                   .cinit    romdata   0x000554    program   0x000004
                    .code       code   0x000556    program   0x000290
.config_2007_BUILD/DEFAULT/PRODUCTION/_EXT/10       code   0x002007    program   0x000002
               .udata_shr      udata   0x000070       data   0x000005



                              Program Memory Usage 
                               Start         End      
                           ---------   ---------      
                            0x000000    0x00069d      
                            0x002007    0x002007      
            1695 out of 8454 program addresses used, program memory utilization is 20%



                              Symbols - Sorted by Name
                     Name    Address   Location    Storage File                     
                ---------  ---------  ---------  --------- ---------                
              AVOIDCOLUMN   0x0000d9    program     static ..\ShivTest\main.asm     
                   AddBin   0x000293    program     static ..\ShivTest\main.asm     
          BINREADINGSTART   0x000132    program     static ..\ShivTest\main.asm     
            BWScanModule1   0x0001c8    program     static ..\ShivTest\main.asm     
            BWScanModule2   0x0001ee    program     static ..\ShivTest\main.asm     
           BWStoreModule1   0x0001e1    program     static ..\ShivTest\main.asm     
           BWStoreModule2   0x000207    program     static ..\ShivTest\main.asm     
             BackStickers   0x00051d    program     static ..\ShivTest\main.asm     
      BackStickersEntries   0x000526    program     static ..\ShivTest\main.asm     
              CHECKSWITCH   0x000150    program     static ..\ShivTest\main.asm     
          COLREADINGSTART   0x000126    program     static ..\ShivTest\main.asm     
        Check_cm_overflow   0x00025c    program     static ..\ShivTest\main.asm     
        Check_mm_overflow   0x000258    program     static ..\ShivTest\main.asm     
            Clear_Display   0x0003b7    program     static ..\ShivTest\main.asm     
                   ClrLCD   0x000672    program     extern ..\ShivTest\lcd.asm      
                    Colon   0x000536    program     static ..\ShivTest\main.asm     
             ColonEntries   0x00053f    program     static ..\ShivTest\main.asm     
                   DELAY1   0x0003ca    program     static ..\ShivTest\main.asm     
                   DELAY2   0x0003d7    program     static ..\ShivTest\main.asm     
              DELAYEDREAD   0x00013f    program     static ..\ShivTest\main.asm     
        Decode_check_done   0x000262    program     static ..\ShivTest\main.asm     
              Decode_loop   0x000251    program     static ..\ShivTest\main.asm     
                DectoChar   0x0004ee    program     static ..\ShivTest\main.asm     
         DectoCharEntries   0x0004f7    program     static ..\ShivTest\main.asm     
                  Delay_0   0x0003d0    program     static ..\ShivTest\main.asm     
                 Delay_02   0x0003db    program     static ..\ShivTest\main.asm     
     DisplayBlackWhiteIR1   0x00033e    program     static ..\ShivTest\main.asm     
     DisplayBlackWhiteIR2   0x000342    program     static ..\ShivTest\main.asm     
             Dist_Decoder   0x00024a    program     static ..\ShivTest\main.asm     
         Distance_Display   0x000001    program     static ..\ShivTest\main.asm     
                Distances   0x000541    program     static ..\ShivTest\main.asm     
         DistancesEntries   0x00054a    program     static ..\ShivTest\main.asm     
                  ENDTHIS   0x000147    program     static ..\ShivTest\main.asm     
                     EXIT   0x00015d    program     static ..\ShivTest\main.asm     
              EXITDISPLAY   0x0001a0    program     static ..\ShivTest\main.asm     
             FinalMessage   0x0004ce    program     static ..\ShivTest\main.asm     
      FinalMessageEntries   0x0004d7    program     static ..\ShivTest\main.asm     
                FrontLoop   0x000317    program     static ..\ShivTest\main.asm     
               FrontLoop1   0x0002b3    program     static ..\ShivTest\main.asm     
               FrontLoop2   0x0002e4    program     static ..\ShivTest\main.asm     
            FrontStickers   0x00050e    program     static ..\ShivTest\main.asm     
     FrontStickersEntries   0x000517    program     static ..\ShivTest\main.asm     
                    HalfS   0x0003ba    program     static ..\ShivTest\main.asm     
                  InitLCD   0x000654    program     extern ..\ShivTest\lcd.asm      
                Init_TMR0   0x0003e1    program     static ..\ShivTest\main.asm     
             KeypadandLCD   0x000085    program     static ..\ShivTest\main.asm     
             LEDControlON   0x000336    program     static ..\ShivTest\main.asm     
                 LLD_LOOP   0x000697    program     static ..\ShivTest\lcd.asm      
                 LLD_LOOP   0x000477    program     static ..\ShivTest\main.asm     
                      Lb1   0x000032    program     static ..\ShivTest\main.asm     
                      Lb2   0x000036    program     static ..\ShivTest\main.asm     
                      Lb3   0x00003a    program     static ..\ShivTest\main.asm     
                      Lb4   0x00003e    program     static ..\ShivTest\main.asm     
                Locations   0x000304    program     static ..\ShivTest\main.asm     
            MoveBackwards   0x0001c7    program     static ..\ShivTest\main.asm     
                     OneS   0x000465    program     static ..\ShivTest\main.asm     
                  PWMBACK   0x00038d    program     static ..\ShivTest\main.asm     
                   PWMFWD   0x00036a    program     static ..\ShivTest\main.asm     
                  PWMSTOP   0x0003af    program     static ..\ShivTest\main.asm     
                   RD_END   0x0005ec    program     static ..\ShivTest\i2c_common.asm
                   RD_ERR   0x0005eb    program     static ..\ShivTest\i2c_common.asm
                  READBIN   0x000106    program     static ..\ShivTest\main.asm     
         RETURNFROMCOLUMN   0x0000f9    program     static ..\ShivTest\main.asm     
               RTCDisplay   0x00027d    program     static ..\ShivTest\main.asm     
                    R_END   0x00064e    program     static ..\ShivTest\i2c_common.asm
                 Read1_US   0x000214    program     static ..\ShivTest\main.asm     
                 Read2_US   0x00022f    program     static ..\ShivTest\main.asm     
                ShiftLeft   0x000279    program     static ..\ShivTest\main.asm     
                 ShowBins   0x00029d    program     static ..\ShivTest\main.asm     
                   Spacee   0x00052b    program     static ..\ShivTest\main.asm     
            SpaceeEntries   0x000534    program     static ..\ShivTest\main.asm     
             StdRotation1   0x000346    program     static ..\ShivTest\main.asm     
    StdRotation1Backwards   0x000358    program     static ..\ShivTest\main.asm     
             StdRotation2   0x00034e    program     static ..\ShivTest\main.asm     
    StdRotation2Backwards   0x000360    program     static ..\ShivTest\main.asm     
           StickerColours   0x000502    program     static ..\ShivTest\main.asm     
    StickerColoursEntries   0x00050b    program     static ..\ShivTest\main.asm     
                Stickers1   0x0002a1    program     static ..\ShivTest\main.asm     
                Stickers2   0x0002d3    program     static ..\ShivTest\main.asm     
                 StoreBW1   0x000287    program     static ..\ShivTest\main.asm     
                 StoreBW2   0x00028d    program     static ..\ShivTest\main.asm     
            StoreThisTick   0x00026f    program     static ..\ShivTest\main.asm     
             Switch_Lines   0x0003b4    program     static ..\ShivTest\main.asm     
                    TOTAL   0x000122    program     static ..\ShivTest\main.asm     
                   TOTAL1   0x000124    program     static ..\ShivTest\main.asm     
                  WR_DATA   0x000684    program     extern ..\ShivTest\lcd.asm      
                   WR_END   0x00059d    program     static ..\ShivTest\i2c_common.asm
                   WR_ERR   0x00059c    program     static ..\ShivTest\i2c_common.asm
                   WR_INS   0x000675    program     extern ..\ShivTest\lcd.asm      
                    W_END   0x000624    program     static ..\ShivTest\i2c_common.asm
              Welcome_Msg   0x00047e    program     static ..\ShivTest\main.asm     
             Welcome_Msg2   0x0004b0    program     static ..\ShivTest\main.asm     
      Welcome_Msg2Entries   0x0004b9    program     static ..\ShivTest\main.asm     
       Welcome_MsgEntries   0x000487    program     static ..\ShivTest\main.asm     
              _.code_0010   0x000566    program     static ..\ShivTest\i2c_common.asm
              _.code_0016   0x00056c    program     static ..\ShivTest\i2c_common.asm
              _.code_001E   0x000574    program     static ..\ShivTest\i2c_common.asm
              _.code_002E   0x000584    program     static ..\ShivTest\i2c_common.asm
              _.code_003E   0x000594    program     static ..\ShivTest\i2c_common.asm
              _.code_0046   0x00069a    program     static ..\ShivTest\lcd.asm      
              _.code_004B   0x0005a1    program     static ..\ShivTest\i2c_common.asm
              _.code_0051   0x0005a7    program     static ..\ShivTest\i2c_common.asm
              _.code_0059   0x0005af    program     static ..\ShivTest\i2c_common.asm
              _.code_0069   0x0005bf    program     static ..\ShivTest\i2c_common.asm
              _.code_0074   0x0005ca    program     static ..\ShivTest\i2c_common.asm
              _.code_007C   0x0005d2    program     static ..\ShivTest\i2c_common.asm
              _.code_0087   0x0005dd    program     static ..\ShivTest\i2c_common.asm
              _.code_0093   0x0005e9    program     static ..\ShivTest\i2c_common.asm
              _.code_009A   0x0005f0    program     static ..\ShivTest\i2c_common.asm
              _.code_00AE   0x000604    program     static ..\ShivTest\i2c_common.asm
              _.code_00B6   0x00060c    program     static ..\ShivTest\i2c_common.asm
              _.code_00C6   0x00061c    program     static ..\ShivTest\i2c_common.asm
              _.code_00D2   0x000628    program     static ..\ShivTest\i2c_common.asm
              _.code_00D8   0x00062e    program     static ..\ShivTest\i2c_common.asm
              _.code_00E0   0x000636    program     static ..\ShivTest\i2c_common.asm
              _.code_00EB   0x000641    program     static ..\ShivTest\i2c_common.asm
              _.code_00F7   0x00064d    program     static ..\ShivTest\i2c_common.asm
              _.code_00FC   0x000652    program     static ..\ShivTest\i2c_common.asm
             _.org_0_0086   0x000086    program     static ..\ShivTest\main.asm     
             _.org_0_00D6   0x0000d6    program     static ..\ShivTest\main.asm     
             _.org_0_00DD   0x0000dd    program     static ..\ShivTest\main.asm     
             _.org_0_00E7   0x0000e7    program     static ..\ShivTest\main.asm     
             _.org_0_00F4   0x0000f4    program     static ..\ShivTest\main.asm     
             _.org_0_00FC   0x0000fc    program     static ..\ShivTest\main.asm     
             _.org_0_0103   0x000103    program     static ..\ShivTest\main.asm     
             _.org_0_012A   0x00012a    program     static ..\ShivTest\main.asm     
             _.org_0_0136   0x000136    program     static ..\ShivTest\main.asm     
             _.org_0_0154   0x000154    program     static ..\ShivTest\main.asm     
             _.org_0_015A   0x00015a    program     static ..\ShivTest\main.asm     
             _.org_0_01A1   0x0001a1    program     static ..\ShivTest\main.asm     
             _.org_0_01C4   0x0001c4    program     static ..\ShivTest\main.asm     
             _.org_0_01CA   0x0001ca    program     static ..\ShivTest\main.asm     
             _.org_0_01F0   0x0001f0    program     static ..\ShivTest\main.asm     
             _.org_0_021C   0x00021c    program     static ..\ShivTest\main.asm     
             _.org_0_021F   0x00021f    program     static ..\ShivTest\main.asm     
             _.org_0_0237   0x000237    program     static ..\ShivTest\main.asm     
             _.org_0_023A   0x00023a    program     static ..\ShivTest\main.asm     
             _.org_0_0337   0x000337    program     static ..\ShivTest\main.asm     
             _.org_0_0347   0x000347    program     static ..\ShivTest\main.asm     
             _.org_0_034F   0x00034f    program     static ..\ShivTest\main.asm     
             _.org_0_0359   0x000359    program     static ..\ShivTest\main.asm     
             _.org_0_0361   0x000361    program     static ..\ShivTest\main.asm     
             _.org_0_036B   0x00036b    program     static ..\ShivTest\main.asm     
             _.org_0_038E   0x00038e    program     static ..\ShivTest\main.asm     
             _.org_0_03C1   0x0003c1    program     static ..\ShivTest\main.asm     
             _.org_0_03C3   0x0003c3    program     static ..\ShivTest\main.asm     
             _.org_0_03C6   0x0003c6    program     static ..\ShivTest\main.asm     
             _.org_0_03D1   0x0003d1    program     static ..\ShivTest\main.asm     
             _.org_0_03D3   0x0003d3    program     static ..\ShivTest\main.asm     
             _.org_0_03DC   0x0003dc    program     static ..\ShivTest\main.asm     
             _.org_0_03DF   0x0003df    program     static ..\ShivTest\main.asm     
             _.org_0_046C   0x00046c    program     static ..\ShivTest\main.asm     
             _.org_0_046E   0x00046e    program     static ..\ShivTest\main.asm     
             _.org_0_0471   0x000471    program     static ..\ShivTest\main.asm     
             _.org_0_047A   0x00047a    program     static ..\ShivTest\main.asm     
                _0HalfS_0   0x0003c0    program     static ..\ShivTest\main.asm     
                 _0OneS_0   0x00046b    program     static ..\ShivTest\main.asm     
                  _25end_   0x00016c    program     static ..\ShivTest\main.asm     
                 _25loop_   0x000164    program     static ..\ShivTest\main.asm     
                  _26end_   0x000177    program     static ..\ShivTest\main.asm     
                 _26loop_   0x00016f    program     static ..\ShivTest\main.asm     
                  _56end_   0x0002b3    program     static ..\ShivTest\main.asm     
                 _56loop_   0x0002ab    program     static ..\ShivTest\main.asm     
                  _58end_   0x0002c2    program     static ..\ShivTest\main.asm     
                 _58loop_   0x0002ba    program     static ..\ShivTest\main.asm     
                   _5end_   0x000066    program     static ..\ShivTest\main.asm     
                  _5loop_   0x00005e    program     static ..\ShivTest\main.asm     
                  _60end_   0x0002d0    program     static ..\ShivTest\main.asm     
                 _60loop_   0x0002c8    program     static ..\ShivTest\main.asm     
                  _61end_   0x0002e4    program     static ..\ShivTest\main.asm     
                 _61loop_   0x0002dc    program     static ..\ShivTest\main.asm     
                  _63end_   0x0002f3    program     static ..\ShivTest\main.asm     
                 _63loop_   0x0002eb    program     static ..\ShivTest\main.asm     
                  _65end_   0x000301    program     static ..\ShivTest\main.asm     
                 _65loop_   0x0002f9    program     static ..\ShivTest\main.asm     
                  _66end_   0x000316    program     static ..\ShivTest\main.asm     
                 _66loop_   0x00030e    program     static ..\ShivTest\main.asm     
                  _68end_   0x000326    program     static ..\ShivTest\main.asm     
                 _68loop_   0x00031e    program     static ..\ShivTest\main.asm     
                   _6end_   0x000071    program     static ..\ShivTest\main.asm     
                  _6loop_   0x000069    program     static ..\ShivTest\main.asm     
                  _71end_   0x000333    program     static ..\ShivTest\main.asm     
                 _71loop_   0x00032b    program     static ..\ShivTest\main.asm     
                bin16_BCD   0x000011    program     static ..\ShivTest\main.asm     
              cm_overflow   0x00026b    program     static ..\ShivTest\main.asm     
                   goback   0x0000d8    program     static ..\ShivTest\main.asm     
         i2c_common_setup   0x000556    program     extern ..\ShivTest\i2c_common.asm
                     init   0x000044    program     static ..\ShivTest\main.asm     
             lcdLongDelay   0x000475    program     static ..\ShivTest\main.asm     
             lcdLongDelay   0x000695    program     static ..\ShivTest\lcd.asm      
              mm_overflow   0x000267    program     static ..\ShivTest\main.asm     
                 p2p_read   0x00062a    program     extern ..\ShivTest\i2c_common.asm
                p2p_write   0x000600    program     extern ..\ShivTest\i2c_common.asm
                 read_rtc   0x0005a3    program     extern ..\ShivTest\i2c_common.asm
              rtc_convert   0x0005f2    program     extern ..\ShivTest\i2c_common.asm
             set_rtc_time   0x000449    program     static ..\ShivTest\main.asm     
                 show_RTC   0x0003e9    program     static ..\ShivTest\main.asm     
                write_rtc   0x000568    program     extern ..\ShivTest\i2c_common.asm
                      com   0x000073       data     static ..\ShivTest\lcd.asm      
                      dat   0x000074       data     static ..\ShivTest\lcd.asm      
                   lcd_d1   0x000071       data     static ..\ShivTest\lcd.asm      
                   lcd_d2   0x000072       data     static ..\ShivTest\lcd.asm      
                  lcd_tmp   0x000070       data     static ..\ShivTest\lcd.asm      



                              Symbols - Sorted by Address
                     Name    Address   Location    Storage File                     
                ---------  ---------  ---------  --------- ---------                
         Distance_Display   0x000001    program     static ..\ShivTest\main.asm     
                bin16_BCD   0x000011    program     static ..\ShivTest\main.asm     
                      Lb1   0x000032    program     static ..\ShivTest\main.asm     
                      Lb2   0x000036    program     static ..\ShivTest\main.asm     
                      Lb3   0x00003a    program     static ..\ShivTest\main.asm     
                      Lb4   0x00003e    program     static ..\ShivTest\main.asm     
                     init   0x000044    program     static ..\ShivTest\main.asm     
                  _5loop_   0x00005e    program     static ..\ShivTest\main.asm     
                   _5end_   0x000066    program     static ..\ShivTest\main.asm     
                  _6loop_   0x000069    program     static ..\ShivTest\main.asm     
                   _6end_   0x000071    program     static ..\ShivTest\main.asm     
             KeypadandLCD   0x000085    program     static ..\ShivTest\main.asm     
             _.org_0_0086   0x000086    program     static ..\ShivTest\main.asm     
             _.org_0_00D6   0x0000d6    program     static ..\ShivTest\main.asm     
                   goback   0x0000d8    program     static ..\ShivTest\main.asm     
              AVOIDCOLUMN   0x0000d9    program     static ..\ShivTest\main.asm     
             _.org_0_00DD   0x0000dd    program     static ..\ShivTest\main.asm     
             _.org_0_00E7   0x0000e7    program     static ..\ShivTest\main.asm     
             _.org_0_00F4   0x0000f4    program     static ..\ShivTest\main.asm     
         RETURNFROMCOLUMN   0x0000f9    program     static ..\ShivTest\main.asm     
             _.org_0_00FC   0x0000fc    program     static ..\ShivTest\main.asm     
             _.org_0_0103   0x000103    program     static ..\ShivTest\main.asm     
                  READBIN   0x000106    program     static ..\ShivTest\main.asm     
                    TOTAL   0x000122    program     static ..\ShivTest\main.asm     
                   TOTAL1   0x000124    program     static ..\ShivTest\main.asm     
          COLREADINGSTART   0x000126    program     static ..\ShivTest\main.asm     
             _.org_0_012A   0x00012a    program     static ..\ShivTest\main.asm     
          BINREADINGSTART   0x000132    program     static ..\ShivTest\main.asm     
             _.org_0_0136   0x000136    program     static ..\ShivTest\main.asm     
              DELAYEDREAD   0x00013f    program     static ..\ShivTest\main.asm     
                  ENDTHIS   0x000147    program     static ..\ShivTest\main.asm     
              CHECKSWITCH   0x000150    program     static ..\ShivTest\main.asm     
             _.org_0_0154   0x000154    program     static ..\ShivTest\main.asm     
             _.org_0_015A   0x00015a    program     static ..\ShivTest\main.asm     
                     EXIT   0x00015d    program     static ..\ShivTest\main.asm     
                 _25loop_   0x000164    program     static ..\ShivTest\main.asm     
                  _25end_   0x00016c    program     static ..\ShivTest\main.asm     
                 _26loop_   0x00016f    program     static ..\ShivTest\main.asm     
                  _26end_   0x000177    program     static ..\ShivTest\main.asm     
              EXITDISPLAY   0x0001a0    program     static ..\ShivTest\main.asm     
             _.org_0_01A1   0x0001a1    program     static ..\ShivTest\main.asm     
             _.org_0_01C4   0x0001c4    program     static ..\ShivTest\main.asm     
            MoveBackwards   0x0001c7    program     static ..\ShivTest\main.asm     
            BWScanModule1   0x0001c8    program     static ..\ShivTest\main.asm     
             _.org_0_01CA   0x0001ca    program     static ..\ShivTest\main.asm     
           BWStoreModule1   0x0001e1    program     static ..\ShivTest\main.asm     
            BWScanModule2   0x0001ee    program     static ..\ShivTest\main.asm     
             _.org_0_01F0   0x0001f0    program     static ..\ShivTest\main.asm     
           BWStoreModule2   0x000207    program     static ..\ShivTest\main.asm     
                 Read1_US   0x000214    program     static ..\ShivTest\main.asm     
             _.org_0_021C   0x00021c    program     static ..\ShivTest\main.asm     
             _.org_0_021F   0x00021f    program     static ..\ShivTest\main.asm     
                 Read2_US   0x00022f    program     static ..\ShivTest\main.asm     
             _.org_0_0237   0x000237    program     static ..\ShivTest\main.asm     
             _.org_0_023A   0x00023a    program     static ..\ShivTest\main.asm     
             Dist_Decoder   0x00024a    program     static ..\ShivTest\main.asm     
              Decode_loop   0x000251    program     static ..\ShivTest\main.asm     
        Check_mm_overflow   0x000258    program     static ..\ShivTest\main.asm     
        Check_cm_overflow   0x00025c    program     static ..\ShivTest\main.asm     
        Decode_check_done   0x000262    program     static ..\ShivTest\main.asm     
              mm_overflow   0x000267    program     static ..\ShivTest\main.asm     
              cm_overflow   0x00026b    program     static ..\ShivTest\main.asm     
            StoreThisTick   0x00026f    program     static ..\ShivTest\main.asm     
                ShiftLeft   0x000279    program     static ..\ShivTest\main.asm     
               RTCDisplay   0x00027d    program     static ..\ShivTest\main.asm     
                 StoreBW1   0x000287    program     static ..\ShivTest\main.asm     
                 StoreBW2   0x00028d    program     static ..\ShivTest\main.asm     
                   AddBin   0x000293    program     static ..\ShivTest\main.asm     
                 ShowBins   0x00029d    program     static ..\ShivTest\main.asm     
                Stickers1   0x0002a1    program     static ..\ShivTest\main.asm     
                 _56loop_   0x0002ab    program     static ..\ShivTest\main.asm     
                  _56end_   0x0002b3    program     static ..\ShivTest\main.asm     
               FrontLoop1   0x0002b3    program     static ..\ShivTest\main.asm     
                 _58loop_   0x0002ba    program     static ..\ShivTest\main.asm     
                  _58end_   0x0002c2    program     static ..\ShivTest\main.asm     
                 _60loop_   0x0002c8    program     static ..\ShivTest\main.asm     
                  _60end_   0x0002d0    program     static ..\ShivTest\main.asm     
                Stickers2   0x0002d3    program     static ..\ShivTest\main.asm     
                 _61loop_   0x0002dc    program     static ..\ShivTest\main.asm     
               FrontLoop2   0x0002e4    program     static ..\ShivTest\main.asm     
                  _61end_   0x0002e4    program     static ..\ShivTest\main.asm     
                 _63loop_   0x0002eb    program     static ..\ShivTest\main.asm     
                  _63end_   0x0002f3    program     static ..\ShivTest\main.asm     
                 _65loop_   0x0002f9    program     static ..\ShivTest\main.asm     
                  _65end_   0x000301    program     static ..\ShivTest\main.asm     
                Locations   0x000304    program     static ..\ShivTest\main.asm     
                 _66loop_   0x00030e    program     static ..\ShivTest\main.asm     
                  _66end_   0x000316    program     static ..\ShivTest\main.asm     
                FrontLoop   0x000317    program     static ..\ShivTest\main.asm     
                 _68loop_   0x00031e    program     static ..\ShivTest\main.asm     
                  _68end_   0x000326    program     static ..\ShivTest\main.asm     
                 _71loop_   0x00032b    program     static ..\ShivTest\main.asm     
                  _71end_   0x000333    program     static ..\ShivTest\main.asm     
             LEDControlON   0x000336    program     static ..\ShivTest\main.asm     
             _.org_0_0337   0x000337    program     static ..\ShivTest\main.asm     
     DisplayBlackWhiteIR1   0x00033e    program     static ..\ShivTest\main.asm     
     DisplayBlackWhiteIR2   0x000342    program     static ..\ShivTest\main.asm     
             StdRotation1   0x000346    program     static ..\ShivTest\main.asm     
             _.org_0_0347   0x000347    program     static ..\ShivTest\main.asm     
             StdRotation2   0x00034e    program     static ..\ShivTest\main.asm     
             _.org_0_034F   0x00034f    program     static ..\ShivTest\main.asm     
    StdRotation1Backwards   0x000358    program     static ..\ShivTest\main.asm     
             _.org_0_0359   0x000359    program     static ..\ShivTest\main.asm     
    StdRotation2Backwards   0x000360    program     static ..\ShivTest\main.asm     
             _.org_0_0361   0x000361    program     static ..\ShivTest\main.asm     
                   PWMFWD   0x00036a    program     static ..\ShivTest\main.asm     
             _.org_0_036B   0x00036b    program     static ..\ShivTest\main.asm     
                  PWMBACK   0x00038d    program     static ..\ShivTest\main.asm     
             _.org_0_038E   0x00038e    program     static ..\ShivTest\main.asm     
                  PWMSTOP   0x0003af    program     static ..\ShivTest\main.asm     
             Switch_Lines   0x0003b4    program     static ..\ShivTest\main.asm     
            Clear_Display   0x0003b7    program     static ..\ShivTest\main.asm     
                    HalfS   0x0003ba    program     static ..\ShivTest\main.asm     
                _0HalfS_0   0x0003c0    program     static ..\ShivTest\main.asm     
             _.org_0_03C1   0x0003c1    program     static ..\ShivTest\main.asm     
             _.org_0_03C3   0x0003c3    program     static ..\ShivTest\main.asm     
             _.org_0_03C6   0x0003c6    program     static ..\ShivTest\main.asm     
                   DELAY1   0x0003ca    program     static ..\ShivTest\main.asm     
                  Delay_0   0x0003d0    program     static ..\ShivTest\main.asm     
             _.org_0_03D1   0x0003d1    program     static ..\ShivTest\main.asm     
             _.org_0_03D3   0x0003d3    program     static ..\ShivTest\main.asm     
                   DELAY2   0x0003d7    program     static ..\ShivTest\main.asm     
                 Delay_02   0x0003db    program     static ..\ShivTest\main.asm     
             _.org_0_03DC   0x0003dc    program     static ..\ShivTest\main.asm     
             _.org_0_03DF   0x0003df    program     static ..\ShivTest\main.asm     
                Init_TMR0   0x0003e1    program     static ..\ShivTest\main.asm     
                 show_RTC   0x0003e9    program     static ..\ShivTest\main.asm     
             set_rtc_time   0x000449    program     static ..\ShivTest\main.asm     
                     OneS   0x000465    program     static ..\ShivTest\main.asm     
                 _0OneS_0   0x00046b    program     static ..\ShivTest\main.asm     
             _.org_0_046C   0x00046c    program     static ..\ShivTest\main.asm     
             _.org_0_046E   0x00046e    program     static ..\ShivTest\main.asm     
             _.org_0_0471   0x000471    program     static ..\ShivTest\main.asm     
             lcdLongDelay   0x000475    program     static ..\ShivTest\main.asm     
                 LLD_LOOP   0x000477    program     static ..\ShivTest\main.asm     
             _.org_0_047A   0x00047a    program     static ..\ShivTest\main.asm     
              Welcome_Msg   0x00047e    program     static ..\ShivTest\main.asm     
       Welcome_MsgEntries   0x000487    program     static ..\ShivTest\main.asm     
             Welcome_Msg2   0x0004b0    program     static ..\ShivTest\main.asm     
      Welcome_Msg2Entries   0x0004b9    program     static ..\ShivTest\main.asm     
             FinalMessage   0x0004ce    program     static ..\ShivTest\main.asm     
      FinalMessageEntries   0x0004d7    program     static ..\ShivTest\main.asm     
                DectoChar   0x0004ee    program     static ..\ShivTest\main.asm     
         DectoCharEntries   0x0004f7    program     static ..\ShivTest\main.asm     
           StickerColours   0x000502    program     static ..\ShivTest\main.asm     
    StickerColoursEntries   0x00050b    program     static ..\ShivTest\main.asm     
            FrontStickers   0x00050e    program     static ..\ShivTest\main.asm     
     FrontStickersEntries   0x000517    program     static ..\ShivTest\main.asm     
             BackStickers   0x00051d    program     static ..\ShivTest\main.asm     
      BackStickersEntries   0x000526    program     static ..\ShivTest\main.asm     
                   Spacee   0x00052b    program     static ..\ShivTest\main.asm     
            SpaceeEntries   0x000534    program     static ..\ShivTest\main.asm     
                    Colon   0x000536    program     static ..\ShivTest\main.asm     
             ColonEntries   0x00053f    program     static ..\ShivTest\main.asm     
                Distances   0x000541    program     static ..\ShivTest\main.asm     
         DistancesEntries   0x00054a    program     static ..\ShivTest\main.asm     
         i2c_common_setup   0x000556    program     extern ..\ShivTest\i2c_common.asm
              _.code_0010   0x000566    program     static ..\ShivTest\i2c_common.asm
                write_rtc   0x000568    program     extern ..\ShivTest\i2c_common.asm
              _.code_0016   0x00056c    program     static ..\ShivTest\i2c_common.asm
              _.code_001E   0x000574    program     static ..\ShivTest\i2c_common.asm
              _.code_002E   0x000584    program     static ..\ShivTest\i2c_common.asm
              _.code_003E   0x000594    program     static ..\ShivTest\i2c_common.asm
                   WR_ERR   0x00059c    program     static ..\ShivTest\i2c_common.asm
                   WR_END   0x00059d    program     static ..\ShivTest\i2c_common.asm
              _.code_004B   0x0005a1    program     static ..\ShivTest\i2c_common.asm
                 read_rtc   0x0005a3    program     extern ..\ShivTest\i2c_common.asm
              _.code_0051   0x0005a7    program     static ..\ShivTest\i2c_common.asm
              _.code_0059   0x0005af    program     static ..\ShivTest\i2c_common.asm
              _.code_0069   0x0005bf    program     static ..\ShivTest\i2c_common.asm
              _.code_0074   0x0005ca    program     static ..\ShivTest\i2c_common.asm
              _.code_007C   0x0005d2    program     static ..\ShivTest\i2c_common.asm
              _.code_0087   0x0005dd    program     static ..\ShivTest\i2c_common.asm
              _.code_0093   0x0005e9    program     static ..\ShivTest\i2c_common.asm
                   RD_ERR   0x0005eb    program     static ..\ShivTest\i2c_common.asm
                   RD_END   0x0005ec    program     static ..\ShivTest\i2c_common.asm
              _.code_009A   0x0005f0    program     static ..\ShivTest\i2c_common.asm
              rtc_convert   0x0005f2    program     extern ..\ShivTest\i2c_common.asm
                p2p_write   0x000600    program     extern ..\ShivTest\i2c_common.asm
              _.code_00AE   0x000604    program     static ..\ShivTest\i2c_common.asm
              _.code_00B6   0x00060c    program     static ..\ShivTest\i2c_common.asm
              _.code_00C6   0x00061c    program     static ..\ShivTest\i2c_common.asm
                    W_END   0x000624    program     static ..\ShivTest\i2c_common.asm
              _.code_00D2   0x000628    program     static ..\ShivTest\i2c_common.asm
                 p2p_read   0x00062a    program     extern ..\ShivTest\i2c_common.asm
              _.code_00D8   0x00062e    program     static ..\ShivTest\i2c_common.asm
              _.code_00E0   0x000636    program     static ..\ShivTest\i2c_common.asm
              _.code_00EB   0x000641    program     static ..\ShivTest\i2c_common.asm
              _.code_00F7   0x00064d    program     static ..\ShivTest\i2c_common.asm
                    R_END   0x00064e    program     static ..\ShivTest\i2c_common.asm
              _.code_00FC   0x000652    program     static ..\ShivTest\i2c_common.asm
                  InitLCD   0x000654    program     extern ..\ShivTest\lcd.asm      
                   ClrLCD   0x000672    program     extern ..\ShivTest\lcd.asm      
                   WR_INS   0x000675    program     extern ..\ShivTest\lcd.asm      
                  WR_DATA   0x000684    program     extern ..\ShivTest\lcd.asm      
             lcdLongDelay   0x000695    program     static ..\ShivTest\lcd.asm      
                 LLD_LOOP   0x000697    program     static ..\ShivTest\lcd.asm      
              _.code_0046   0x00069a    program     static ..\ShivTest\lcd.asm      
                  lcd_tmp   0x000070       data     static ..\ShivTest\lcd.asm      
                   lcd_d1   0x000071       data     static ..\ShivTest\lcd.asm      
                   lcd_d2   0x000072       data     static ..\ShivTest\lcd.asm      
                      com   0x000073       data     static ..\ShivTest\lcd.asm      
                      dat   0x000074       data     static ..\ShivTest\lcd.asm      


