MPLINK 5.08, LINKER
Linker Map File - Created Sun Apr 03 01:28:20 2016

                                 Section Info
                  Section       Type    Address   Location Size(Bytes)
                ---------  ---------  ---------  ---------  ---------
                   .org_0       code   0x000000    program   0x000b3a
                   .cinit    romdata   0x00059d    program   0x000004
                    .code       code   0x00059f    program   0x000290
.config_2007_BUILD/DEFAULT/PRODUCTION/_EXT/10       code   0x002007    program   0x000002
               .udata_shr      udata   0x000070       data   0x000005



                              Program Memory Usage 
                               Start         End      
                           ---------   ---------      
                            0x000000    0x0006e6      
                            0x002007    0x002007      
            1768 out of 8454 program addresses used, program memory utilization is 20%



                              Symbols - Sorted by Name
                     Name    Address   Location    Storage File                     
                ---------  ---------  ---------  --------- ---------                
              AVOIDCOLUMN   0x0000e9    program     static ..\ShivTest\main.asm     
                   AddBin   0x0002ab    program     static ..\ShivTest\main.asm     
            BWScanModule1   0x0001b4    program     static ..\ShivTest\main.asm     
            BWScanModule2   0x0001da    program     static ..\ShivTest\main.asm     
           BWStoreModule1   0x0001cd    program     static ..\ShivTest\main.asm     
           BWStoreModule2   0x0001f3    program     static ..\ShivTest\main.asm     
             BackStickers   0x000566    program     static ..\ShivTest\main.asm     
      BackStickersEntries   0x00056f    program     static ..\ShivTest\main.asm     
              CHECKSWITCH   0x000158    program     static ..\ShivTest\main.asm     
            Clear_Display   0x000400    program     static ..\ShivTest\main.asm     
                   ClrLCD   0x0006bb    program     extern ..\ShivTest\lcd.asm      
                    Colon   0x00057f    program     static ..\ShivTest\main.asm     
             ColonEntries   0x000588    program     static ..\ShivTest\main.asm     
                   DELAY1   0x000413    program     static ..\ShivTest\main.asm     
                   DELAY2   0x000420    program     static ..\ShivTest\main.asm     
              DELAYEDREAD   0x00014f    program     static ..\ShivTest\main.asm     
        Decode_check_done   0x00027b    program     static ..\ShivTest\main.asm     
              Decode_loop   0x000270    program     static ..\ShivTest\main.asm     
                DectoChar   0x000537    program     static ..\ShivTest\main.asm     
         DectoCharEntries   0x000540    program     static ..\ShivTest\main.asm     
                  Delay_0   0x000419    program     static ..\ShivTest\main.asm     
                 Delay_02   0x000424    program     static ..\ShivTest\main.asm     
     DisplayBlackWhiteIR1   0x000377    program     static ..\ShivTest\main.asm     
     DisplayBlackWhiteIR2   0x000381    program     static ..\ShivTest\main.asm     
         DisplayUSSensor1   0x00038b    program     static ..\ShivTest\main.asm     
         DisplayUSSensor2   0x00038d    program     static ..\ShivTest\main.asm     
             Dist_Decoder   0x000268    program     static ..\ShivTest\main.asm     
                Distances   0x00058a    program     static ..\ShivTest\main.asm     
         DistancesEntries   0x000593    program     static ..\ShivTest\main.asm     
                  ENDTHIS   0x000155    program     static ..\ShivTest\main.asm     
                     EXIT   0x000165    program     static ..\ShivTest\main.asm     
              EXITDISPLAY   0x000187    program     static ..\ShivTest\main.asm     
             FinalMessage   0x000517    program     static ..\ShivTest\main.asm     
      FinalMessageEntries   0x000520    program     static ..\ShivTest\main.asm     
                FrontLoop   0x00032f    program     static ..\ShivTest\main.asm     
               FrontLoop1   0x0002cb    program     static ..\ShivTest\main.asm     
               FrontLoop2   0x0002fc    program     static ..\ShivTest\main.asm     
            FrontStickers   0x000557    program     static ..\ShivTest\main.asm     
     FrontStickersEntries   0x000560    program     static ..\ShivTest\main.asm     
                    HalfS   0x000403    program     static ..\ShivTest\main.asm     
                  InitLCD   0x00069d    program     extern ..\ShivTest\lcd.asm      
                Init_TMR0   0x00042a    program     static ..\ShivTest\main.asm     
             KeypadandLCD   0x000095    program     static ..\ShivTest\main.asm     
             LEDControlON   0x00036f    program     static ..\ShivTest\main.asm     
                 LLD_LOOP   0x0004c0    program     static ..\ShivTest\main.asm     
                 LLD_LOOP   0x0006e0    program     static ..\ShivTest\lcd.asm      
                      Lb1   0x000022    program     static ..\ShivTest\main.asm     
                      Lb2   0x000026    program     static ..\ShivTest\main.asm     
                      Lb3   0x00002a    program     static ..\ShivTest\main.asm     
                      Lb4   0x00002e    program     static ..\ShivTest\main.asm     
                Locations   0x00031c    program     static ..\ShivTest\main.asm     
           MOVEFWDFORABIT   0x00017e    program     static ..\ShivTest\main.asm     
            MoveBackwards   0x0001b3    program     static ..\ShivTest\main.asm     
                     OneS   0x0004ae    program     static ..\ShivTest\main.asm     
                  PWMBACK   0x0003d6    program     static ..\ShivTest\main.asm     
                   PWMFWD   0x0003b3    program     static ..\ShivTest\main.asm     
                  PWMSTOP   0x0003f8    program     static ..\ShivTest\main.asm     
                   RD_END   0x000635    program     static ..\ShivTest\i2c_common.asm
                   RD_ERR   0x000634    program     static ..\ShivTest\i2c_common.asm
                  READBIN   0x000118    program     static ..\ShivTest\main.asm     
         RETURNFROMCOLUMN   0x00010b    program     static ..\ShivTest\main.asm     
               RTCDisplay   0x000295    program     static ..\ShivTest\main.asm     
                    R_END   0x000697    program     static ..\ShivTest\i2c_common.asm
                 Read1_US   0x000220    program     static ..\ShivTest\main.asm     
                 Read2_US   0x000244    program     static ..\ShivTest\main.asm     
                   ReadBW   0x000200    program     static ..\ShivTest\main.asm     
                ShiftLeft   0x000291    program     static ..\ShivTest\main.asm     
                 ShowBins   0x0002b5    program     static ..\ShivTest\main.asm     
                   Spacee   0x000574    program     static ..\ShivTest\main.asm     
            SpaceeEntries   0x00057d    program     static ..\ShivTest\main.asm     
             StdRotation1   0x00038f    program     static ..\ShivTest\main.asm     
    StdRotation1Backwards   0x0003a1    program     static ..\ShivTest\main.asm     
             StdRotation2   0x000397    program     static ..\ShivTest\main.asm     
    StdRotation2Backwards   0x0003a9    program     static ..\ShivTest\main.asm     
           StickerColours   0x00054b    program     static ..\ShivTest\main.asm     
    StickerColoursEntries   0x000554    program     static ..\ShivTest\main.asm     
                Stickers1   0x0002b9    program     static ..\ShivTest\main.asm     
                Stickers2   0x0002eb    program     static ..\ShivTest\main.asm     
                 StoreBW1   0x00029f    program     static ..\ShivTest\main.asm     
                 StoreBW2   0x0002a5    program     static ..\ShivTest\main.asm     
        StoreThisDistance   0x000284    program     static ..\ShivTest\main.asm     
             Switch_Lines   0x0003fd    program     static ..\ShivTest\main.asm     
                    TOTAL   0x00013d    program     static ..\ShivTest\main.asm     
                   TOTAL1   0x000141    program     static ..\ShivTest\main.asm     
            TotalDistance   0x00035a    program     static ..\ShivTest\main.asm     
                  WR_DATA   0x0006cd    program     extern ..\ShivTest\lcd.asm      
                   WR_END   0x0005e6    program     static ..\ShivTest\i2c_common.asm
                   WR_ERR   0x0005e5    program     static ..\ShivTest\i2c_common.asm
                   WR_INS   0x0006be    program     extern ..\ShivTest\lcd.asm      
                    W_END   0x00066d    program     static ..\ShivTest\i2c_common.asm
              Welcome_Msg   0x0004c7    program     static ..\ShivTest\main.asm     
             Welcome_Msg2   0x0004f9    program     static ..\ShivTest\main.asm     
      Welcome_Msg2Entries   0x000502    program     static ..\ShivTest\main.asm     
       Welcome_MsgEntries   0x0004d0    program     static ..\ShivTest\main.asm     
              _.code_0010   0x0005af    program     static ..\ShivTest\i2c_common.asm
              _.code_0016   0x0005b5    program     static ..\ShivTest\i2c_common.asm
              _.code_001E   0x0005bd    program     static ..\ShivTest\i2c_common.asm
              _.code_002E   0x0005cd    program     static ..\ShivTest\i2c_common.asm
              _.code_003E   0x0005dd    program     static ..\ShivTest\i2c_common.asm
              _.code_0046   0x0006e3    program     static ..\ShivTest\lcd.asm      
              _.code_004B   0x0005ea    program     static ..\ShivTest\i2c_common.asm
              _.code_0051   0x0005f0    program     static ..\ShivTest\i2c_common.asm
              _.code_0059   0x0005f8    program     static ..\ShivTest\i2c_common.asm
              _.code_0069   0x000608    program     static ..\ShivTest\i2c_common.asm
              _.code_0074   0x000613    program     static ..\ShivTest\i2c_common.asm
              _.code_007C   0x00061b    program     static ..\ShivTest\i2c_common.asm
              _.code_0087   0x000626    program     static ..\ShivTest\i2c_common.asm
              _.code_0093   0x000632    program     static ..\ShivTest\i2c_common.asm
              _.code_009A   0x000639    program     static ..\ShivTest\i2c_common.asm
              _.code_00AE   0x00064d    program     static ..\ShivTest\i2c_common.asm
              _.code_00B6   0x000655    program     static ..\ShivTest\i2c_common.asm
              _.code_00C6   0x000665    program     static ..\ShivTest\i2c_common.asm
              _.code_00D2   0x000671    program     static ..\ShivTest\i2c_common.asm
              _.code_00D8   0x000677    program     static ..\ShivTest\i2c_common.asm
              _.code_00E0   0x00067f    program     static ..\ShivTest\i2c_common.asm
              _.code_00EB   0x00068a    program     static ..\ShivTest\i2c_common.asm
              _.code_00F7   0x000696    program     static ..\ShivTest\i2c_common.asm
              _.code_00FC   0x00069b    program     static ..\ShivTest\i2c_common.asm
             _.org_0_0096   0x000096    program     static ..\ShivTest\main.asm     
             _.org_0_00E6   0x0000e6    program     static ..\ShivTest\main.asm     
             _.org_0_00ED   0x0000ed    program     static ..\ShivTest\main.asm     
             _.org_0_00F7   0x0000f7    program     static ..\ShivTest\main.asm     
             _.org_0_0107   0x000107    program     static ..\ShivTest\main.asm     
             _.org_0_010E   0x00010e    program     static ..\ShivTest\main.asm     
             _.org_0_0115   0x000115    program     static ..\ShivTest\main.asm     
             _.org_0_015C   0x00015c    program     static ..\ShivTest\main.asm     
             _.org_0_0162   0x000162    program     static ..\ShivTest\main.asm     
             _.org_0_0188   0x000188    program     static ..\ShivTest\main.asm     
             _.org_0_01B0   0x0001b0    program     static ..\ShivTest\main.asm     
             _.org_0_01B6   0x0001b6    program     static ..\ShivTest\main.asm     
             _.org_0_01DC   0x0001dc    program     static ..\ShivTest\main.asm     
             _.org_0_0202   0x000202    program     static ..\ShivTest\main.asm     
             _.org_0_0228   0x000228    program     static ..\ShivTest\main.asm     
             _.org_0_022B   0x00022b    program     static ..\ShivTest\main.asm     
             _.org_0_024C   0x00024c    program     static ..\ShivTest\main.asm     
             _.org_0_024F   0x00024f    program     static ..\ShivTest\main.asm     
             _.org_0_0370   0x000370    program     static ..\ShivTest\main.asm     
             _.org_0_0390   0x000390    program     static ..\ShivTest\main.asm     
             _.org_0_0398   0x000398    program     static ..\ShivTest\main.asm     
             _.org_0_03A2   0x0003a2    program     static ..\ShivTest\main.asm     
             _.org_0_03AA   0x0003aa    program     static ..\ShivTest\main.asm     
             _.org_0_03B4   0x0003b4    program     static ..\ShivTest\main.asm     
             _.org_0_03D7   0x0003d7    program     static ..\ShivTest\main.asm     
             _.org_0_040A   0x00040a    program     static ..\ShivTest\main.asm     
             _.org_0_040C   0x00040c    program     static ..\ShivTest\main.asm     
             _.org_0_040F   0x00040f    program     static ..\ShivTest\main.asm     
             _.org_0_041A   0x00041a    program     static ..\ShivTest\main.asm     
             _.org_0_041C   0x00041c    program     static ..\ShivTest\main.asm     
             _.org_0_0425   0x000425    program     static ..\ShivTest\main.asm     
             _.org_0_0428   0x000428    program     static ..\ShivTest\main.asm     
             _.org_0_04B5   0x0004b5    program     static ..\ShivTest\main.asm     
             _.org_0_04B7   0x0004b7    program     static ..\ShivTest\main.asm     
             _.org_0_04BA   0x0004ba    program     static ..\ShivTest\main.asm     
             _.org_0_04C3   0x0004c3    program     static ..\ShivTest\main.asm     
                _0HalfS_0   0x000409    program     static ..\ShivTest\main.asm     
                 _0OneS_0   0x0004b4    program     static ..\ShivTest\main.asm     
                  _24end_   0x000170    program     static ..\ShivTest\main.asm     
                 _24loop_   0x000168    program     static ..\ShivTest\main.asm     
                  _25end_   0x00017b    program     static ..\ShivTest\main.asm     
                 _25loop_   0x000173    program     static ..\ShivTest\main.asm     
                   _2end_   0x000076    program     static ..\ShivTest\main.asm     
                  _2loop_   0x00006e    program     static ..\ShivTest\main.asm     
                   _3end_   0x000081    program     static ..\ShivTest\main.asm     
                  _3loop_   0x000079    program     static ..\ShivTest\main.asm     
                  _65end_   0x0002cb    program     static ..\ShivTest\main.asm     
                 _65loop_   0x0002c3    program     static ..\ShivTest\main.asm     
                  _67end_   0x0002da    program     static ..\ShivTest\main.asm     
                 _67loop_   0x0002d2    program     static ..\ShivTest\main.asm     
                  _69end_   0x0002e8    program     static ..\ShivTest\main.asm     
                 _69loop_   0x0002e0    program     static ..\ShivTest\main.asm     
                  _70end_   0x0002fc    program     static ..\ShivTest\main.asm     
                 _70loop_   0x0002f4    program     static ..\ShivTest\main.asm     
                  _72end_   0x00030b    program     static ..\ShivTest\main.asm     
                 _72loop_   0x000303    program     static ..\ShivTest\main.asm     
                  _74end_   0x000319    program     static ..\ShivTest\main.asm     
                 _74loop_   0x000311    program     static ..\ShivTest\main.asm     
                  _75end_   0x00032e    program     static ..\ShivTest\main.asm     
                 _75loop_   0x000326    program     static ..\ShivTest\main.asm     
                  _77end_   0x00033e    program     static ..\ShivTest\main.asm     
                 _77loop_   0x000336    program     static ..\ShivTest\main.asm     
                  _82end_   0x000357    program     static ..\ShivTest\main.asm     
                 _82loop_   0x00034f    program     static ..\ShivTest\main.asm     
                bin16_BCD   0x000001    program     static ..\ShivTest\main.asm     
                   goback   0x0000e8    program     static ..\ShivTest\main.asm     
         i2c_common_setup   0x00059f    program     extern ..\ShivTest\i2c_common.asm
                     init   0x000034    program     static ..\ShivTest\main.asm     
             lcdLongDelay   0x0004be    program     static ..\ShivTest\main.asm     
             lcdLongDelay   0x0006de    program     static ..\ShivTest\lcd.asm      
              mm_overflow   0x000280    program     static ..\ShivTest\main.asm     
                 p2p_read   0x000673    program     extern ..\ShivTest\i2c_common.asm
                p2p_write   0x000649    program     extern ..\ShivTest\i2c_common.asm
                 read_rtc   0x0005ec    program     extern ..\ShivTest\i2c_common.asm
              rtc_convert   0x00063b    program     extern ..\ShivTest\i2c_common.asm
             set_rtc_time   0x000492    program     static ..\ShivTest\main.asm     
                 show_RTC   0x000432    program     static ..\ShivTest\main.asm     
                write_rtc   0x0005b1    program     extern ..\ShivTest\i2c_common.asm
                      com   0x000073       data     static ..\ShivTest\lcd.asm      
                      dat   0x000074       data     static ..\ShivTest\lcd.asm      
                   lcd_d1   0x000071       data     static ..\ShivTest\lcd.asm      
                   lcd_d2   0x000072       data     static ..\ShivTest\lcd.asm      
                  lcd_tmp   0x000070       data     static ..\ShivTest\lcd.asm      



                              Symbols - Sorted by Address
                     Name    Address   Location    Storage File                     
                ---------  ---------  ---------  --------- ---------                
                bin16_BCD   0x000001    program     static ..\ShivTest\main.asm     
                      Lb1   0x000022    program     static ..\ShivTest\main.asm     
                      Lb2   0x000026    program     static ..\ShivTest\main.asm     
                      Lb3   0x00002a    program     static ..\ShivTest\main.asm     
                      Lb4   0x00002e    program     static ..\ShivTest\main.asm     
                     init   0x000034    program     static ..\ShivTest\main.asm     
                  _2loop_   0x00006e    program     static ..\ShivTest\main.asm     
                   _2end_   0x000076    program     static ..\ShivTest\main.asm     
                  _3loop_   0x000079    program     static ..\ShivTest\main.asm     
                   _3end_   0x000081    program     static ..\ShivTest\main.asm     
             KeypadandLCD   0x000095    program     static ..\ShivTest\main.asm     
             _.org_0_0096   0x000096    program     static ..\ShivTest\main.asm     
             _.org_0_00E6   0x0000e6    program     static ..\ShivTest\main.asm     
                   goback   0x0000e8    program     static ..\ShivTest\main.asm     
              AVOIDCOLUMN   0x0000e9    program     static ..\ShivTest\main.asm     
             _.org_0_00ED   0x0000ed    program     static ..\ShivTest\main.asm     
             _.org_0_00F7   0x0000f7    program     static ..\ShivTest\main.asm     
             _.org_0_0107   0x000107    program     static ..\ShivTest\main.asm     
         RETURNFROMCOLUMN   0x00010b    program     static ..\ShivTest\main.asm     
             _.org_0_010E   0x00010e    program     static ..\ShivTest\main.asm     
             _.org_0_0115   0x000115    program     static ..\ShivTest\main.asm     
                  READBIN   0x000118    program     static ..\ShivTest\main.asm     
                    TOTAL   0x00013d    program     static ..\ShivTest\main.asm     
                   TOTAL1   0x000141    program     static ..\ShivTest\main.asm     
              DELAYEDREAD   0x00014f    program     static ..\ShivTest\main.asm     
                  ENDTHIS   0x000155    program     static ..\ShivTest\main.asm     
              CHECKSWITCH   0x000158    program     static ..\ShivTest\main.asm     
             _.org_0_015C   0x00015c    program     static ..\ShivTest\main.asm     
             _.org_0_0162   0x000162    program     static ..\ShivTest\main.asm     
                     EXIT   0x000165    program     static ..\ShivTest\main.asm     
                 _24loop_   0x000168    program     static ..\ShivTest\main.asm     
                  _24end_   0x000170    program     static ..\ShivTest\main.asm     
                 _25loop_   0x000173    program     static ..\ShivTest\main.asm     
                  _25end_   0x00017b    program     static ..\ShivTest\main.asm     
           MOVEFWDFORABIT   0x00017e    program     static ..\ShivTest\main.asm     
              EXITDISPLAY   0x000187    program     static ..\ShivTest\main.asm     
             _.org_0_0188   0x000188    program     static ..\ShivTest\main.asm     
             _.org_0_01B0   0x0001b0    program     static ..\ShivTest\main.asm     
            MoveBackwards   0x0001b3    program     static ..\ShivTest\main.asm     
            BWScanModule1   0x0001b4    program     static ..\ShivTest\main.asm     
             _.org_0_01B6   0x0001b6    program     static ..\ShivTest\main.asm     
           BWStoreModule1   0x0001cd    program     static ..\ShivTest\main.asm     
            BWScanModule2   0x0001da    program     static ..\ShivTest\main.asm     
             _.org_0_01DC   0x0001dc    program     static ..\ShivTest\main.asm     
           BWStoreModule2   0x0001f3    program     static ..\ShivTest\main.asm     
                   ReadBW   0x000200    program     static ..\ShivTest\main.asm     
             _.org_0_0202   0x000202    program     static ..\ShivTest\main.asm     
                 Read1_US   0x000220    program     static ..\ShivTest\main.asm     
             _.org_0_0228   0x000228    program     static ..\ShivTest\main.asm     
             _.org_0_022B   0x00022b    program     static ..\ShivTest\main.asm     
                 Read2_US   0x000244    program     static ..\ShivTest\main.asm     
             _.org_0_024C   0x00024c    program     static ..\ShivTest\main.asm     
             _.org_0_024F   0x00024f    program     static ..\ShivTest\main.asm     
             Dist_Decoder   0x000268    program     static ..\ShivTest\main.asm     
              Decode_loop   0x000270    program     static ..\ShivTest\main.asm     
        Decode_check_done   0x00027b    program     static ..\ShivTest\main.asm     
              mm_overflow   0x000280    program     static ..\ShivTest\main.asm     
        StoreThisDistance   0x000284    program     static ..\ShivTest\main.asm     
                ShiftLeft   0x000291    program     static ..\ShivTest\main.asm     
               RTCDisplay   0x000295    program     static ..\ShivTest\main.asm     
                 StoreBW1   0x00029f    program     static ..\ShivTest\main.asm     
                 StoreBW2   0x0002a5    program     static ..\ShivTest\main.asm     
                   AddBin   0x0002ab    program     static ..\ShivTest\main.asm     
                 ShowBins   0x0002b5    program     static ..\ShivTest\main.asm     
                Stickers1   0x0002b9    program     static ..\ShivTest\main.asm     
                 _65loop_   0x0002c3    program     static ..\ShivTest\main.asm     
               FrontLoop1   0x0002cb    program     static ..\ShivTest\main.asm     
                  _65end_   0x0002cb    program     static ..\ShivTest\main.asm     
                 _67loop_   0x0002d2    program     static ..\ShivTest\main.asm     
                  _67end_   0x0002da    program     static ..\ShivTest\main.asm     
                 _69loop_   0x0002e0    program     static ..\ShivTest\main.asm     
                  _69end_   0x0002e8    program     static ..\ShivTest\main.asm     
                Stickers2   0x0002eb    program     static ..\ShivTest\main.asm     
                 _70loop_   0x0002f4    program     static ..\ShivTest\main.asm     
                  _70end_   0x0002fc    program     static ..\ShivTest\main.asm     
               FrontLoop2   0x0002fc    program     static ..\ShivTest\main.asm     
                 _72loop_   0x000303    program     static ..\ShivTest\main.asm     
                  _72end_   0x00030b    program     static ..\ShivTest\main.asm     
                 _74loop_   0x000311    program     static ..\ShivTest\main.asm     
                  _74end_   0x000319    program     static ..\ShivTest\main.asm     
                Locations   0x00031c    program     static ..\ShivTest\main.asm     
                 _75loop_   0x000326    program     static ..\ShivTest\main.asm     
                  _75end_   0x00032e    program     static ..\ShivTest\main.asm     
                FrontLoop   0x00032f    program     static ..\ShivTest\main.asm     
                 _77loop_   0x000336    program     static ..\ShivTest\main.asm     
                  _77end_   0x00033e    program     static ..\ShivTest\main.asm     
                 _82loop_   0x00034f    program     static ..\ShivTest\main.asm     
                  _82end_   0x000357    program     static ..\ShivTest\main.asm     
            TotalDistance   0x00035a    program     static ..\ShivTest\main.asm     
             LEDControlON   0x00036f    program     static ..\ShivTest\main.asm     
             _.org_0_0370   0x000370    program     static ..\ShivTest\main.asm     
     DisplayBlackWhiteIR1   0x000377    program     static ..\ShivTest\main.asm     
     DisplayBlackWhiteIR2   0x000381    program     static ..\ShivTest\main.asm     
         DisplayUSSensor1   0x00038b    program     static ..\ShivTest\main.asm     
         DisplayUSSensor2   0x00038d    program     static ..\ShivTest\main.asm     
             StdRotation1   0x00038f    program     static ..\ShivTest\main.asm     
             _.org_0_0390   0x000390    program     static ..\ShivTest\main.asm     
             StdRotation2   0x000397    program     static ..\ShivTest\main.asm     
             _.org_0_0398   0x000398    program     static ..\ShivTest\main.asm     
    StdRotation1Backwards   0x0003a1    program     static ..\ShivTest\main.asm     
             _.org_0_03A2   0x0003a2    program     static ..\ShivTest\main.asm     
    StdRotation2Backwards   0x0003a9    program     static ..\ShivTest\main.asm     
             _.org_0_03AA   0x0003aa    program     static ..\ShivTest\main.asm     
                   PWMFWD   0x0003b3    program     static ..\ShivTest\main.asm     
             _.org_0_03B4   0x0003b4    program     static ..\ShivTest\main.asm     
                  PWMBACK   0x0003d6    program     static ..\ShivTest\main.asm     
             _.org_0_03D7   0x0003d7    program     static ..\ShivTest\main.asm     
                  PWMSTOP   0x0003f8    program     static ..\ShivTest\main.asm     
             Switch_Lines   0x0003fd    program     static ..\ShivTest\main.asm     
            Clear_Display   0x000400    program     static ..\ShivTest\main.asm     
                    HalfS   0x000403    program     static ..\ShivTest\main.asm     
                _0HalfS_0   0x000409    program     static ..\ShivTest\main.asm     
             _.org_0_040A   0x00040a    program     static ..\ShivTest\main.asm     
             _.org_0_040C   0x00040c    program     static ..\ShivTest\main.asm     
             _.org_0_040F   0x00040f    program     static ..\ShivTest\main.asm     
                   DELAY1   0x000413    program     static ..\ShivTest\main.asm     
                  Delay_0   0x000419    program     static ..\ShivTest\main.asm     
             _.org_0_041A   0x00041a    program     static ..\ShivTest\main.asm     
             _.org_0_041C   0x00041c    program     static ..\ShivTest\main.asm     
                   DELAY2   0x000420    program     static ..\ShivTest\main.asm     
                 Delay_02   0x000424    program     static ..\ShivTest\main.asm     
             _.org_0_0425   0x000425    program     static ..\ShivTest\main.asm     
             _.org_0_0428   0x000428    program     static ..\ShivTest\main.asm     
                Init_TMR0   0x00042a    program     static ..\ShivTest\main.asm     
                 show_RTC   0x000432    program     static ..\ShivTest\main.asm     
             set_rtc_time   0x000492    program     static ..\ShivTest\main.asm     
                     OneS   0x0004ae    program     static ..\ShivTest\main.asm     
                 _0OneS_0   0x0004b4    program     static ..\ShivTest\main.asm     
             _.org_0_04B5   0x0004b5    program     static ..\ShivTest\main.asm     
             _.org_0_04B7   0x0004b7    program     static ..\ShivTest\main.asm     
             _.org_0_04BA   0x0004ba    program     static ..\ShivTest\main.asm     
             lcdLongDelay   0x0004be    program     static ..\ShivTest\main.asm     
                 LLD_LOOP   0x0004c0    program     static ..\ShivTest\main.asm     
             _.org_0_04C3   0x0004c3    program     static ..\ShivTest\main.asm     
              Welcome_Msg   0x0004c7    program     static ..\ShivTest\main.asm     
       Welcome_MsgEntries   0x0004d0    program     static ..\ShivTest\main.asm     
             Welcome_Msg2   0x0004f9    program     static ..\ShivTest\main.asm     
      Welcome_Msg2Entries   0x000502    program     static ..\ShivTest\main.asm     
             FinalMessage   0x000517    program     static ..\ShivTest\main.asm     
      FinalMessageEntries   0x000520    program     static ..\ShivTest\main.asm     
                DectoChar   0x000537    program     static ..\ShivTest\main.asm     
         DectoCharEntries   0x000540    program     static ..\ShivTest\main.asm     
           StickerColours   0x00054b    program     static ..\ShivTest\main.asm     
    StickerColoursEntries   0x000554    program     static ..\ShivTest\main.asm     
            FrontStickers   0x000557    program     static ..\ShivTest\main.asm     
     FrontStickersEntries   0x000560    program     static ..\ShivTest\main.asm     
             BackStickers   0x000566    program     static ..\ShivTest\main.asm     
      BackStickersEntries   0x00056f    program     static ..\ShivTest\main.asm     
                   Spacee   0x000574    program     static ..\ShivTest\main.asm     
            SpaceeEntries   0x00057d    program     static ..\ShivTest\main.asm     
                    Colon   0x00057f    program     static ..\ShivTest\main.asm     
             ColonEntries   0x000588    program     static ..\ShivTest\main.asm     
                Distances   0x00058a    program     static ..\ShivTest\main.asm     
         DistancesEntries   0x000593    program     static ..\ShivTest\main.asm     
         i2c_common_setup   0x00059f    program     extern ..\ShivTest\i2c_common.asm
              _.code_0010   0x0005af    program     static ..\ShivTest\i2c_common.asm
                write_rtc   0x0005b1    program     extern ..\ShivTest\i2c_common.asm
              _.code_0016   0x0005b5    program     static ..\ShivTest\i2c_common.asm
              _.code_001E   0x0005bd    program     static ..\ShivTest\i2c_common.asm
              _.code_002E   0x0005cd    program     static ..\ShivTest\i2c_common.asm
              _.code_003E   0x0005dd    program     static ..\ShivTest\i2c_common.asm
                   WR_ERR   0x0005e5    program     static ..\ShivTest\i2c_common.asm
                   WR_END   0x0005e6    program     static ..\ShivTest\i2c_common.asm
              _.code_004B   0x0005ea    program     static ..\ShivTest\i2c_common.asm
                 read_rtc   0x0005ec    program     extern ..\ShivTest\i2c_common.asm
              _.code_0051   0x0005f0    program     static ..\ShivTest\i2c_common.asm
              _.code_0059   0x0005f8    program     static ..\ShivTest\i2c_common.asm
              _.code_0069   0x000608    program     static ..\ShivTest\i2c_common.asm
              _.code_0074   0x000613    program     static ..\ShivTest\i2c_common.asm
              _.code_007C   0x00061b    program     static ..\ShivTest\i2c_common.asm
              _.code_0087   0x000626    program     static ..\ShivTest\i2c_common.asm
              _.code_0093   0x000632    program     static ..\ShivTest\i2c_common.asm
                   RD_ERR   0x000634    program     static ..\ShivTest\i2c_common.asm
                   RD_END   0x000635    program     static ..\ShivTest\i2c_common.asm
              _.code_009A   0x000639    program     static ..\ShivTest\i2c_common.asm
              rtc_convert   0x00063b    program     extern ..\ShivTest\i2c_common.asm
                p2p_write   0x000649    program     extern ..\ShivTest\i2c_common.asm
              _.code_00AE   0x00064d    program     static ..\ShivTest\i2c_common.asm
              _.code_00B6   0x000655    program     static ..\ShivTest\i2c_common.asm
              _.code_00C6   0x000665    program     static ..\ShivTest\i2c_common.asm
                    W_END   0x00066d    program     static ..\ShivTest\i2c_common.asm
              _.code_00D2   0x000671    program     static ..\ShivTest\i2c_common.asm
                 p2p_read   0x000673    program     extern ..\ShivTest\i2c_common.asm
              _.code_00D8   0x000677    program     static ..\ShivTest\i2c_common.asm
              _.code_00E0   0x00067f    program     static ..\ShivTest\i2c_common.asm
              _.code_00EB   0x00068a    program     static ..\ShivTest\i2c_common.asm
              _.code_00F7   0x000696    program     static ..\ShivTest\i2c_common.asm
                    R_END   0x000697    program     static ..\ShivTest\i2c_common.asm
              _.code_00FC   0x00069b    program     static ..\ShivTest\i2c_common.asm
                  InitLCD   0x00069d    program     extern ..\ShivTest\lcd.asm      
                   ClrLCD   0x0006bb    program     extern ..\ShivTest\lcd.asm      
                   WR_INS   0x0006be    program     extern ..\ShivTest\lcd.asm      
                  WR_DATA   0x0006cd    program     extern ..\ShivTest\lcd.asm      
             lcdLongDelay   0x0006de    program     static ..\ShivTest\lcd.asm      
                 LLD_LOOP   0x0006e0    program     static ..\ShivTest\lcd.asm      
              _.code_0046   0x0006e3    program     static ..\ShivTest\lcd.asm      
                  lcd_tmp   0x000070       data     static ..\ShivTest\lcd.asm      
                   lcd_d1   0x000071       data     static ..\ShivTest\lcd.asm      
                   lcd_d2   0x000072       data     static ..\ShivTest\lcd.asm      
                      com   0x000073       data     static ..\ShivTest\lcd.asm      
                      dat   0x000074       data     static ..\ShivTest\lcd.asm      


